../Drivers/BSP/S2868A1/s2868a1.c:222:6:S2868A1_RADIO_GPIO_Init_Update	64	static
../Drivers/BSP/S2868A1/s2868a1.c:292:13:S2868A1_RADIO_GPIO_Init	64	static
../Drivers/BSP/S2868A1/s2868a1.c:350:13:GPIO_DeInit	32	static
../Drivers/BSP/S2868A1/s2868a1.c:372:13:S2868A1_SPI_CS_Init	32	static
../Drivers/BSP/S2868A1/s2868a1.c:394:9:S2868A1_SPI_SendRecvWrapper	32	static
../Drivers/BSP/S2868A1/s2868a1.c:418:16:EEPROM_WaitEndWriteOperation	24	static
../Drivers/BSP/S2868A1/s2868a1.c:450:9:S2868A1_LED_Init	40	static
../Drivers/BSP/S2868A1/s2868a1.c:475:9:S2868A1_LED_On	16	static
../Drivers/BSP/S2868A1/s2868a1.c:489:9:S2868A1_LED_Off	16	static
../Drivers/BSP/S2868A1/s2868a1.c:502:9:S2868A1_LED_Toggle	16	static
../Drivers/BSP/S2868A1/s2868a1.c:517:9:S2868A1_LED_GetState	16	static
../Drivers/BSP/S2868A1/s2868a1.c:531:9:S2868A1_RADIO_Init	32	static
../Drivers/BSP/S2868A1/s2868a1.c:557:9:S2868A1_RADIO_DeInit	8	static
../Drivers/BSP/S2868A1/s2868a1.c:566:9:S2868A1_RADIO_Reset	4	static
../Drivers/BSP/S2868A1/s2868a1.c:575:9:S2868A1_RADIO_BoardSetXO	16	static
../Drivers/BSP/S2868A1/s2868a1.c:585:9:S2868A1_RADIO_GetWakeUpTime	4	static
../Drivers/BSP/S2868A1/s2868a1.c:594:9:S2868A1_RADIO_EnterShutdown	8	static
../Drivers/BSP/S2868A1/s2868a1.c:604:9:S2868A1_RADIO_ExitShutdown	8	static
../Drivers/BSP/S2868A1/s2868a1.c:616:9:S2868A1_RADIO_CheckShutdown	16	static
../Drivers/BSP/S2868A1/s2868a1.c:627:9:S2868A1_RADIO_CheckRfFrequency	16	static
../Drivers/BSP/S2868A1/s2868a1.c:648:9:S2868A1_RADIO_IoIrqEnable	24	static
../Drivers/BSP/S2868A1/s2868a1.c:670:9:S2868A1_RADIO_IoIrqDisable	24	static
../Drivers/BSP/S2868A1/s2868a1.c:687:9:S2868A1_EEPROM_Init	40	static
../Drivers/BSP/S2868A1/s2868a1.c:713:10:S2868A1_EEPROM_DeInit	40	static
../Drivers/BSP/S2868A1/s2868a1.c:733:9:BSP_EEPROM_SetSrwd	24	static
../Drivers/BSP/S2868A1/s2868a1.c:755:9:BSP_EEPROM_ResetSrwd	24	static
../Drivers/BSP/S2868A1/s2868a1.c:780:9:BSP_EEPROM_WriteEnable	24	static
../Drivers/BSP/S2868A1/s2868a1.c:813:9:S2868A1_EEPROM_WritePage	296	static
../Drivers/BSP/S2868A1/s2868a1.c:854:9:S2868A1_EEPROM_ReadPage	296	static
../Drivers/BSP/S2868A1/s2868a1.c:887:9:S2868A1_EEPROM_IsReady	32	static
../Drivers/BSP/S2868A1/s2868a1.c:914:9:S2868A1_RADIO_EnableTCXO	32	static
../Drivers/BSP/S2868A1/s2868a1.c:932:13:FEM_Operation	16	static
