Archive member included to satisfy reference by file (symbol)

C:/ST/STM32CubeIDE_1.18.0/STM32CubeIDE/plugins/com.st.stm32cube.ide.mcu.externaltools.gnu-tools-for-stm32.13.3.rel1.win32_1.0.0.202411081344/tools/bin/../lib/gcc/arm-none-eabi/13.3.1/../../../../arm-none-eabi/lib/thumb/v7e-m+fp/hard\libc.a(libc_a-exit.o)
                              C:/ST/STM32CubeIDE_1.18.0/STM32CubeIDE/plugins/com.st.stm32cube.ide.mcu.externaltools.gnu-tools-for-stm32.13.3.rel1.win32_1.0.0.202411081344/tools/bin/../lib/gcc/arm-none-eabi/13.3.1/../../../../arm-none-eabi/lib/thumb/v7e-m+fp/hard/crt0.o (exit)
C:/ST/STM32CubeIDE_1.18.0/STM32CubeIDE/plugins/com.st.stm32cube.ide.mcu.externaltools.gnu-tools-for-stm32.13.3.rel1.win32_1.0.0.202411081344/tools/bin/../lib/gcc/arm-none-eabi/13.3.1/../../../../arm-none-eabi/lib/thumb/v7e-m+fp/hard\libc.a(libc_a-findfp.o)
                              C:/ST/STM32CubeIDE_1.18.0/STM32CubeIDE/plugins/com.st.stm32cube.ide.mcu.externaltools.gnu-tools-for-stm32.13.3.rel1.win32_1.0.0.202411081344/tools/bin/../lib/gcc/arm-none-eabi/13.3.1/../../../../arm-none-eabi/lib/thumb/v7e-m+fp/hard\libc.a(libc_a-exit.o) (__stdio_exit_handler)
C:/ST/STM32CubeIDE_1.18.0/STM32CubeIDE/plugins/com.st.stm32cube.ide.mcu.externaltools.gnu-tools-for-stm32.13.3.rel1.win32_1.0.0.202411081344/tools/bin/../lib/gcc/arm-none-eabi/13.3.1/../../../../arm-none-eabi/lib/thumb/v7e-m+fp/hard\libc.a(libc_a-fwalk.o)
                              C:/ST/STM32CubeIDE_1.18.0/STM32CubeIDE/plugins/com.st.stm32cube.ide.mcu.externaltools.gnu-tools-for-stm32.13.3.rel1.win32_1.0.0.202411081344/tools/bin/../lib/gcc/arm-none-eabi/13.3.1/../../../../arm-none-eabi/lib/thumb/v7e-m+fp/hard\libc.a(libc_a-findfp.o) (_fwalk_sglue)
C:/ST/STM32CubeIDE_1.18.0/STM32CubeIDE/plugins/com.st.stm32cube.ide.mcu.externaltools.gnu-tools-for-stm32.13.3.rel1.win32_1.0.0.202411081344/tools/bin/../lib/gcc/arm-none-eabi/13.3.1/../../../../arm-none-eabi/lib/thumb/v7e-m+fp/hard\libc.a(libc_a-stdio.o)
                              C:/ST/STM32CubeIDE_1.18.0/STM32CubeIDE/plugins/com.st.stm32cube.ide.mcu.externaltools.gnu-tools-for-stm32.13.3.rel1.win32_1.0.0.202411081344/tools/bin/../lib/gcc/arm-none-eabi/13.3.1/../../../../arm-none-eabi/lib/thumb/v7e-m+fp/hard\libc.a(libc_a-findfp.o) (__sread)
C:/ST/STM32CubeIDE_1.18.0/STM32CubeIDE/plugins/com.st.stm32cube.ide.mcu.externaltools.gnu-tools-for-stm32.13.3.rel1.win32_1.0.0.202411081344/tools/bin/../lib/gcc/arm-none-eabi/13.3.1/../../../../arm-none-eabi/lib/thumb/v7e-m+fp/hard\libc.a(libc_a-vsnprintf.o)
                              ./X-CUBE-SUBG2/Target/logger.o (vsnprintf)
C:/ST/STM32CubeIDE_1.18.0/STM32CubeIDE/plugins/com.st.stm32cube.ide.mcu.externaltools.gnu-tools-for-stm32.13.3.rel1.win32_1.0.0.202411081344/tools/bin/../lib/gcc/arm-none-eabi/13.3.1/../../../../arm-none-eabi/lib/thumb/v7e-m+fp/hard\libc.a(libc_a-memset.o)
                              C:/ST/STM32CubeIDE_1.18.0/STM32CubeIDE/plugins/com.st.stm32cube.ide.mcu.externaltools.gnu-tools-for-stm32.13.3.rel1.win32_1.0.0.202411081344/tools/bin/../lib/gcc/arm-none-eabi/13.3.1/../../../../arm-none-eabi/lib/thumb/v7e-m+fp/hard/crt0.o (memset)
C:/ST/STM32CubeIDE_1.18.0/STM32CubeIDE/plugins/com.st.stm32cube.ide.mcu.externaltools.gnu-tools-for-stm32.13.3.rel1.win32_1.0.0.202411081344/tools/bin/../lib/gcc/arm-none-eabi/13.3.1/../../../../arm-none-eabi/lib/thumb/v7e-m+fp/hard\libc.a(libc_a-closer.o)
                              C:/ST/STM32CubeIDE_1.18.0/STM32CubeIDE/plugins/com.st.stm32cube.ide.mcu.externaltools.gnu-tools-for-stm32.13.3.rel1.win32_1.0.0.202411081344/tools/bin/../lib/gcc/arm-none-eabi/13.3.1/../../../../arm-none-eabi/lib/thumb/v7e-m+fp/hard\libc.a(libc_a-stdio.o) (_close_r)
C:/ST/STM32CubeIDE_1.18.0/STM32CubeIDE/plugins/com.st.stm32cube.ide.mcu.externaltools.gnu-tools-for-stm32.13.3.rel1.win32_1.0.0.202411081344/tools/bin/../lib/gcc/arm-none-eabi/13.3.1/../../../../arm-none-eabi/lib/thumb/v7e-m+fp/hard\libc.a(libc_a-reent.o)
                              C:/ST/STM32CubeIDE_1.18.0/STM32CubeIDE/plugins/com.st.stm32cube.ide.mcu.externaltools.gnu-tools-for-stm32.13.3.rel1.win32_1.0.0.202411081344/tools/bin/../lib/gcc/arm-none-eabi/13.3.1/../../../../arm-none-eabi/lib/thumb/v7e-m+fp/hard\libc.a(libc_a-closer.o) (errno)
C:/ST/STM32CubeIDE_1.18.0/STM32CubeIDE/plugins/com.st.stm32cube.ide.mcu.externaltools.gnu-tools-for-stm32.13.3.rel1.win32_1.0.0.202411081344/tools/bin/../lib/gcc/arm-none-eabi/13.3.1/../../../../arm-none-eabi/lib/thumb/v7e-m+fp/hard\libc.a(libc_a-impure.o)
                              C:/ST/STM32CubeIDE_1.18.0/STM32CubeIDE/plugins/com.st.stm32cube.ide.mcu.externaltools.gnu-tools-for-stm32.13.3.rel1.win32_1.0.0.202411081344/tools/bin/../lib/gcc/arm-none-eabi/13.3.1/../../../../arm-none-eabi/lib/thumb/v7e-m+fp/hard\libc.a(libc_a-vsnprintf.o) (_impure_ptr)
[...]
Memory Configuration

Name             Origin             Length             Attributes
RAM              0x20000000         0x00018000         xrw
RAM2             0x10000000         0x00008000         xrw
FLASH            0x08000000         0x00100000         xr
*default*        0x00000000         0xffffffff

Linker script and memory map

LOAD C:/ST/STM32CubeIDE_1.18.0/STM32CubeIDE/plugins/com.st.stm32cube.ide.mcu.externaltools.gnu-tools-for-stm32.13.3.rel1.win32_1.0.0.202411081344/tools/bin/../lib/gcc/arm-none-eabi/13.3.1/thumb/v7e-m+fp/hard/crti.o
LOAD C:/ST/STM32CubeIDE_1.18.0/STM32CubeIDE/plugins/com.st.stm32cube.ide.mcu.externaltools.gnu-tools-for-stm32.13.3.rel1.win32_1.0.0.202411081344/tools/bin/../lib/gcc/arm-none-eabi/13.3.1/thumb/v7e-m+fp/hard/crtbegin.o
LOAD C:/ST/STM32CubeIDE_1.18.0/STM32CubeIDE/plugins/com.st.stm32cube.ide.mcu.externaltools.gnu-tools-for-stm32.13.3.rel1.win32_1.0.0.202411081344/tools/bin/../lib/gcc/arm-none-eabi/13.3.1/../../../../arm-none-eabi/lib/thumb/v7e-m+fp/hard/crt0.o
LOAD ./Core/Src/bsp.o
LOAD ./Core/Src/custom_bus.o
LOAD ./Core/Src/gpio.o
LOAD ./Core/Src/main.o
LOAD ./Core/Src/stm32l4xx_hal_msp.o
LOAD ./Core/Src/stm32l4xx_it.o
LOAD ./Core/Src/syscalls.o
LOAD ./Core/Src/sysmem.o
LOAD ./Core/Src/system_stm32l4xx.o
LOAD ./Core/Src/usart.o
LOAD ./Core/Startup/startup_stm32l476rgtx.o
LOAD ./Drivers/BSP/Components/S2LP/S2LP_Library/src/S2LP_Commands.o
LOAD ./Drivers/BSP/Components/S2LP/S2LP_Library/src/S2LP_Csma.o
LOAD ./Drivers/BSP/Components/S2LP/S2LP_Library/src/S2LP_Fifo.o
LOAD ./Drivers/BSP/Components/S2LP/S2LP_Library/src/S2LP_General.o
LOAD ./Drivers/BSP/Components/S2LP/S2LP_Library/src/S2LP_Gpio.o
LOAD ./Drivers/BSP/Components/S2LP/S2LP_Library/src/S2LP_PacketHandler.o
LOAD ./Drivers/BSP/Components/S2LP/S2LP_Library/src/S2LP_PktBasic.o
LOAD ./Drivers/BSP/Components/S2LP/S2LP_Library/src/S2LP_PktStack.o
LOAD ./Drivers/BSP/Components/S2LP/S2LP_Library/src/S2LP_PktWMbus.o
LOAD ./Drivers/BSP/Components/S2LP/S2LP_Library/src/S2LP_Qi.o
LOAD ./Drivers/BSP/Components/S2LP/S2LP_Library/src/S2LP_Radio.o
LOAD ./Drivers/BSP/Components/S2LP/S2LP_Library/src/S2LP_Timer.o
LOAD ./Drivers/BSP/Components/S2LP/S2LP_Library/src/S2LP_Timer_ex.o
LOAD ./Drivers/BSP/Components/S2LP/S2LP_Library/src/S2LP_Types.o
LOAD ./Drivers/BSP/Components/S2LP/s2lp.o
LOAD ./Drivers/BSP/S2868A1/s2868a1.o
LOAD ./Drivers/BSP/custom/custom.o
LOAD ./Drivers/STM32L4xx_HAL_Driver/Src/stm32l4xx_hal.o
LOAD ./Drivers/STM32L4xx_HAL_Driver/Src/stm32l4xx_hal_cortex.o
LOAD ./Drivers/STM32L4xx_HAL_Driver/Src/stm32l4xx_hal_dma.o
LOAD ./Drivers/STM32L4xx_HAL_Driver/Src/stm32l4xx_hal_dma_ex.o
LOAD ./Drivers/STM32L4xx_HAL_Driver/Src/stm32l4xx_hal_exti.o
LOAD ./Drivers/STM32L4xx_HAL_Driver/Src/stm32l4xx_hal_flash.o
LOAD ./Drivers/STM32L4xx_HAL_Driver/Src/stm32l4xx_hal_flash_ex.o
LOAD ./Drivers/STM32L4xx_HAL_Driver/Src/stm32l4xx_hal_flash_ramfunc.o
LOAD ./Drivers/STM32L4xx_HAL_Driver/Src/stm32l4xx_hal_gpio.o
LOAD ./Drivers/STM32L4xx_HAL_Driver/Src/stm32l4xx_hal_i2c.o
LOAD ./Drivers/STM32L4xx_HAL_Driver/Src/stm32l4xx_hal_i2c_ex.o
LOAD ./Drivers/STM32L4xx_HAL_Driver/Src/stm32l4xx_hal_pwr.o
LOAD ./Drivers/STM32L4xx_HAL_Driver/Src/stm32l4xx_hal_pwr_ex.o
LOAD ./Drivers/STM32L4xx_HAL_Driver/Src/stm32l4xx_hal_rcc.o
LOAD ./Drivers/STM32L4xx_HAL_Driver/Src/stm32l4xx_hal_rcc_ex.o
LOAD ./Drivers/STM32L4xx_HAL_Driver/Src/stm32l4xx_hal_spi.o
LOAD ./Drivers/STM32L4xx_HAL_Driver/Src/stm32l4xx_hal_spi_ex.o
LOAD ./Drivers/STM32L4xx_HAL_Driver/Src/stm32l4xx_hal_uart.o
LOAD ./Drivers/STM32L4xx_HAL_Driver/Src/stm32l4xx_hal_uart_ex.o
LOAD ./X-CUBE-SUBG2/App/app_x-cube-subg2.o
LOAD ./X-CUBE-SUBG2/Target/logger.o
LOAD ./X-CUBE-SUBG2/Target/s2lp_management.o
START GROUP
LOAD C:/ST/STM32CubeIDE_1.18.0/STM32CubeIDE/plugins/com.st.stm32cube.ide.mcu.externaltools.gnu-tools-for-stm32.13.3.rel1.win32_1.0.0.202411081344/tools/bin/../lib/gcc/arm-none-eabi/13.3.1/../../../../arm-none-eabi/lib/thumb/v7e-m+fp/hard\libc.a
LOAD C:/ST/STM32CubeIDE_1.18.0/STM32CubeIDE/plugins/com.st.stm32cube.ide.mcu.externaltools.gnu-tools-for-stm32.13.3.rel1.win32_1.0.0.202411081344/tools/bin/../lib/gcc/arm-none-eabi/13.3.1/../../../../arm-none-eabi/lib/thumb/v7e-m+fp/hard\libm.a
END GROUP
START GROUP
LOAD C:/ST/STM32CubeIDE_1.18.0/STM32CubeIDE/plugins/com.st.stm32cube.ide.mcu.externaltools.gnu-tools-for-stm32.13.3.rel1.win32_1.0.0.202411081344/tools/bin/../lib/gcc/arm-none-eabi/13.3.1/thumb/v7e-m+fp/hard\libgcc.a
LOAD C:/ST/STM32CubeIDE_1.18.0/STM32CubeIDE/plugins/com.st.stm32cube.ide.mcu.externaltools.gnu-tools-for-stm32.13.3.rel1.win32_1.0.0.202411081344/tools/bin/../lib/gcc/arm-none-eabi/13.3.1/../../../../arm-none-eabi/lib/thumb/v7e-m+fp/hard\libc.a
END GROUP
START GROUP
LOAD C:/ST/STM32CubeIDE_1.18.0/STM32CubeIDE/plugins/com.st.stm32cube.ide.mcu.externaltools.gnu-tools-for-stm32.13.3.rel1.win32_1.0.0.202411081344/tools/bin/../lib/gcc/arm-none-eabi/13.3.1/thumb/v7e-m+fp/hard\libgcc.a
LOAD C:/ST/STM32CubeIDE_1.18.0/STM32CubeIDE/plugins/com.st.stm32cube.ide.mcu.externaltools.gnu-tools-for-stm32.13.3.rel1.win32_1.0.0.202411081344/tools/bin/../lib/gcc/arm-none-eabi/13.3.1/../../../../arm-none-eabi/lib/thumb/v7e-m+fp/hard\libc.a
LOAD C:/ST/STM32CubeIDE_1.18.0/STM32CubeIDE/plugins/com.st.stm32cube.ide.mcu.externaltools.gnu-tools-for-stm32.13.3.rel1.win32_1.0.0.202411081344/tools/bin/../lib/gcc/arm-none-eabi/13.3.1/../../../../arm-none-eabi/lib/thumb/v7e-m+fp/hard\libnosys.a
END GROUP
LOAD C:/ST/STM32CubeIDE_1.18.0/STM32CubeIDE/plugins/com.st.stm32cube.ide.mcu.externaltools.gnu-tools-for-stm32.13.3.rel1.win32_1.0.0.202411081344/tools/bin/../lib/gcc/arm-none-eabi/13.3.1/thumb/v7e-m+fp/hard/crtend.o
LOAD C:/ST/STM32CubeIDE_1.18.0/STM32CubeIDE/plugins/com.st.stm32cube.ide.mcu.externaltools.gnu-tools-for-stm32.13.3.rel1.win32_1.0.0.202411081344/tools/bin/../lib/gcc/arm-none-eabi/13.3.1/thumb/v7e-m+fp/hard/crtn.o
                0x20018000                        _estack = (ORIGIN (RAM) + LENGTH (RAM))
                0x00000200                        _Min_Heap_Size = 0x200
                0x00000400                        _Min_Stack_Size = 0x400

.isr_vector     0x08000000      0x188
                0x08000000                        . = ALIGN (0x4)
 *(.isr_vector)
 .isr_vector    0x08000000      0x188 ./Core/Startup/startup_stm32l476rgtx.o
                0x08000000                g_pfnVectors
                0x08000188                        . = ALIGN (0x4)

.text           0x08000190     0xc7dc
                0x08000190                        . = ALIGN (0x4)
 *(.text)
 .text          0x08000190       0x40 C:/ST/STM32CubeIDE_1.18.0/STM32CubeIDE/plugins/com.st.stm32cube.ide.mcu.externaltools.gnu-tools-for-stm32.13.3.rel1.win32_1.0.0.202411081344/tools/bin/../lib/gcc/arm-none-eabi/13.3.1/thumb/v7e-m+fp/hard/crtbegin.o
 .text          0x080001d0       0x10 C:/ST/STM32CubeIDE_1.18.0/STM32CubeIDE/plugins/com.st.stm32cube.ide.mcu.externaltools.gnu-tools-for-stm32.13.3.rel1.win32_1.0.0.202411081344/tools/bin/../lib/gcc/arm-none-eabi/13.3.1/../../../../arm-none-eabi/lib/thumb/v7e-m+fp/hard\libc.a(libc_a-strlen.o)
                0x080001d0                strlen
 .text          0x080001e0       0xa0 C:/ST/STM32CubeIDE_1.18.0/STM32CubeIDE/plugins/com.st.stm32cube.ide.mcu.externaltools.gnu-tools-for-stm32.13.3.rel1.win32_1.0.0.202411081344/tools/bin/../lib/gcc/arm-none-eabi/13.3.1/../../../../arm-none-eabi/lib/thumb/v7e-m+fp/hard\libc.a(libc_a-memchr.o)
                0x080001e0                memchr
 .text          0x08000280      0x378 C:/ST/STM32CubeIDE_1.18.0/STM32CubeIDE/plugins/com.st.stm32cube.ide.mcu.externaltools.gnu-tools-for-stm32.13.3.rel1.win32_1.0.0.202411081344/tools/bin/../lib/gcc/arm-none-eabi/13.3.1/thumb/v7e-m+fp/hard\libgcc.a(_arm_addsubdf3.o)
                0x08000280                __aeabi_drsub
                0x08000288                __aeabi_dsub
                0x08000288                __subdf3
                0x0800028c                __aeabi_dadd
                0x0800028c                __adddf3
                0x08000504                __floatunsidf
                0x08000504                __aeabi_ui2d
                0x08000524                __floatsidf
                0x08000524                __aeabi_i2d
                0x08000548                __aeabi_f2d
                0x08000548                __extendsfdf2
                0x0800058c                __floatundidf
                0x0800058c                __aeabi_ul2d
                0x0800059c                __floatdidf
                0x0800059c                __aeabi_l2d
 .text          0x080005f8      0x424 C:/ST/STM32CubeIDE_1.18.0/STM32CubeIDE/plugins/com.st.stm32cube.ide.mcu.externaltools.gnu-tools-for-stm32.13.3.rel1.win32_1.0.0.202411081344/tools/bin/../lib/gcc/arm-none-eabi/13.3.1/thumb/v7e-m+fp/hard\libgcc.a(_arm_muldivdf3.o)
                0x080005f8                __aeabi_dmul
                0x080005f8                __muldf3
                0x0800084c                __divdf3
                0x0800084c                __aeabi_ddiv
 .text          0x08000a1c      0x110 C:/ST/STM32CubeIDE_1.18.0/STM32CubeIDE/plugins/com.st.stm32cube.ide.mcu.externaltools.gnu-tools-for-stm32.13.3.rel1.win32_1.0.0.202411081344/tools/bin/../lib/gcc/arm-none-eabi/13.3.1/thumb/v7e-m+fp/hard\libgcc.a(_arm_cmpdf2.o)
                0x08000a1c                __gtdf2
                0x08000a1c                __gedf2
                0x08000a24                __ltdf2
                0x08000a24                __ledf2
                0x08000a2c                __nedf2
                0x08000a2c                __eqdf2
                0x08000a2c                __cmpdf2
                0x08000aa8                __aeabi_cdrcmple
                0x08000ab8                __aeabi_cdcmpeq
                0x08000ab8                __aeabi_cdcmple
                0x08000ac8                __aeabi_dcmpeq
                0x08000adc                __aeabi_dcmplt
                0x08000af0                __aeabi_dcmple
                0x08000b04                __aeabi_dcmpge
                0x08000b18                __aeabi_dcmpgt
 .text          0x08000b2c       0x2c C:/ST/STM32CubeIDE_1.18.0/STM32CubeIDE/plugins/com.st.stm32cube.ide.mcu.externaltools.gnu-tools-for-stm32.13.3.rel1.win32_1.0.0.202411081344/tools/bin/../lib/gcc/arm-none-eabi/13.3.1/thumb/v7e-m+fp/hard\libgcc.a(_arm_unorddf2.o)
                0x08000b2c                __unorddf2
                0x08000b2c                __aeabi_dcmpun
 .text          0x08000b58       0x50 C:/ST/STM32CubeIDE_1.18.0/STM32CubeIDE/plugins/com.st.stm32cube.ide.mcu.externaltools.gnu-tools-for-stm32.13.3.rel1.win32_1.0.0.202411081344/tools/bin/../lib/gcc/arm-none-eabi/13.3.1/thumb/v7e-m+fp/hard\libgcc.a(_arm_fixdfsi.o)
                0x08000b58                __aeabi_d2iz
                0x08000b58                __fixdfsi
 .text          0x08000ba8       0x30 C:/ST/STM32CubeIDE_1.18.0/STM32CubeIDE/plugins/com.st.stm32cube.ide.mcu.externaltools.gnu-tools-for-stm32.13.3.rel1.win32_1.0.0.202411081344/tools/bin/../lib/gcc/arm-none-eabi/13.3.1/thumb/v7e-m+fp/hard\libgcc.a(_aeabi_uldivmod.o)
                0x08000ba8                __aeabi_uldivmod
 .text          0x08000bd8      0x2f8 C:/ST/STM32CubeIDE_1.18.0/STM32CubeIDE/plugins/com.st.stm32cube.ide.mcu.externaltools.gnu-tools-for-stm32.13.3.rel1.win32_1.0.0.202411081344/tools/bin/../lib/gcc/arm-none-eabi/13.3.1/thumb/v7e-m+fp/hard\libgcc.a(_udivmoddi4.o)
                0x08000bd8                __udivmoddi4
 .text          0x08000ed0        0x4 C:/ST/STM32CubeIDE_1.18.0/STM32CubeIDE/plugins/com.st.stm32cube.ide.mcu.externaltools.gnu-tools-for-stm32.13.3.rel1.win32_1.0.0.202411081344/tools/bin/../lib/gcc/arm-none-eabi/13.3.1/thumb/v7e-m+fp/hard\libgcc.a(_dvmd_tls.o)
                0x08000ed0                __aeabi_idiv0
                0x08000ed0                __aeabi_ldiv0
 *(.text*)
 .text.BSP_SPI1_Init
                0x08000ed4       0x60 ./Core/Src/custom_bus.o
                0x08000ed4                BSP_SPI1_Init
 .text.BSP_SPI1_DeInit
                0x08000f34       0x50 ./Core/Src/custom_bus.o
                0x08000f34                BSP_SPI1_DeInit
 .text.BSP_SPI1_SendRecv
                0x08000f84       0x40 ./Core/Src/custom_bus.o
                0x08000f84                BSP_SPI1_SendRecv
 .text.MX_SPI1_Init
                0x08000fc4       0x84 ./Core/Src/custom_bus.o
                0x08000fc4                MX_SPI1_Init
 .text.SPI1_MspInit
                0x08001048       0xd4 ./Core/Src/custom_bus.o
 .text.SPI1_MspDeInit
                0x0800111c       0x48 ./Core/Src/custom_bus.o
 .text.MX_GPIO_Init
                0x08001164      0x128 ./Core/Src/gpio.o
                0x08001164                MX_GPIO_Init
 .text.main     0x0800128c       0x4c ./Core/Src/main.o
                0x0800128c                main
 .text.SystemClock_Config
                0x080012d8       0xa4 ./Core/Src/main.o
                0x080012d8                SystemClock_Config
 .text.Error_Handler
                0x0800137c        0xc ./Core/Src/main.o
                0x0800137c                Error_Handler
 .text.HAL_MspInit
                0x08001388       0x48 ./Core/Src/stm32l4xx_hal_msp.o
                0x08001388                HAL_MspInit
 .text.NMI_Handler
                0x080013d0        0x8 ./Core/Src/stm32l4xx_it.o
                0x080013d0                NMI_Handler
 .text.HardFault_Handler
                0x080013d8        0x8 ./Core/Src/stm32l4xx_it.o
                0x080013d8                HardFault_Handler
 .text.MemManage_Handler
                0x080013e0        0x8 ./Core/Src/stm32l4xx_it.o
                0x080013e0                MemManage_Handler
 .text.BusFault_Handler
                0x080013e8        0x8 ./Core/Src/stm32l4xx_it.o
                0x080013e8                BusFault_Handler
 .text.UsageFault_Handler
                0x080013f0        0x8 ./Core/Src/stm32l4xx_it.o
                0x080013f0                UsageFault_Handler
 .text.SVC_Handler
                0x080013f8        0xe ./Core/Src/stm32l4xx_it.o
                0x080013f8                SVC_Handler
 .text.DebugMon_Handler
                0x08001406        0xe ./Core/Src/stm32l4xx_it.o
                0x08001406                DebugMon_Handler
 .text.PendSV_Handler
                0x08001414        0xe ./Core/Src/stm32l4xx_it.o
                0x08001414                PendSV_Handler
 .text.SysTick_Handler
                0x08001422        0xc ./Core/Src/stm32l4xx_it.o
                0x08001422                SysTick_Handler
 *fill*         0x0800142e        0x2 
 .text.EXTI0_IRQHandler
                0x08001430       0x14 ./Core/Src/stm32l4xx_it.o
                0x08001430                EXTI0_IRQHandler
 .text.SPI1_IRQHandler
                0x08001444       0x14 ./Core/Src/stm32l4xx_it.o
                0x08001444                SPI1_IRQHandler
 .text.EXTI15_10_IRQHandler
                0x08001458       0x14 ./Core/Src/stm32l4xx_it.o
                0x08001458                EXTI15_10_IRQHandler
 .text._getpid  0x0800146c       0x10 ./Core/Src/syscalls.o
                0x0800146c                _getpid
 .text._kill    0x0800147c       0x20 ./Core/Src/syscalls.o
                0x0800147c                _kill
 .text._exit    0x0800149c       0x16 ./Core/Src/syscalls.o
                0x0800149c                _exit
 .text._read    0x080014b2       0x3a ./Core/Src/syscalls.o
                0x080014b2                _read
 .text._write   0x080014ec       0x38 ./Core/Src/syscalls.o
                0x080014ec                _write
 .text._close   0x08001524       0x18 ./Core/Src/syscalls.o
                0x08001524                _close
 .text._fstat   0x0800153c       0x20 ./Core/Src/syscalls.o
                0x0800153c                _fstat
 .text._isatty  0x0800155c       0x16 ./Core/Src/syscalls.o
                0x0800155c                _isatty
 .text._lseek   0x08001572       0x1a ./Core/Src/syscalls.o
                0x08001572                _lseek
 .text._sbrk    0x0800158c       0x6c ./Core/Src/sysmem.o
                0x0800158c                _sbrk
 .text.SystemInit
                0x080015f8       0x24 ./Core/Src/system_stm32l4xx.o
                0x080015f8                SystemInit
 .text.MX_USART2_UART_Init
                0x0800161c       0x60 ./Core/Src/usart.o
                0x0800161c                MX_USART2_UART_Init
 .text.HAL_UART_MspInit
                0x0800167c       0xb8 ./Core/Src/usart.o
                0x0800167c                HAL_UART_MspInit
 .text.Reset_Handler
                0x08001734       0x50 ./Core/Startup/startup_stm32l476rgtx.o
                0x08001734                Reset_Handler
 .text.Default_Handler
                0x08001784        0x2 ./Core/Startup/startup_stm32l476rgtx.o
                0x08001784                RTC_Alarm_IRQHandler
                0x08001784                EXTI2_IRQHandler
                0x08001784                TIM8_TRG_COM_IRQHandler
                0x08001784                TIM8_CC_IRQHandler
                0x08001784                TIM1_CC_IRQHandler
                0x08001784                TSC_IRQHandler
                0x08001784                TAMP_STAMP_IRQHandler
                0x08001784                EXTI3_IRQHandler
                0x08001784                LPTIM2_IRQHandler
                0x08001784                DFSDM1_FLT1_IRQHandler
                0x08001784                I2C3_ER_IRQHandler
                0x08001784                DFSDM1_FLT2_IRQHandler
                0x08001784                I2C2_EV_IRQHandler
                0x08001784                CAN1_RX0_IRQHandler
                0x08001784                FPU_IRQHandler
                0x08001784                TIM1_UP_TIM16_IRQHandler
                0x08001784                ADC1_2_IRQHandler
                0x08001784                TIM6_DAC_IRQHandler
                0x08001784                TIM8_UP_IRQHandler
                0x08001784                DMA2_Channel2_IRQHandler
                0x08001784                DMA1_Channel4_IRQHandler
                0x08001784                SAI2_IRQHandler
                0x08001784                DFSDM1_FLT3_IRQHandler
                0x08001784                USART3_IRQHandler
                0x08001784                DMA1_Channel7_IRQHandler
                0x08001784                CAN1_RX1_IRQHandler
                0x08001784                LCD_IRQHandler
                0x08001784                UART5_IRQHandler
                0x08001784                ADC3_IRQHandler
                0x08001784                TIM4_IRQHandler
                0x08001784                DMA2_Channel1_IRQHandler
                0x08001784                QUADSPI_IRQHandler
                0x08001784                I2C1_EV_IRQHandler
                0x08001784                DMA1_Channel6_IRQHandler
                0x08001784                UART4_IRQHandler
                0x08001784                DMA2_Channel4_IRQHandler
                0x08001784                TIM3_IRQHandler
                0x08001784                RCC_IRQHandler
                0x08001784                DMA1_Channel1_IRQHandler
                0x08001784                Default_Handler
                0x08001784                DMA2_Channel7_IRQHandler
                0x08001784                TIM7_IRQHandler
                0x08001784                SDMMC1_IRQHandler
                0x08001784                TIM5_IRQHandler
                0x08001784                I2C3_EV_IRQHandler
                0x08001784                EXTI9_5_IRQHandler
                0x08001784                RTC_WKUP_IRQHandler
                0x08001784                PVD_PVM_IRQHandler
                0x08001784                SPI2_IRQHandler
                0x08001784                CAN1_TX_IRQHandler
                0x08001784                DMA2_Channel5_IRQHandler
                0x08001784                DMA1_Channel5_IRQHandler
                0x08001784                EXTI4_IRQHandler
                0x08001784                RNG_IRQHandler
                0x08001784                TIM1_TRG_COM_TIM17_IRQHandler
                0x08001784                DMA1_Channel3_IRQHandler
                0x08001784                COMP_IRQHandler
                0x08001784                WWDG_IRQHandler
                0x08001784                LPUART1_IRQHandler
                0x08001784                DMA2_Channel6_IRQHandler
                0x08001784                TIM2_IRQHandler
                0x08001784                EXTI1_IRQHandler
                0x08001784                USART2_IRQHandler
                0x08001784                DFSDM1_FLT0_IRQHandler
                0x08001784                I2C2_ER_IRQHandler
                0x08001784                DMA1_Channel2_IRQHandler
                0x08001784                TIM8_BRK_IRQHandler
                0x08001784                CAN1_SCE_IRQHandler
                0x08001784                FLASH_IRQHandler
                0x08001784                USART1_IRQHandler
                0x08001784                OTG_FS_IRQHandler
                0x08001784                SPI3_IRQHandler
                0x08001784                I2C1_ER_IRQHandler
                0x08001784                FMC_IRQHandler
                0x08001784                SWPMI1_IRQHandler
                0x08001784                LPTIM1_IRQHandler
                0x08001784                SAI1_IRQHandler
                0x08001784                DMA2_Channel3_IRQHandler
                0x08001784                TIM1_BRK_TIM15_IRQHandler
 *fill*         0x08001786        0x2 
 .text.S2LPCmdStrobeCommand
                0x08001788       0x28 ./Drivers/BSP/Components/S2LP/S2LP_Library/src/S2LP_Commands.o
                0x08001788                S2LPCmdStrobeCommand
 .text.S2LPFifoReadNumberBytesRxFifo
                0x080017b0       0x2c ./Drivers/BSP/Components/S2LP/S2LP_Library/src/S2LP_Fifo.o
                0x080017b0                S2LPFifoReadNumberBytesRxFifo
 .text.S2LPGpioInit
                0x080017dc       0x3c ./Drivers/BSP/Components/S2LP/S2LP_Library/src/S2LP_Gpio.o
                0x080017dc                S2LPGpioInit
 .text.S2LPGpioIrqDeInit
                0x08001818       0x40 ./Drivers/BSP/Components/S2LP/S2LP_Library/src/S2LP_Gpio.o
                0x08001818                S2LPGpioIrqDeInit
 .text.S2LPGpioIrqConfig
                0x08001858       0xb8 ./Drivers/BSP/Components/S2LP/S2LP_Library/src/S2LP_Gpio.o
                0x08001858                S2LPGpioIrqConfig
 .text.S2LPGpioIrqGetStatus
                0x08001910       0x5c ./Drivers/BSP/Components/S2LP/S2LP_Library/src/S2LP_Gpio.o
                0x08001910                S2LPGpioIrqGetStatus
 .text.S2LPGpioIrqClearStatus
                0x0800196c       0x28 ./Drivers/BSP/Components/S2LP/S2LP_Library/src/S2LP_Gpio.o
                0x0800196c                S2LPGpioIrqClearStatus
 .text.S2LPPktCommonFilterOnCrc
                0x08001994       0x58 ./Drivers/BSP/Components/S2LP/S2LP_Library/src/S2LP_PacketHandler.o
                0x08001994                S2LPPktCommonFilterOnCrc
 .text.S2LPGetReceivedDestinationAddress
                0x080019ec       0x2c ./Drivers/BSP/Components/S2LP/S2LP_Library/src/S2LP_PacketHandler.o
                0x080019ec                S2LPGetReceivedDestinationAddress
 .text.S2LPSetRxSourceReferenceAddress
                0x08001a18       0x2c ./Drivers/BSP/Components/S2LP/S2LP_Library/src/S2LP_PacketHandler.o
                0x08001a18                S2LPSetRxSourceReferenceAddress
 .text.S2LPPktBasicInit
                0x08001a44      0x1cc ./Drivers/BSP/Components/S2LP/S2LP_Library/src/S2LP_PktBasic.o
                0x08001a44                S2LPPktBasicInit
 .text.S2LPPktBasicAddressesInit
                0x08001c10       0xb4 ./Drivers/BSP/Components/S2LP/S2LP_Library/src/S2LP_PktBasic.o
                0x08001c10                S2LPPktBasicAddressesInit
 .text.S2LPPktBasicGetAddressField
                0x08001cc4       0x38 ./Drivers/BSP/Components/S2LP/S2LP_Library/src/S2LP_PktBasic.o
                0x08001cc4                S2LPPktBasicGetAddressField
 .text.S2LPPktBasicSetPayloadLength
                0x08001cfc       0x50 ./Drivers/BSP/Components/S2LP/S2LP_Library/src/S2LP_PktBasic.o
                0x08001cfc                S2LPPktBasicSetPayloadLength
 .text.S2LPPktWMbusSetSubmode
                0x08001d4c       0x20 ./Drivers/BSP/Components/S2LP/S2LP_Library/src/S2LP_PktWMbus.o
                0x08001d4c                S2LPPktWMbusSetSubmode
 .text.S2LPPktWMbusGetSubmode
                0x08001d6c       0x18 ./Drivers/BSP/Components/S2LP/S2LP_Library/src/S2LP_PktWMbus.o
                0x08001d6c                S2LPPktWMbusGetSubmode
 .text.S2LPRadioSetRssiThreshdBm
                0x08001d84       0x38 ./Drivers/BSP/Components/S2LP/S2LP_Library/src/S2LP_Qi.o
                0x08001d84                S2LPRadioSetRssiThreshdBm
 .text.S2LPRadioSetSQIThreshold
                0x08001dbc       0x4c ./Drivers/BSP/Components/S2LP/S2LP_Library/src/S2LP_Qi.o
                0x08001dbc                S2LPRadioSetSQIThreshold
 .text.S2LPRadioEnableSQI
                0x08001e08       0x42 ./Drivers/BSP/Components/S2LP/S2LP_Library/src/S2LP_Qi.o
                0x08001e08                S2LPRadioEnableSQI
 *fill*         0x08001e4a        0x2 
 .text.S2LPRadioSearchDatarateME
                0x08001e4c      0x2b8 ./Drivers/BSP/Components/S2LP/S2LP_Library/src/S2LP_Radio.o
                0x08001e4c                S2LPRadioSearchDatarateME
 .text.S2LPRadioSearchFreqDevME
                0x08002104      0x2ec ./Drivers/BSP/Components/S2LP/S2LP_Library/src/S2LP_Radio.o
                0x08002104                S2LPRadioSearchFreqDevME
 .text.S2LPRadioSearchChannelBwME
                0x080023f0      0x224 ./Drivers/BSP/Components/S2LP/S2LP_Library/src/S2LP_Radio.o
                0x080023f0                S2LPRadioSearchChannelBwME
 .text.S2LPRadioComputeDatarate
                0x08002614      0x120 ./Drivers/BSP/Components/S2LP/S2LP_Library/src/S2LP_Radio.o
                0x08002614                S2LPRadioComputeDatarate
 .text.S2LPRadioComputeFreqDeviation
                0x08002734      0x100 ./Drivers/BSP/Components/S2LP/S2LP_Library/src/S2LP_Radio.o
                0x08002734                S2LPRadioComputeFreqDeviation
 .text.S2LPRadioComputeSynthWord
                0x08002834      0x184 ./Drivers/BSP/Components/S2LP/S2LP_Library/src/S2LP_Radio.o
                0x08002834                S2LPRadioComputeSynthWord
 .text.S2LPRadioComputeIF
                0x080029b8       0xec ./Drivers/BSP/Components/S2LP/S2LP_Library/src/S2LP_Radio.o
                0x080029b8                S2LPRadioComputeIF
 .text.S2LPRadioSearchWCP
                0x08002aa4       0xac ./Drivers/BSP/Components/S2LP/S2LP_Library/src/S2LP_Radio.o
                0x08002aa4                S2LPRadioSearchWCP
 .text.S2LPRadioInit
                0x08002b50      0x250 ./Drivers/BSP/Components/S2LP/S2LP_Library/src/S2LP_Radio.o
                0x08002b50                S2LPRadioInit
 .text.S2LPRadioGetRefDiv
                0x08002da0       0x38 ./Drivers/BSP/Components/S2LP/S2LP_Library/src/S2LP_Radio.o
                0x08002da0                S2LPRadioGetRefDiv
 .text.S2LPRadioSetDigDiv
                0x08002dd8       0x58 ./Drivers/BSP/Components/S2LP/S2LP_Library/src/S2LP_Radio.o
                0x08002dd8                S2LPRadioSetDigDiv
 .text.S2LPRadioGetDigDiv
                0x08002e30       0x38 ./Drivers/BSP/Components/S2LP/S2LP_Library/src/S2LP_Radio.o
                0x08002e30                S2LPRadioGetDigDiv
 .text.S2LPRadioSetFrequencyBase
                0x08002e68       0xf4 ./Drivers/BSP/Components/S2LP/S2LP_Library/src/S2LP_Radio.o
                0x08002e68                S2LPRadioSetFrequencyBase
 .text.S2LPRadioSetXtalFrequency
                0x08002f5c       0x20 ./Drivers/BSP/Components/S2LP/S2LP_Library/src/S2LP_Radio.o
                0x08002f5c                S2LPRadioSetXtalFrequency
 .text.S2LPRadioGetXtalFrequency
                0x08002f7c       0x18 ./Drivers/BSP/Components/S2LP/S2LP_Library/src/S2LP_Radio.o
                0x08002f7c                S2LPRadioGetXtalFrequency
 .text.S2LPRadioSetMaxPALevel
                0x08002f94       0x58 ./Drivers/BSP/Components/S2LP/S2LP_Library/src/S2LP_Radio.o
                0x08002f94                S2LPRadioSetMaxPALevel
 .text.S2LPRadioSetPALeveldBm
                0x08002fec       0x54 ./Drivers/BSP/Components/S2LP/S2LP_Library/src/S2LP_Radio.o
                0x08002fec                S2LPRadioSetPALeveldBm
 .text.S2LPRadioSetPALevelMaxIndex
                0x08003040       0x50 ./Drivers/BSP/Components/S2LP/S2LP_Library/src/S2LP_Radio.o
                0x08003040                S2LPRadioSetPALevelMaxIndex
 .text.S2LPTimerComputeRxTimerRegValues
                0x08003090      0x194 ./Drivers/BSP/Components/S2LP/S2LP_Library/src/S2LP_Timer.o
                0x08003090                S2LPTimerComputeRxTimerRegValues
 .text.S2LPTimerSetRxTimerUs
                0x08003224       0x40 ./Drivers/BSP/Components/S2LP/S2LP_Library/src/S2LP_Timer.o
                0x08003224                S2LPTimerSetRxTimerUs
 .text.S2LPTimerSetRxTimerCounter
                0x08003264       0x2c ./Drivers/BSP/Components/S2LP/S2LP_Library/src/S2LP_Timer.o
                0x08003264                S2LPTimerSetRxTimerCounter
 .text.S2LPTimerSetRxTimerStopCondition
                0x08003290       0x9c ./Drivers/BSP/Components/S2LP/S2LP_Library/src/S2LP_Timer.o
                0x08003290                S2LPTimerSetRxTimerStopCondition
 .text.S2LPTimerSetRxTimerMs
                0x0800332c       0x30 ./Drivers/BSP/Components/S2LP/S2LP_Library/src/S2LP_Timer_ex.o
                0x0800332c                S2LPTimerSetRxTimerMs
 .text.S2LPRefreshStatus
                0x0800335c       0x40 ./Drivers/BSP/Components/S2LP/S2LP_Library/src/S2LP_Types.o
                0x0800335c                S2LPRefreshStatus
 .text.S2LP_RegisterBusIO
                0x0800339c       0x48 ./Drivers/BSP/Components/S2LP/s2lp.o
                0x0800339c                S2LP_RegisterBusIO
 .text.S2LP_Init
                0x080033e4       0x20 ./Drivers/BSP/Components/S2LP/s2lp.o
                0x080033e4                S2LP_Init
 .text.S2LP_WriteRegister
                0x08003404       0x48 ./Drivers/BSP/Components/S2LP/s2lp.o
                0x08003404                S2LP_WriteRegister
 .text.S2LP_ReadRegister
                0x0800344c       0x48 ./Drivers/BSP/Components/S2LP/s2lp.o
                0x0800344c                S2LP_ReadRegister
 .text.S2LP_SendCommand
                0x08003494       0x40 ./Drivers/BSP/Components/S2LP/s2lp.o
                0x08003494                S2LP_SendCommand
 .text.S2LP_WriteFIFO
                0x080034d4       0x54 ./Drivers/BSP/Components/S2LP/s2lp.o
                0x080034d4                S2LP_WriteFIFO
 .text.S2LP_ReadFIFO
                0x08003528       0x54 ./Drivers/BSP/Components/S2LP/s2lp.o
                0x08003528                S2LP_ReadFIFO
 .text.S2868A1_RADIO_GPIO_Init
                0x0800357c       0xe4 ./Drivers/BSP/S2868A1/s2868a1.o
 .text.S2868A1_SPI_CS_Init
                0x08003660       0x54 ./Drivers/BSP/S2868A1/s2868a1.o
 .text.S2868A1_SPI_SendRecvWrapper
                0x080036b4       0x8c ./Drivers/BSP/S2868A1/s2868a1.o
 .text.EEPROM_WaitEndWriteOperation
                0x08003740       0x5c ./Drivers/BSP/S2868A1/s2868a1.o
 .text.S2868A1_RADIO_Init
                0x0800379c       0x64 ./Drivers/BSP/S2868A1/s2868a1.o
                0x0800379c                S2868A1_RADIO_Init
 .text.S2868A1_RADIO_EnterShutdown
                0x08003800       0x18 ./Drivers/BSP/S2868A1/s2868a1.o
                0x08003800                S2868A1_RADIO_EnterShutdown
 .text.S2868A1_RADIO_ExitShutdown
                0x08003818       0x1e ./Drivers/BSP/S2868A1/s2868a1.o
                0x08003818                S2868A1_RADIO_ExitShutdown
 *fill*         0x08003836        0x2 
 .text.S2868A1_RADIO_IoIrqEnable
                0x08003838       0x70 ./Drivers/BSP/S2868A1/s2868a1.o
                0x08003838                S2868A1_RADIO_IoIrqEnable
 .text.S2868A1_EEPROM_Init
                0x080038a8       0x58 ./Drivers/BSP/S2868A1/s2868a1.o
                0x080038a8                S2868A1_EEPROM_Init
 .text.BSP_EEPROM_SetSrwd
                0x08003900       0x40 ./Drivers/BSP/S2868A1/s2868a1.o
                0x08003900                BSP_EEPROM_SetSrwd
 .text.BSP_EEPROM_WriteEnable
                0x08003940       0x40 ./Drivers/BSP/S2868A1/s2868a1.o
                0x08003940                BSP_EEPROM_WriteEnable
 .text.S2868A1_EEPROM_ReadPage
                0x08003980       0xdc ./Drivers/BSP/S2868A1/s2868a1.o
                0x08003980                S2868A1_EEPROM_ReadPage
 .text.S2868A1_EEPROM_IsReady
                0x08003a5c       0x54 ./Drivers/BSP/S2868A1/s2868a1.o
                0x08003a5c                S2868A1_EEPROM_IsReady
 .text.S2868A1_RADIO_EnableTCXO
                0x08003ab0       0x64 ./Drivers/BSP/S2868A1/s2868a1.o
                0x08003ab0                S2868A1_RADIO_EnableTCXO
 .text.FEM_Operation
                0x08003b14       0x16 ./Drivers/BSP/S2868A1/s2868a1.o
                0x08003b14                FEM_Operation
 *fill*         0x08003b2a        0x2 
 .text.BSP_LED_Init
                0x08003b2c       0x24 ./Drivers/BSP/custom/custom.o
                0x08003b2c                BSP_LED_Init
 .text.BSP_LED_On
                0x08003b50       0x2c ./Drivers/BSP/custom/custom.o
                0x08003b50                BSP_LED_On
 .text.BSP_LED_Off
                0x08003b7c       0x2c ./Drivers/BSP/custom/custom.o
                0x08003b7c                BSP_LED_Off
 .text.BSP_LED_Toggle
                0x08003ba8       0x2c ./Drivers/BSP/custom/custom.o
                0x08003ba8                BSP_LED_Toggle
 .text.LED_USER_GPIO_Init
                0x08003bd4        0xe ./Drivers/BSP/custom/custom.o
 *fill*         0x08003be2        0x2 
 .text.BSP_PB_Init
                0x08003be4       0xa8 ./Drivers/BSP/custom/custom.o
                0x08003be4                BSP_PB_Init
 .text.BUTTON_USER_EXTI_Callback
                0x08003c8c        0xe ./Drivers/BSP/custom/custom.o
 *fill*         0x08003c9a        0x2 
 .text.BUTTON_USER_GPIO_Init
                0x08003c9c       0x74 ./Drivers/BSP/custom/custom.o
 .text.HAL_Init
                0x08003d10       0x30 ./Drivers/STM32L4xx_HAL_Driver/Src/stm32l4xx_hal.o
                0x08003d10                HAL_Init
 .text.HAL_InitTick
                0x08003d40       0x78 ./Drivers/STM32L4xx_HAL_Driver/Src/stm32l4xx_hal.o
                0x08003d40                HAL_InitTick
 .text.HAL_IncTick
                0x08003db8       0x28 ./Drivers/STM32L4xx_HAL_Driver/Src/stm32l4xx_hal.o
                0x08003db8                HAL_IncTick
 .text.HAL_GetTick
                0x08003de0       0x18 ./Drivers/STM32L4xx_HAL_Driver/Src/stm32l4xx_hal.o
                0x08003de0                HAL_GetTick
 .text.HAL_Delay
                0x08003df8       0x48 ./Drivers/STM32L4xx_HAL_Driver/Src/stm32l4xx_hal.o
                0x08003df8                HAL_Delay
 .text.__NVIC_SetPriorityGrouping
                0x08003e40       0x48 ./Drivers/STM32L4xx_HAL_Driver/Src/stm32l4xx_hal_cortex.o
 .text.__NVIC_GetPriorityGrouping
                0x08003e88       0x1c ./Drivers/STM32L4xx_HAL_Driver/Src/stm32l4xx_hal_cortex.o
 .text.__NVIC_EnableIRQ
                0x08003ea4       0x3c ./Drivers/STM32L4xx_HAL_Driver/Src/stm32l4xx_hal_cortex.o
 .text.__NVIC_DisableIRQ
                0x08003ee0       0x48 ./Drivers/STM32L4xx_HAL_Driver/Src/stm32l4xx_hal_cortex.o
 .text.__NVIC_SetPriority
                0x08003f28       0x54 ./Drivers/STM32L4xx_HAL_Driver/Src/stm32l4xx_hal_cortex.o
 .text.NVIC_EncodePriority
                0x08003f7c       0x66 ./Drivers/STM32L4xx_HAL_Driver/Src/stm32l4xx_hal_cortex.o
 *fill*         0x08003fe2        0x2 
 .text.SysTick_Config
                0x08003fe4       0x44 ./Drivers/STM32L4xx_HAL_Driver/Src/stm32l4xx_hal_cortex.o
 .text.HAL_NVIC_SetPriorityGrouping
                0x08004028       0x16 ./Drivers/STM32L4xx_HAL_Driver/Src/stm32l4xx_hal_cortex.o
                0x08004028                HAL_NVIC_SetPriorityGrouping
 .text.HAL_NVIC_SetPriority
                0x0800403e       0x38 ./Drivers/STM32L4xx_HAL_Driver/Src/stm32l4xx_hal_cortex.o
                0x0800403e                HAL_NVIC_SetPriority
 .text.HAL_NVIC_EnableIRQ
                0x08004076       0x1c ./Drivers/STM32L4xx_HAL_Driver/Src/stm32l4xx_hal_cortex.o
                0x08004076                HAL_NVIC_EnableIRQ
 .text.HAL_NVIC_DisableIRQ
                0x08004092       0x1c ./Drivers/STM32L4xx_HAL_Driver/Src/stm32l4xx_hal_cortex.o
                0x08004092                HAL_NVIC_DisableIRQ
 .text.HAL_SYSTICK_Config
                0x080040ae       0x18 ./Drivers/STM32L4xx_HAL_Driver/Src/stm32l4xx_hal_cortex.o
                0x080040ae                HAL_SYSTICK_Config
 .text.HAL_DMA_Abort_IT
                0x080040c6       0x82 ./Drivers/STM32L4xx_HAL_Driver/Src/stm32l4xx_hal_dma.o
                0x080040c6                HAL_DMA_Abort_IT
 .text.HAL_EXTI_RegisterCallback
                0x08004148       0x34 ./Drivers/STM32L4xx_HAL_Driver/Src/stm32l4xx_hal_exti.o
                0x08004148                HAL_EXTI_RegisterCallback
 .text.HAL_EXTI_GetHandle
                0x0800417c       0x28 ./Drivers/STM32L4xx_HAL_Driver/Src/stm32l4xx_hal_exti.o
                0x0800417c                HAL_EXTI_GetHandle
 .text.HAL_EXTI_IRQHandler
                0x080041a4       0x60 ./Drivers/STM32L4xx_HAL_Driver/Src/stm32l4xx_hal_exti.o
                0x080041a4                HAL_EXTI_IRQHandler
 .text.HAL_GPIO_Init
                0x08004204      0x354 ./Drivers/STM32L4xx_HAL_Driver/Src/stm32l4xx_hal_gpio.o
                0x08004204                HAL_GPIO_Init
 .text.HAL_GPIO_DeInit
                0x08004558      0x1e8 ./Drivers/STM32L4xx_HAL_Driver/Src/stm32l4xx_hal_gpio.o
                0x08004558                HAL_GPIO_DeInit
 .text.HAL_GPIO_WritePin
                0x08004740       0x30 ./Drivers/STM32L4xx_HAL_Driver/Src/stm32l4xx_hal_gpio.o
                0x08004740                HAL_GPIO_WritePin
 .text.HAL_GPIO_TogglePin
                0x08004770       0x34 ./Drivers/STM32L4xx_HAL_Driver/Src/stm32l4xx_hal_gpio.o
                0x08004770                HAL_GPIO_TogglePin
 .text.HAL_PWREx_GetVoltageRange
                0x080047a4       0x1c ./Drivers/STM32L4xx_HAL_Driver/Src/stm32l4xx_hal_pwr_ex.o
                0x080047a4                HAL_PWREx_GetVoltageRange
 .text.HAL_PWREx_ControlVoltageScaling
                0x080047c0       0xac ./Drivers/STM32L4xx_HAL_Driver/Src/stm32l4xx_hal_pwr_ex.o
                0x080047c0                HAL_PWREx_ControlVoltageScaling
 .text.HAL_RCC_OscConfig
                0x0800486c      0x7b8 ./Drivers/STM32L4xx_HAL_Driver/Src/stm32l4xx_hal_rcc.o
                0x0800486c                HAL_RCC_OscConfig
 .text.HAL_RCC_ClockConfig
                0x08005024      0x200 ./Drivers/STM32L4xx_HAL_Driver/Src/stm32l4xx_hal_rcc.o
                0x08005024                HAL_RCC_ClockConfig
 .text.HAL_RCC_GetSysClockFreq
                0x08005224      0x118 ./Drivers/STM32L4xx_HAL_Driver/Src/stm32l4xx_hal_rcc.o
                0x08005224                HAL_RCC_GetSysClockFreq
 .text.HAL_RCC_GetHCLKFreq
                0x0800533c       0x18 ./Drivers/STM32L4xx_HAL_Driver/Src/stm32l4xx_hal_rcc.o
                0x0800533c                HAL_RCC_GetHCLKFreq
 .text.HAL_RCC_GetPCLK1Freq
                0x08005354       0x2c ./Drivers/STM32L4xx_HAL_Driver/Src/stm32l4xx_hal_rcc.o
                0x08005354                HAL_RCC_GetPCLK1Freq
 .text.HAL_RCC_GetPCLK2Freq
                0x08005380       0x2c ./Drivers/STM32L4xx_HAL_Driver/Src/stm32l4xx_hal_rcc.o
                0x08005380                HAL_RCC_GetPCLK2Freq
 .text.RCC_SetFlashLatencyFromMSIRange
                0x080053ac       0xc0 ./Drivers/STM32L4xx_HAL_Driver/Src/stm32l4xx_hal_rcc.o
 .text.HAL_RCCEx_PeriphCLKConfig
                0x0800546c      0x5d4 ./Drivers/STM32L4xx_HAL_Driver/Src/stm32l4xx_hal_rcc_ex.o
                0x0800546c                HAL_RCCEx_PeriphCLKConfig
 .text.RCCEx_PLLSAI1_Config
                0x08005a40      0x1e8 ./Drivers/STM32L4xx_HAL_Driver/Src/stm32l4xx_hal_rcc_ex.o
 .text.RCCEx_PLLSAI2_Config
                0x08005c28      0x1bc ./Drivers/STM32L4xx_HAL_Driver/Src/stm32l4xx_hal_rcc_ex.o
 .text.HAL_SPI_Init
                0x08005de4      0x146 ./Drivers/STM32L4xx_HAL_Driver/Src/stm32l4xx_hal_spi.o
                0x08005de4                HAL_SPI_Init
 .text.HAL_SPI_DeInit
                0x08005f2a       0x50 ./Drivers/STM32L4xx_HAL_Driver/Src/stm32l4xx_hal_spi.o
                0x08005f2a                HAL_SPI_DeInit
 .text.HAL_SPI_MspInit
                0x08005f7a       0x14 ./Drivers/STM32L4xx_HAL_Driver/Src/stm32l4xx_hal_spi.o
                0x08005f7a                HAL_SPI_MspInit
 .text.HAL_SPI_MspDeInit
                0x08005f8e       0x14 ./Drivers/STM32L4xx_HAL_Driver/Src/stm32l4xx_hal_spi.o
                0x08005f8e                HAL_SPI_MspDeInit
 .text.HAL_SPI_TransmitReceive
                0x08005fa2      0x43e ./Drivers/STM32L4xx_HAL_Driver/Src/stm32l4xx_hal_spi.o
                0x08005fa2                HAL_SPI_TransmitReceive
 .text.HAL_SPI_IRQHandler
                0x080063e0      0x200 ./Drivers/STM32L4xx_HAL_Driver/Src/stm32l4xx_hal_spi.o
                0x080063e0                HAL_SPI_IRQHandler
 .text.HAL_SPI_ErrorCallback
                0x080065e0       0x14 ./Drivers/STM32L4xx_HAL_Driver/Src/stm32l4xx_hal_spi.o
                0x080065e0                HAL_SPI_ErrorCallback
 .text.HAL_SPI_GetState
                0x080065f4       0x1c ./Drivers/STM32L4xx_HAL_Driver/Src/stm32l4xx_hal_spi.o
                0x080065f4                HAL_SPI_GetState
 .text.SPI_DMAAbortOnError
                0x08006610       0x2a ./Drivers/STM32L4xx_HAL_Driver/Src/stm32l4xx_hal_spi.o
 *fill*         0x0800663a        0x2 
 .text.SPI_WaitFlagStateUntilTimeout
                0x0800663c      0x110 ./Drivers/STM32L4xx_HAL_Driver/Src/stm32l4xx_hal_spi.o
 .text.SPI_WaitFifoStateUntilTimeout
                0x0800674c      0x12c ./Drivers/STM32L4xx_HAL_Driver/Src/stm32l4xx_hal_spi.o
 .text.SPI_EndRxTxTransaction
                0x08006878       0x8c ./Drivers/STM32L4xx_HAL_Driver/Src/stm32l4xx_hal_spi.o
 .text.HAL_UART_Init
                0x08006904       0x9c ./Drivers/STM32L4xx_HAL_Driver/Src/stm32l4xx_hal_uart.o
                0x08006904                HAL_UART_Init
 .text.HAL_UART_Transmit
                0x080069a0      0x112 ./Drivers/STM32L4xx_HAL_Driver/Src/stm32l4xx_hal_uart.o
                0x080069a0                HAL_UART_Transmit
 *fill*         0x08006ab2        0x2 
 .text.UART_SetConfig
                0x08006ab4      0x570 ./Drivers/STM32L4xx_HAL_Driver/Src/stm32l4xx_hal_uart.o
                0x08006ab4                UART_SetConfig
 .text.UART_AdvFeatureConfig
                0x08007024      0x144 ./Drivers/STM32L4xx_HAL_Driver/Src/stm32l4xx_hal_uart.o
                0x08007024                UART_AdvFeatureConfig
 .text.UART_CheckIdleState
                0x08007168      0x150 ./Drivers/STM32L4xx_HAL_Driver/Src/stm32l4xx_hal_uart.o
                0x08007168                UART_CheckIdleState
 .text.UART_WaitOnFlagUntilTimeout
                0x080072b8       0xda ./Drivers/STM32L4xx_HAL_Driver/Src/stm32l4xx_hal_uart.o
                0x080072b8                UART_WaitOnFlagUntilTimeout
 .text.UART_EndRxTransfer
                0x08007392       0xc8 ./Drivers/STM32L4xx_HAL_Driver/Src/stm32l4xx_hal_uart.o
 .text.MX_X_CUBE_SUBG2_Init
                0x0800745a        0xc ./X-CUBE-SUBG2/App/app_x-cube-subg2.o
                0x0800745a                MX_X_CUBE_SUBG2_Init
 *fill*         0x08007466        0x2 
 .text.MX_X_CUBE_SUBG2_Process
                0x08007468       0x28 ./X-CUBE-SUBG2/App/app_x-cube-subg2.o
                0x08007468                MX_X_CUBE_SUBG2_Process
 .text.MX_SUBG2_P2P_Init
                0x08007490       0x8c ./X-CUBE-SUBG2/App/app_x-cube-subg2.o
                0x08007490                MX_SUBG2_P2P_Init
 .text.MX_SUBG2_P2P_Process
                0x0800751c      0x2c8 ./X-CUBE-SUBG2/App/app_x-cube-subg2.o
                0x0800751c                MX_SUBG2_P2P_Process
 .text.AppliSendBuff
                0x080077e4       0xd0 ./X-CUBE-SUBG2/App/app_x-cube-subg2.o
                0x080077e4                AppliSendBuff
 .text.AppliReceiveBuff
                0x080078b4       0x84 ./X-CUBE-SUBG2/App/app_x-cube-subg2.o
                0x080078b4                AppliReceiveBuff
 .text.BasicProtocolInit
                0x08007938       0x14 ./X-CUBE-SUBG2/App/app_x-cube-subg2.o
                0x08007938                BasicProtocolInit
 .text.Set_KeyStatus
                0x0800794c       0x38 ./X-CUBE-SUBG2/App/app_x-cube-subg2.o
                0x0800794c                Set_KeyStatus
 .text.P2PInterruptHandler
                0x08007984       0xa8 ./X-CUBE-SUBG2/App/app_x-cube-subg2.o
 .text.BSP_PB_Callback
                0x08007a2c       0x26 ./X-CUBE-SUBG2/App/app_x-cube-subg2.o
                0x08007a2c                BSP_PB_Callback
 *fill*         0x08007a52        0x2 
 .text.S2LPInterfaceInit
                0x08007a54       0x54 ./X-CUBE-SUBG2/App/app_x-cube-subg2.o
                0x08007a54                S2LPInterfaceInit
 .text.S2LP_PacketConfig
                0x08007aa8        0xc ./X-CUBE-SUBG2/App/app_x-cube-subg2.o
                0x08007aa8                S2LP_PacketConfig
 .text.S2LP_SetPayloadlength
                0x08007ab4       0x1c ./X-CUBE-SUBG2/App/app_x-cube-subg2.o
                0x08007ab4                S2LP_SetPayloadlength
 .text.S2LP_SetDestinationAddress
                0x08007ad0       0x1a ./X-CUBE-SUBG2/App/app_x-cube-subg2.o
                0x08007ad0                S2LP_SetDestinationAddress
 .text.S2LP_EnableTxIrq
                0x08007aea       0x10 ./X-CUBE-SUBG2/App/app_x-cube-subg2.o
                0x08007aea                S2LP_EnableTxIrq
 .text.S2LP_EnableRxIrq
                0x08007afa       0x22 ./X-CUBE-SUBG2/App/app_x-cube-subg2.o
                0x08007afa                S2LP_EnableRxIrq
 .text.S2LP_SetRxTimeout
                0x08007b1c       0x40 ./X-CUBE-SUBG2/App/app_x-cube-subg2.o
                0x08007b1c                S2LP_SetRxTimeout
 .text.S2LP_EnableSQI
                0x08007b5c       0x14 ./X-CUBE-SUBG2/App/app_x-cube-subg2.o
                0x08007b5c                S2LP_EnableSQI
 .text.S2LP_StartRx
                0x08007b70       0x44 ./X-CUBE-SUBG2/App/app_x-cube-subg2.o
                0x08007b70                S2LP_StartRx
 .text.S2LP_GetRxPacket
                0x08007bb4       0x38 ./X-CUBE-SUBG2/App/app_x-cube-subg2.o
                0x08007bb4                S2LP_GetRxPacket
 .text.S2LP_StartTx
                0x08007bec       0x5c ./X-CUBE-SUBG2/App/app_x-cube-subg2.o
                0x08007bec                S2LP_StartTx
 .text.logUsartTx
                0x08007c48       0x28 ./X-CUBE-SUBG2/Target/logger.o
                0x08007c48                logUsartTx
 .text.logUsart
                0x08007c70       0x5c ./X-CUBE-SUBG2/Target/logger.o
                0x08007c70                logUsart
 .text.S2LP_ManagementSetBand
                0x08007ccc       0x20 ./X-CUBE-SUBG2/Target/s2lp_management.o
                0x08007ccc                S2LP_ManagementSetBand
 .text.S2LP_ManagementSetOffset
                0x08007cec       0x20 ./X-CUBE-SUBG2/Target/s2lp_management.o
                0x08007cec                S2LP_ManagementSetOffset
 .text.S2LP_ManagementGetOffset
                0x08007d0c       0x18 ./X-CUBE-SUBG2/Target/s2lp_management.o
                0x08007d0c                S2LP_ManagementGetOffset
 .text.S2LP_ManagementSetTcxo
                0x08007d24       0x20 ./X-CUBE-SUBG2/Target/s2lp_management.o
                0x08007d24                S2LP_ManagementSetTcxo
 .text.S2LP_ManagementRangeExtInit
                0x08007d44       0x78 ./X-CUBE-SUBG2/Target/s2lp_management.o
                0x08007d44                S2LP_ManagementRangeExtInit
 .text.S2LP_ManagementSetRangeExtender
                0x08007dbc       0x20 ./X-CUBE-SUBG2/Target/s2lp_management.o
                0x08007dbc                S2LP_ManagementSetRangeExtender
 .text.S2LP_ManagementGetRangeExtender
                0x08007ddc       0x18 ./X-CUBE-SUBG2/Target/s2lp_management.o
                0x08007ddc                S2LP_ManagementGetRangeExtender
 .text.S2LP_ManagementIdentificationRFBoard
                0x08007df4      0x248 ./X-CUBE-SUBG2/Target/s2lp_management.o
                0x08007df4                S2LP_ManagementIdentificationRFBoard
 .text.S2LP_ManagementComputeXtalFrequency
                0x0800803c       0x20 ./X-CUBE-SUBG2/Target/s2lp_management.o
                0x0800803c                S2LP_ManagementComputeXtalFrequency
 .text.EepromIdentification
                0x0800805c       0x5c ./X-CUBE-SUBG2/Target/s2lp_management.o
                0x0800805c                EepromIdentification
 .text.std      0x080080b8       0x6c C:/ST/STM32CubeIDE_1.18.0/STM32CubeIDE/plugins/com.st.stm32cube.ide.mcu.externaltools.gnu-tools-for-stm32.13.3.rel1.win32_1.0.0.202411081344/tools/bin/../lib/gcc/arm-none-eabi/13.3.1/../../../../arm-none-eabi/lib/thumb/v7e-m+fp/hard\libc.a(libc_a-findfp.o)
 .text.stdio_exit_handler
                0x08008124       0x18 C:/ST/STM32CubeIDE_1.18.0/STM32CubeIDE/plugins/com.st.stm32cube.ide.mcu.externaltools.gnu-tools-for-stm32.13.3.rel1.win32_1.0.0.202411081344/tools/bin/../lib/gcc/arm-none-eabi/13.3.1/../../../../arm-none-eabi/lib/thumb/v7e-m+fp/hard\libc.a(libc_a-findfp.o)
 .text.cleanup_stdio
                0x0800813c       0x40 C:/ST/STM32CubeIDE_1.18.0/STM32CubeIDE/plugins/com.st.stm32cube.ide.mcu.externaltools.gnu-tools-for-stm32.13.3.rel1.win32_1.0.0.202411081344/tools/bin/../lib/gcc/arm-none-eabi/13.3.1/../../../../arm-none-eabi/lib/thumb/v7e-m+fp/hard\libc.a(libc_a-findfp.o)
 .text.global_stdio_init.part.0
                0x0800817c       0x3c C:/ST/STM32CubeIDE_1.18.0/STM32CubeIDE/plugins/com.st.stm32cube.ide.mcu.externaltools.gnu-tools-for-stm32.13.3.rel1.win32_1.0.0.202411081344/tools/bin/../lib/gcc/arm-none-eabi/13.3.1/../../../../arm-none-eabi/lib/thumb/v7e-m+fp/hard\libc.a(libc_a-findfp.o)
 .text.__sfp_lock_acquire
                0x080081b8        0xc C:/ST/STM32CubeIDE_1.18.0/STM32CubeIDE/plugins/com.st.stm32cube.ide.mcu.externaltools.gnu-tools-for-stm32.13.3.rel1.win32_1.0.0.202411081344/tools/bin/../lib/gcc/arm-none-eabi/13.3.1/../../../../arm-none-eabi/lib/thumb/v7e-m+fp/hard\libc.a(libc_a-findfp.o)
                0x080081b8                __sfp_lock_acquire
 .text.__sfp_lock_release
                0x080081c4        0xc C:/ST/STM32CubeIDE_1.18.0/STM32CubeIDE/plugins/com.st.stm32cube.ide.mcu.externaltools.gnu-tools-for-stm32.13.3.rel1.win32_1.0.0.202411081344/tools/bin/../lib/gcc/arm-none-eabi/13.3.1/../../../../arm-none-eabi/lib/thumb/v7e-m+fp/hard\libc.a(libc_a-findfp.o)
                0x080081c4                __sfp_lock_release
 .text.__sinit  0x080081d0       0x30 C:/ST/STM32CubeIDE_1.18.0/STM32CubeIDE/plugins/com.st.stm32cube.ide.mcu.externaltools.gnu-tools-for-stm32.13.3.rel1.win32_1.0.0.202411081344/tools/bin/../lib/gcc/arm-none-eabi/13.3.1/../../../../arm-none-eabi/lib/thumb/v7e-m+fp/hard\libc.a(libc_a-findfp.o)
                0x080081d0                __sinit
 .text._fwalk_sglue
                0x08008200       0x3c C:/ST/STM32CubeIDE_1.18.0/STM32CubeIDE/plugins/com.st.stm32cube.ide.mcu.externaltools.gnu-tools-for-stm32.13.3.rel1.win32_1.0.0.202411081344/tools/bin/../lib/gcc/arm-none-eabi/13.3.1/../../../../arm-none-eabi/lib/thumb/v7e-m+fp/hard\libc.a(libc_a-fwalk.o)
                0x08008200                _fwalk_sglue
 .text.__sread  0x0800823c       0x22 C:/ST/STM32CubeIDE_1.18.0/STM32CubeIDE/plugins/com.st.stm32cube.ide.mcu.externaltools.gnu-tools-for-stm32.13.3.rel1.win32_1.0.0.202411081344/tools/bin/../lib/gcc/arm-none-eabi/13.3.1/../../../../arm-none-eabi/lib/thumb/v7e-m+fp/hard\libc.a(libc_a-stdio.o)
                0x0800823c                __sread
 .text.__swrite
                0x0800825e       0x38 C:/ST/STM32CubeIDE_1.18.0/STM32CubeIDE/plugins/com.st.stm32cube.ide.mcu.externaltools.gnu-tools-for-stm32.13.3.rel1.win32_1.0.0.202411081344/tools/bin/../lib/gcc/arm-none-eabi/13.3.1/../../../../arm-none-eabi/lib/thumb/v7e-m+fp/hard\libc.a(libc_a-stdio.o)
                0x0800825e                __swrite
 .text.__sseek  0x08008296       0x24 C:/ST/STM32CubeIDE_1.18.0/STM32CubeIDE/plugins/com.st.stm32cube.ide.mcu.externaltools.gnu-tools-for-stm32.13.3.rel1.win32_1.0.0.202411081344/tools/bin/../lib/gcc/arm-none-eabi/13.3.1/../../../../arm-none-eabi/lib/thumb/v7e-m+fp/hard\libc.a(libc_a-stdio.o)
                0x08008296                __sseek
 .text.__sclose
                0x080082ba        0x8 C:/ST/STM32CubeIDE_1.18.0/STM32CubeIDE/plugins/com.st.stm32cube.ide.mcu.externaltools.gnu-tools-for-stm32.13.3.rel1.win32_1.0.0.202411081344/tools/bin/../lib/gcc/arm-none-eabi/13.3.1/../../../../arm-none-eabi/lib/thumb/v7e-m+fp/hard\libc.a(libc_a-stdio.o)
                0x080082ba                __sclose
 .text._vsnprintf_r
                0x080082c2       0x5c C:/ST/STM32CubeIDE_1.18.0/STM32CubeIDE/plugins/com.st.stm32cube.ide.mcu.externaltools.gnu-tools-for-stm32.13.3.rel1.win32_1.0.0.202411081344/tools/bin/../lib/gcc/arm-none-eabi/13.3.1/../../../../arm-none-eabi/lib/thumb/v7e-m+fp/hard\libc.a(libc_a-vsnprintf.o)
                0x080082c2                _vsnprintf_r
 *fill*         0x0800831e        0x2 
 .text.vsnprintf
                0x08008320       0x1c C:/ST/STM32CubeIDE_1.18.0/STM32CubeIDE/plugins/com.st.stm32cube.ide.mcu.externaltools.gnu-tools-for-stm32.13.3.rel1.win32_1.0.0.202411081344/tools/bin/../lib/gcc/arm-none-eabi/13.3.1/../../../../arm-none-eabi/lib/thumb/v7e-m+fp/hard\libc.a(libc_a-vsnprintf.o)
                0x08008320                vsnprintf
 .text.memset   0x0800833c       0x10 C:/ST/STM32CubeIDE_1.18.0/STM32CubeIDE/plugins/com.st.stm32cube.ide.mcu.externaltools.gnu-tools-for-stm32.13.3.rel1.win32_1.0.0.202411081344/tools/bin/../lib/gcc/arm-none-eabi/13.3.1/../../../../arm-none-eabi/lib/thumb/v7e-m+fp/hard\libc.a(libc_a-memset.o)
                0x0800833c                memset
 .text._close_r
                0x0800834c       0x20 C:/ST/STM32CubeIDE_1.18.0/STM32CubeIDE/plugins/com.st.stm32cube.ide.mcu.externaltools.gnu-tools-for-stm32.13.3.rel1.win32_1.0.0.202411081344/tools/bin/../lib/gcc/arm-none-eabi/13.3.1/../../../../arm-none-eabi/lib/thumb/v7e-m+fp/hard\libc.a(libc_a-closer.o)
                0x0800834c                _close_r
 .text._lseek_r
                0x0800836c       0x24 C:/ST/STM32CubeIDE_1.18.0/STM32CubeIDE/plugins/com.st.stm32cube.ide.mcu.externaltools.gnu-tools-for-stm32.13.3.rel1.win32_1.0.0.202411081344/tools/bin/../lib/gcc/arm-none-eabi/13.3.1/../../../../arm-none-eabi/lib/thumb/v7e-m+fp/hard\libc.a(libc_a-lseekr.o)
                0x0800836c                _lseek_r
 .text._read_r  0x08008390       0x24 C:/ST/STM32CubeIDE_1.18.0/STM32CubeIDE/plugins/com.st.stm32cube.ide.mcu.externaltools.gnu-tools-for-stm32.13.3.rel1.win32_1.0.0.202411081344/tools/bin/../lib/gcc/arm-none-eabi/13.3.1/../../../../arm-none-eabi/lib/thumb/v7e-m+fp/hard\libc.a(libc_a-readr.o)
                0x08008390                _read_r
 .text._write_r
                0x080083b4       0x24 C:/ST/STM32CubeIDE_1.18.0/STM32CubeIDE/plugins/com.st.stm32cube.ide.mcu.externaltools.gnu-tools-for-stm32.13.3.rel1.win32_1.0.0.202411081344/tools/bin/../lib/gcc/arm-none-eabi/13.3.1/../../../../arm-none-eabi/lib/thumb/v7e-m+fp/hard\libc.a(libc_a-writer.o)
                0x080083b4                _write_r
 .text.__errno  0x080083d8        0xc C:/ST/STM32CubeIDE_1.18.0/STM32CubeIDE/plugins/com.st.stm32cube.ide.mcu.externaltools.gnu-tools-for-stm32.13.3.rel1.win32_1.0.0.202411081344/tools/bin/../lib/gcc/arm-none-eabi/13.3.1/../../../../arm-none-eabi/lib/thumb/v7e-m+fp/hard\libc.a(libc_a-errno.o)
                0x080083d8                __errno
 .text.__libc_init_array
                0x080083e4       0x48 C:/ST/STM32CubeIDE_1.18.0/STM32CubeIDE/plugins/com.st.stm32cube.ide.mcu.externaltools.gnu-tools-for-stm32.13.3.rel1.win32_1.0.0.202411081344/tools/bin/../lib/gcc/arm-none-eabi/13.3.1/../../../../arm-none-eabi/lib/thumb/v7e-m+fp/hard\libc.a(libc_a-init.o)
                0x080083e4                __libc_init_array
 .text.__retarget_lock_init_recursive
                0x0800842c        0x2 C:/ST/STM32CubeIDE_1.18.0/STM32CubeIDE/plugins/com.st.stm32cube.ide.mcu.externaltools.gnu-tools-for-stm32.13.3.rel1.win32_1.0.0.202411081344/tools/bin/../lib/gcc/arm-none-eabi/13.3.1/../../../../arm-none-eabi/lib/thumb/v7e-m+fp/hard\libc.a(libc_a-lock.o)
                0x0800842c                __retarget_lock_init_recursive
 .text.__retarget_lock_close_recursive
                0x0800842e        0x2 C:/ST/STM32CubeIDE_1.18.0/STM32CubeIDE/plugins/com.st.stm32cube.ide.mcu.externaltools.gnu-tools-for-stm32.13.3.rel1.win32_1.0.0.202411081344/tools/bin/../lib/gcc/arm-none-eabi/13.3.1/../../../../arm-none-eabi/lib/thumb/v7e-m+fp/hard\libc.a(libc_a-lock.o)
                0x0800842e                __retarget_lock_close_recursive
 .text.__retarget_lock_acquire_recursive
                0x08008430        0x2 C:/ST/STM32CubeIDE_1.18.0/STM32CubeIDE/plugins/com.st.stm32cube.ide.mcu.externaltools.gnu-tools-for-stm32.13.3.rel1.win32_1.0.0.202411081344/tools/bin/../lib/gcc/arm-none-eabi/13.3.1/../../../../arm-none-eabi/lib/thumb/v7e-m+fp/hard\libc.a(libc_a-lock.o)
                0x08008430                __retarget_lock_acquire_recursive
 .text.__retarget_lock_release_recursive
                0x08008432        0x2 C:/ST/STM32CubeIDE_1.18.0/STM32CubeIDE/plugins/com.st.stm32cube.ide.mcu.externaltools.gnu-tools-for-stm32.13.3.rel1.win32_1.0.0.202411081344/tools/bin/../lib/gcc/arm-none-eabi/13.3.1/../../../../arm-none-eabi/lib/thumb/v7e-m+fp/hard\libc.a(libc_a-lock.o)
                0x08008432                __retarget_lock_release_recursive
 .text.startup.register_fini
                0x08008434       0x14 C:/ST/STM32CubeIDE_1.18.0/STM32CubeIDE/plugins/com.st.stm32cube.ide.mcu.externaltools.gnu-tools-for-stm32.13.3.rel1.win32_1.0.0.202411081344/tools/bin/../lib/gcc/arm-none-eabi/13.3.1/../../../../arm-none-eabi/lib/thumb/v7e-m+fp/hard\libc.a(libc_a-__call_atexit.o)
 .text.atexit   0x08008448        0xc C:/ST/STM32CubeIDE_1.18.0/STM32CubeIDE/plugins/com.st.stm32cube.ide.mcu.externaltools.gnu-tools-for-stm32.13.3.rel1.win32_1.0.0.202411081344/tools/bin/../lib/gcc/arm-none-eabi/13.3.1/../../../../arm-none-eabi/lib/thumb/v7e-m+fp/hard\libc.a(libc_a-atexit.o)
                0x08008448                atexit
 .text._malloc_trim_r
                0x08008454       0xac C:/ST/STM32CubeIDE_1.18.0/STM32CubeIDE/plugins/com.st.stm32cube.ide.mcu.externaltools.gnu-tools-for-stm32.13.3.rel1.win32_1.0.0.202411081344/tools/bin/../lib/gcc/arm-none-eabi/13.3.1/../../../../arm-none-eabi/lib/thumb/v7e-m+fp/hard\libc.a(libc_a-freer.o)
                0x08008454                _malloc_trim_r
 .text._free_r  0x08008500      0x180 C:/ST/STM32CubeIDE_1.18.0/STM32CubeIDE/plugins/com.st.stm32cube.ide.mcu.externaltools.gnu-tools-for-stm32.13.3.rel1.win32_1.0.0.202411081344/tools/bin/../lib/gcc/arm-none-eabi/13.3.1/../../../../arm-none-eabi/lib/thumb/v7e-m+fp/hard\libc.a(libc_a-freer.o)
                0x08008500                _free_r
 .text._malloc_r
                0x08008680      0x474 C:/ST/STM32CubeIDE_1.18.0/STM32CubeIDE/plugins/com.st.stm32cube.ide.mcu.externaltools.gnu-tools-for-stm32.13.3.rel1.win32_1.0.0.202411081344/tools/bin/../lib/gcc/arm-none-eabi/13.3.1/../../../../arm-none-eabi/lib/thumb/v7e-m+fp/hard\libc.a(libc_a-mallocr.o)
                0x08008680                _malloc_r
 .text.__malloc_lock
                0x08008af4        0xc C:/ST/STM32CubeIDE_1.18.0/STM32CubeIDE/plugins/com.st.stm32cube.ide.mcu.externaltools.gnu-tools-for-stm32.13.3.rel1.win32_1.0.0.202411081344/tools/bin/../lib/gcc/arm-none-eabi/13.3.1/../../../../arm-none-eabi/lib/thumb/v7e-m+fp/hard\libc.a(libc_a-mlock.o)
                0x08008af4                __malloc_lock
 .text.__malloc_unlock
                0x08008b00        0xc C:/ST/STM32CubeIDE_1.18.0/STM32CubeIDE/plugins/com.st.stm32cube.ide.mcu.externaltools.gnu-tools-for-stm32.13.3.rel1.win32_1.0.0.202411081344/tools/bin/../lib/gcc/arm-none-eabi/13.3.1/../../../../arm-none-eabi/lib/thumb/v7e-m+fp/hard\libc.a(libc_a-mlock.o)
                0x08008b00                __malloc_unlock
 *fill*         0x08008b0c        0x4 
 .text._svfprintf_r
                0x08008b10     0x13ac C:/ST/STM32CubeIDE_1.18.0/STM32CubeIDE/plugins/com.st.stm32cube.ide.mcu.externaltools.gnu-tools-for-stm32.13.3.rel1.win32_1.0.0.202411081344/tools/bin/../lib/gcc/arm-none-eabi/13.3.1/../../../../arm-none-eabi/lib/thumb/v7e-m+fp/hard\libc.a(libc_a-svfprintf.o)
                0x08008b10                _svfprintf_r
 .text.__ssprint_r
                0x08009ebc       0x4e C:/ST/STM32CubeIDE_1.18.0/STM32CubeIDE/plugins/com.st.stm32cube.ide.mcu.externaltools.gnu-tools-for-stm32.13.3.rel1.win32_1.0.0.202411081344/tools/bin/../lib/gcc/arm-none-eabi/13.3.1/../../../../arm-none-eabi/lib/thumb/v7e-m+fp/hard\libc.a(libc_a-ssprint_r.o)
                0x08009ebc                __ssprint_r
 .text._fclose_r
                0x08009f0a       0xac C:/ST/STM32CubeIDE_1.18.0/STM32CubeIDE/plugins/com.st.stm32cube.ide.mcu.externaltools.gnu-tools-for-stm32.13.3.rel1.win32_1.0.0.202411081344/tools/bin/../lib/gcc/arm-none-eabi/13.3.1/../../../../arm-none-eabi/lib/thumb/v7e-m+fp/hard\libc.a(libc_a-fclose.o)
                0x08009f0a                _fclose_r
 *fill*         0x08009fb6        0x2 
 .text.__sflush_r
                0x08009fb8      0x110 C:/ST/STM32CubeIDE_1.18.0/STM32CubeIDE/plugins/com.st.stm32cube.ide.mcu.externaltools.gnu-tools-for-stm32.13.3.rel1.win32_1.0.0.202411081344/tools/bin/../lib/gcc/arm-none-eabi/13.3.1/../../../../arm-none-eabi/lib/thumb/v7e-m+fp/hard\libc.a(libc_a-fflush.o)
                0x08009fb8                __sflush_r
 .text._fflush_r
                0x0800a0c8       0x4a C:/ST/STM32CubeIDE_1.18.0/STM32CubeIDE/plugins/com.st.stm32cube.ide.mcu.externaltools.gnu-tools-for-stm32.13.3.rel1.win32_1.0.0.202411081344/tools/bin/../lib/gcc/arm-none-eabi/13.3.1/../../../../arm-none-eabi/lib/thumb/v7e-m+fp/hard\libc.a(libc_a-fflush.o)
                0x0800a0c8                _fflush_r
 .text.strncpy  0x0800a112       0x26 C:/ST/STM32CubeIDE_1.18.0/STM32CubeIDE/plugins/com.st.stm32cube.ide.mcu.externaltools.gnu-tools-for-stm32.13.3.rel1.win32_1.0.0.202411081344/tools/bin/../lib/gcc/arm-none-eabi/13.3.1/../../../../arm-none-eabi/lib/thumb/v7e-m+fp/hard\libc.a(libc_a-strncpy.o)
                0x0800a112                strncpy
 .text._localeconv_r
                0x0800a138        0x8 C:/ST/STM32CubeIDE_1.18.0/STM32CubeIDE/plugins/com.st.stm32cube.ide.mcu.externaltools.gnu-tools-for-stm32.13.3.rel1.win32_1.0.0.202411081344/tools/bin/../lib/gcc/arm-none-eabi/13.3.1/../../../../arm-none-eabi/lib/thumb/v7e-m+fp/hard\libc.a(libc_a-localeconv.o)
                0x0800a138                _localeconv_r
 .text._sbrk_r  0x0800a140       0x20 C:/ST/STM32CubeIDE_1.18.0/STM32CubeIDE/plugins/com.st.stm32cube.ide.mcu.externaltools.gnu-tools-for-stm32.13.3.rel1.win32_1.0.0.202411081344/tools/bin/../lib/gcc/arm-none-eabi/13.3.1/../../../../arm-none-eabi/lib/thumb/v7e-m+fp/hard\libc.a(libc_a-sbrkr.o)
                0x0800a140                _sbrk_r
 .text.__libc_fini_array
                0x0800a160       0x28 C:/ST/STM32CubeIDE_1.18.0/STM32CubeIDE/plugins/com.st.stm32cube.ide.mcu.externaltools.gnu-tools-for-stm32.13.3.rel1.win32_1.0.0.202411081344/tools/bin/../lib/gcc/arm-none-eabi/13.3.1/../../../../arm-none-eabi/lib/thumb/v7e-m+fp/hard\libc.a(libc_a-fini.o)
                0x0800a160                __libc_fini_array
 .text.sysconf  0x0800a188       0x18 C:/ST/STM32CubeIDE_1.18.0/STM32CubeIDE/plugins/com.st.stm32cube.ide.mcu.externaltools.gnu-tools-for-stm32.13.3.rel1.win32_1.0.0.202411081344/tools/bin/../lib/gcc/arm-none-eabi/13.3.1/../../../../arm-none-eabi/lib/thumb/v7e-m+fp/hard\libc.a(libc_a-sysconf.o)
                0x0800a188                sysconf
 .text.frexp    0x0800a1a0       0x68 C:/ST/STM32CubeIDE_1.18.0/STM32CubeIDE/plugins/com.st.stm32cube.ide.mcu.externaltools.gnu-tools-for-stm32.13.3.rel1.win32_1.0.0.202411081344/tools/bin/../lib/gcc/arm-none-eabi/13.3.1/../../../../arm-none-eabi/lib/thumb/v7e-m+fp/hard\libc.a(libm_a-s_frexp.o)
                0x0800a1a0                frexp
 .text.__register_exitproc
                0x0800a208       0x80 C:/ST/STM32CubeIDE_1.18.0/STM32CubeIDE/plugins/com.st.stm32cube.ide.mcu.externaltools.gnu-tools-for-stm32.13.3.rel1.win32_1.0.0.202411081344/tools/bin/../lib/gcc/arm-none-eabi/13.3.1/../../../../arm-none-eabi/lib/thumb/v7e-m+fp/hard\libc.a(libc_a-__atexit.o)
                0x0800a208                __register_exitproc
 .text.quorem   0x0800a288      0x110 C:/ST/STM32CubeIDE_1.18.0/STM32CubeIDE/plugins/com.st.stm32cube.ide.mcu.externaltools.gnu-tools-for-stm32.13.3.rel1.win32_1.0.0.202411081344/tools/bin/../lib/gcc/arm-none-eabi/13.3.1/../../../../arm-none-eabi/lib/thumb/v7e-m+fp/hard\libc.a(libc_a-dtoa.o)
 .text._dtoa_r  0x0800a398      0xb6c C:/ST/STM32CubeIDE_1.18.0/STM32CubeIDE/plugins/com.st.stm32cube.ide.mcu.externaltools.gnu-tools-for-stm32.13.3.rel1.win32_1.0.0.202411081344/tools/bin/../lib/gcc/arm-none-eabi/13.3.1/../../../../arm-none-eabi/lib/thumb/v7e-m+fp/hard\libc.a(libc_a-dtoa.o)
                0x0800a398                _dtoa_r
 .text._Balloc  0x0800af04       0x4a C:/ST/STM32CubeIDE_1.18.0/STM32CubeIDE/plugins/com.st.stm32cube.ide.mcu.externaltools.gnu-tools-for-stm32.13.3.rel1.win32_1.0.0.202411081344/tools/bin/../lib/gcc/arm-none-eabi/13.3.1/../../../../arm-none-eabi/lib/thumb/v7e-m+fp/hard\libc.a(libc_a-mprec.o)
                0x0800af04                _Balloc
 .text._Bfree   0x0800af4e       0x12 C:/ST/STM32CubeIDE_1.18.0/STM32CubeIDE/plugins/com.st.stm32cube.ide.mcu.externaltools.gnu-tools-for-stm32.13.3.rel1.win32_1.0.0.202411081344/tools/bin/../lib/gcc/arm-none-eabi/13.3.1/../../../../arm-none-eabi/lib/thumb/v7e-m+fp/hard\libc.a(libc_a-mprec.o)
                0x0800af4e                _Bfree
 .text.__multadd
                0x0800af60       0x8c C:/ST/STM32CubeIDE_1.18.0/STM32CubeIDE/plugins/com.st.stm32cube.ide.mcu.externaltools.gnu-tools-for-stm32.13.3.rel1.win32_1.0.0.202411081344/tools/bin/../lib/gcc/arm-none-eabi/13.3.1/../../../../arm-none-eabi/lib/thumb/v7e-m+fp/hard\libc.a(libc_a-mprec.o)
                0x0800af60                __multadd
 .text.__hi0bits
                0x0800afec       0x3e C:/ST/STM32CubeIDE_1.18.0/STM32CubeIDE/plugins/com.st.stm32cube.ide.mcu.externaltools.gnu-tools-for-stm32.13.3.rel1.win32_1.0.0.202411081344/tools/bin/../lib/gcc/arm-none-eabi/13.3.1/../../../../arm-none-eabi/lib/thumb/v7e-m+fp/hard\libc.a(libc_a-mprec.o)
                0x0800afec                __hi0bits
 .text.__lo0bits
                0x0800b02a       0x5a C:/ST/STM32CubeIDE_1.18.0/STM32CubeIDE/plugins/com.st.stm32cube.ide.mcu.externaltools.gnu-tools-for-stm32.13.3.rel1.win32_1.0.0.202411081344/tools/bin/../lib/gcc/arm-none-eabi/13.3.1/../../../../arm-none-eabi/lib/thumb/v7e-m+fp/hard\libc.a(libc_a-mprec.o)
                0x0800b02a                __lo0bits
 .text.__i2b    0x0800b084       0x2c C:/ST/STM32CubeIDE_1.18.0/STM32CubeIDE/plugins/com.st.stm32cube.ide.mcu.externaltools.gnu-tools-for-stm32.13.3.rel1.win32_1.0.0.202411081344/tools/bin/../lib/gcc/arm-none-eabi/13.3.1/../../../../arm-none-eabi/lib/thumb/v7e-m+fp/hard\libc.a(libc_a-mprec.o)
                0x0800b084                __i2b
 .text.__multiply
                0x0800b0b0      0x144 C:/ST/STM32CubeIDE_1.18.0/STM32CubeIDE/plugins/com.st.stm32cube.ide.mcu.externaltools.gnu-tools-for-stm32.13.3.rel1.win32_1.0.0.202411081344/tools/bin/../lib/gcc/arm-none-eabi/13.3.1/../../../../arm-none-eabi/lib/thumb/v7e-m+fp/hard\libc.a(libc_a-mprec.o)
                0x0800b0b0                __multiply
 .text.__pow5mult
                0x0800b1f4       0x80 C:/ST/STM32CubeIDE_1.18.0/STM32CubeIDE/plugins/com.st.stm32cube.ide.mcu.externaltools.gnu-tools-for-stm32.13.3.rel1.win32_1.0.0.202411081344/tools/bin/../lib/gcc/arm-none-eabi/13.3.1/../../../../arm-none-eabi/lib/thumb/v7e-m+fp/hard\libc.a(libc_a-mprec.o)
                0x0800b1f4                __pow5mult
 .text.__lshift
                0x0800b274       0xd8 C:/ST/STM32CubeIDE_1.18.0/STM32CubeIDE/plugins/com.st.stm32cube.ide.mcu.externaltools.gnu-tools-for-stm32.13.3.rel1.win32_1.0.0.202411081344/tools/bin/../lib/gcc/arm-none-eabi/13.3.1/../../../../arm-none-eabi/lib/thumb/v7e-m+fp/hard\libc.a(libc_a-mprec.o)
                0x0800b274                __lshift
 .text.__mcmp   0x0800b34c       0x36 C:/ST/STM32CubeIDE_1.18.0/STM32CubeIDE/plugins/com.st.stm32cube.ide.mcu.externaltools.gnu-tools-for-stm32.13.3.rel1.win32_1.0.0.202411081344/tools/bin/../lib/gcc/arm-none-eabi/13.3.1/../../../../arm-none-eabi/lib/thumb/v7e-m+fp/hard\libc.a(libc_a-mprec.o)
                0x0800b34c                __mcmp
 *fill*         0x0800b382        0x2 
 .text.__mdiff  0x0800b384      0x128 C:/ST/STM32CubeIDE_1.18.0/STM32CubeIDE/plugins/com.st.stm32cube.ide.mcu.externaltools.gnu-tools-for-stm32.13.3.rel1.win32_1.0.0.202411081344/tools/bin/../lib/gcc/arm-none-eabi/13.3.1/../../../../arm-none-eabi/lib/thumb/v7e-m+fp/hard\libc.a(libc_a-mprec.o)
                0x0800b384                __mdiff
 .text.__d2b    0x0800b4ac       0xb0 C:/ST/STM32CubeIDE_1.18.0/STM32CubeIDE/plugins/com.st.stm32cube.ide.mcu.externaltools.gnu-tools-for-stm32.13.3.rel1.win32_1.0.0.202411081344/tools/bin/../lib/gcc/arm-none-eabi/13.3.1/../../../../arm-none-eabi/lib/thumb/v7e-m+fp/hard\libc.a(libc_a-mprec.o)
                0x0800b4ac                __d2b
 .text.__ssputs_r
                0x0800b55c       0xb6 C:/ST/STM32CubeIDE_1.18.0/STM32CubeIDE/plugins/com.st.stm32cube.ide.mcu.externaltools.gnu-tools-for-stm32.13.3.rel1.win32_1.0.0.202411081344/tools/bin/../lib/gcc/arm-none-eabi/13.3.1/../../../../arm-none-eabi/lib/thumb/v7e-m+fp/hard\libc.a(libc_a-ssputs_r.o)
                0x0800b55c                __ssputs_r
 .text.memmove  0x0800b612       0x34 C:/ST/STM32CubeIDE_1.18.0/STM32CubeIDE/plugins/com.st.stm32cube.ide.mcu.externaltools.gnu-tools-for-stm32.13.3.rel1.win32_1.0.0.202411081344/tools/bin/../lib/gcc/arm-none-eabi/13.3.1/../../../../arm-none-eabi/lib/thumb/v7e-m+fp/hard\libc.a(libc_a-memmove.o)
                0x0800b612                memmove
 .text.memcpy   0x0800b646       0x1c C:/ST/STM32CubeIDE_1.18.0/STM32CubeIDE/plugins/com.st.stm32cube.ide.mcu.externaltools.gnu-tools-for-stm32.13.3.rel1.win32_1.0.0.202411081344/tools/bin/../lib/gcc/arm-none-eabi/13.3.1/../../../../arm-none-eabi/lib/thumb/v7e-m+fp/hard\libc.a(libc_a-memcpy-stub.o)
                0x0800b646                memcpy
 *fill*         0x0800b662        0x2 
 .text.__assert_func
                0x0800b664       0x3c C:/ST/STM32CubeIDE_1.18.0/STM32CubeIDE/plugins/com.st.stm32cube.ide.mcu.externaltools.gnu-tools-for-stm32.13.3.rel1.win32_1.0.0.202411081344/tools/bin/../lib/gcc/arm-none-eabi/13.3.1/../../../../arm-none-eabi/lib/thumb/v7e-m+fp/hard\libc.a(libc_a-assert.o)
                0x0800b664                __assert_func
 .text._calloc_r
                0x0800b6a0       0x6a C:/ST/STM32CubeIDE_1.18.0/STM32CubeIDE/plugins/com.st.stm32cube.ide.mcu.externaltools.gnu-tools-for-stm32.13.3.rel1.win32_1.0.0.202411081344/tools/bin/../lib/gcc/arm-none-eabi/13.3.1/../../../../arm-none-eabi/lib/thumb/v7e-m+fp/hard\libc.a(libc_a-callocr.o)
                0x0800b6a0                _calloc_r
 .text.__ascii_mbtowc
                0x0800b70a       0x24 C:/ST/STM32CubeIDE_1.18.0/STM32CubeIDE/plugins/com.st.stm32cube.ide.mcu.externaltools.gnu-tools-for-stm32.13.3.rel1.win32_1.0.0.202411081344/tools/bin/../lib/gcc/arm-none-eabi/13.3.1/../../../../arm-none-eabi/lib/thumb/v7e-m+fp/hard\libc.a(libc_a-mbtowc_r.o)
                0x0800b70a                __ascii_mbtowc
 *fill*         0x0800b72e        0x2 
 .text._realloc_r
                0x0800b730      0x350 C:/ST/STM32CubeIDE_1.18.0/STM32CubeIDE/plugins/com.st.stm32cube.ide.mcu.externaltools.gnu-tools-for-stm32.13.3.rel1.win32_1.0.0.202411081344/tools/bin/../lib/gcc/arm-none-eabi/13.3.1/../../../../arm-none-eabi/lib/thumb/v7e-m+fp/hard\libc.a(libc_a-reallocr.o)
                0x0800b730                _realloc_r
 .text.__ascii_wctomb
                0x0800ba80       0x1a C:/ST/STM32CubeIDE_1.18.0/STM32CubeIDE/plugins/com.st.stm32cube.ide.mcu.externaltools.gnu-tools-for-stm32.13.3.rel1.win32_1.0.0.202411081344/tools/bin/../lib/gcc/arm-none-eabi/13.3.1/../../../../arm-none-eabi/lib/thumb/v7e-m+fp/hard\libc.a(libc_a-wctomb_r.o)
                0x0800ba80                __ascii_wctomb
 *fill*         0x0800ba9a        0x2 
 .text.fiprintf
                0x0800ba9c       0x24 C:/ST/STM32CubeIDE_1.18.0/STM32CubeIDE/plugins/com.st.stm32cube.ide.mcu.externaltools.gnu-tools-for-stm32.13.3.rel1.win32_1.0.0.202411081344/tools/bin/../lib/gcc/arm-none-eabi/13.3.1/../../../../arm-none-eabi/lib/thumb/v7e-m+fp/hard\libc.a(libc_a-fiprintf.o)
                0x0800ba9c                fiprintf
 .text._vfiprintf_r
                0x0800bac0      0x910 C:/ST/STM32CubeIDE_1.18.0/STM32CubeIDE/plugins/com.st.stm32cube.ide.mcu.externaltools.gnu-tools-for-stm32.13.3.rel1.win32_1.0.0.202411081344/tools/bin/../lib/gcc/arm-none-eabi/13.3.1/../../../../arm-none-eabi/lib/thumb/v7e-m+fp/hard\libc.a(libc_a-vfiprintf.o)
                0x0800bac0                _vfiprintf_r
 .text.__sbprintf
                0x0800c3d0       0x80 C:/ST/STM32CubeIDE_1.18.0/STM32CubeIDE/plugins/com.st.stm32cube.ide.mcu.externaltools.gnu-tools-for-stm32.13.3.rel1.win32_1.0.0.202411081344/tools/bin/../lib/gcc/arm-none-eabi/13.3.1/../../../../arm-none-eabi/lib/thumb/v7e-m+fp/hard\libc.a(libc_a-vfiprintf.o)
 .text.__sprint_r
                0x0800c450       0x1a C:/ST/STM32CubeIDE_1.18.0/STM32CubeIDE/plugins/com.st.stm32cube.ide.mcu.externaltools.gnu-tools-for-stm32.13.3.rel1.win32_1.0.0.202411081344/tools/bin/../lib/gcc/arm-none-eabi/13.3.1/../../../../arm-none-eabi/lib/thumb/v7e-m+fp/hard\libc.a(libc_a-sprint_r.o)
                0x0800c450                __sprint_r
 *fill*         0x0800c46a        0x2 
 .text.__sfvwrite_r
                0x0800c46c      0x298 C:/ST/STM32CubeIDE_1.18.0/STM32CubeIDE/plugins/com.st.stm32cube.ide.mcu.externaltools.gnu-tools-for-stm32.13.3.rel1.win32_1.0.0.202411081344/tools/bin/../lib/gcc/arm-none-eabi/13.3.1/../../../../arm-none-eabi/lib/thumb/v7e-m+fp/hard\libc.a(libc_a-fvwrite.o)
                0x0800c46c                __sfvwrite_r
 .text.__swsetup_r
                0x0800c704       0xac C:/ST/STM32CubeIDE_1.18.0/STM32CubeIDE/plugins/com.st.stm32cube.ide.mcu.externaltools.gnu-tools-for-stm32.13.3.rel1.win32_1.0.0.202411081344/tools/bin/../lib/gcc/arm-none-eabi/13.3.1/../../../../arm-none-eabi/lib/thumb/v7e-m+fp/hard\libc.a(libc_a-wsetup.o)
                0x0800c704                __swsetup_r
 .text.abort    0x0800c7b0        0xe C:/ST/STM32CubeIDE_1.18.0/STM32CubeIDE/plugins/com.st.stm32cube.ide.mcu.externaltools.gnu-tools-for-stm32.13.3.rel1.win32_1.0.0.202411081344/tools/bin/../lib/gcc/arm-none-eabi/13.3.1/../../../../arm-none-eabi/lib/thumb/v7e-m+fp/hard\libc.a(libc_a-abort.o)
                0x0800c7b0                abort
 .text.__swhatbuf_r
                0x0800c7be       0x50 C:/ST/STM32CubeIDE_1.18.0/STM32CubeIDE/plugins/com.st.stm32cube.ide.mcu.externaltools.gnu-tools-for-stm32.13.3.rel1.win32_1.0.0.202411081344/tools/bin/../lib/gcc/arm-none-eabi/13.3.1/../../../../arm-none-eabi/lib/thumb/v7e-m+fp/hard\libc.a(libc_a-makebuf.o)
                0x0800c7be                __swhatbuf_r
 .text.__smakebuf_r
                0x0800c80e       0x78 C:/ST/STM32CubeIDE_1.18.0/STM32CubeIDE/plugins/com.st.stm32cube.ide.mcu.externaltools.gnu-tools-for-stm32.13.3.rel1.win32_1.0.0.202411081344/tools/bin/../lib/gcc/arm-none-eabi/13.3.1/../../../../arm-none-eabi/lib/thumb/v7e-m+fp/hard\libc.a(libc_a-makebuf.o)
                0x0800c80e                __smakebuf_r
 .text._raise_r
                0x0800c886       0x52 C:/ST/STM32CubeIDE_1.18.0/STM32CubeIDE/plugins/com.st.stm32cube.ide.mcu.externaltools.gnu-tools-for-stm32.13.3.rel1.win32_1.0.0.202411081344/tools/bin/../lib/gcc/arm-none-eabi/13.3.1/../../../../arm-none-eabi/lib/thumb/v7e-m+fp/hard\libc.a(libc_a-signal.o)
                0x0800c886                _raise_r
 .text.raise    0x0800c8d8       0x10 C:/ST/STM32CubeIDE_1.18.0/STM32CubeIDE/plugins/com.st.stm32cube.ide.mcu.externaltools.gnu-tools-for-stm32.13.3.rel1.win32_1.0.0.202411081344/tools/bin/../lib/gcc/arm-none-eabi/13.3.1/../../../../arm-none-eabi/lib/thumb/v7e-m+fp/hard\libc.a(libc_a-signal.o)
                0x0800c8d8                raise
 .text._fstat_r
                0x0800c8e8       0x24 C:/ST/STM32CubeIDE_1.18.0/STM32CubeIDE/plugins/com.st.stm32cube.ide.mcu.externaltools.gnu-tools-for-stm32.13.3.rel1.win32_1.0.0.202411081344/tools/bin/../lib/gcc/arm-none-eabi/13.3.1/../../../../arm-none-eabi/lib/thumb/v7e-m+fp/hard\libc.a(libc_a-fstatr.o)
                0x0800c8e8                _fstat_r
 .text._isatty_r
                0x0800c90c       0x20 C:/ST/STM32CubeIDE_1.18.0/STM32CubeIDE/plugins/com.st.stm32cube.ide.mcu.externaltools.gnu-tools-for-stm32.13.3.rel1.win32_1.0.0.202411081344/tools/bin/../lib/gcc/arm-none-eabi/13.3.1/../../../../arm-none-eabi/lib/thumb/v7e-m+fp/hard\libc.a(libc_a-isattyr.o)
                0x0800c90c                _isatty_r
 .text._kill_r  0x0800c92c       0x24 C:/ST/STM32CubeIDE_1.18.0/STM32CubeIDE/plugins/com.st.stm32cube.ide.mcu.externaltools.gnu-tools-for-stm32.13.3.rel1.win32_1.0.0.202411081344/tools/bin/../lib/gcc/arm-none-eabi/13.3.1/../../../../arm-none-eabi/lib/thumb/v7e-m+fp/hard\libc.a(libc_a-signalr.o)
                0x0800c92c                _kill_r
 .text._getpid_r
                0x0800c950        0x4 C:/ST/STM32CubeIDE_1.18.0/STM32CubeIDE/plugins/com.st.stm32cube.ide.mcu.externaltools.gnu-tools-for-stm32.13.3.rel1.win32_1.0.0.202411081344/tools/bin/../lib/gcc/arm-none-eabi/13.3.1/../../../../arm-none-eabi/lib/thumb/v7e-m+fp/hard\libc.a(libc_a-signalr.o)
                0x0800c950                _getpid_r
 *(.glue_7)
 .glue_7        0x0800c954        0x0 linker stubs
 *(.glue_7t)
 .glue_7t       0x0800c954        0x0 linker stubs
 *(.eh_frame)
 .eh_frame      0x0800c954        0x0 C:/ST/STM32CubeIDE_1.18.0/STM32CubeIDE/plugins/com.st.stm32cube.ide.mcu.externaltools.gnu-tools-for-stm32.13.3.rel1.win32_1.0.0.202411081344/tools/bin/../lib/gcc/arm-none-eabi/13.3.1/thumb/v7e-m+fp/hard/crtbegin.o
 *(.init)
 .init          0x0800c954        0x4 C:/ST/STM32CubeIDE_1.18.0/STM32CubeIDE/plugins/com.st.stm32cube.ide.mcu.externaltools.gnu-tools-for-stm32.13.3.rel1.win32_1.0.0.202411081344/tools/bin/../lib/gcc/arm-none-eabi/13.3.1/thumb/v7e-m+fp/hard/crti.o
                0x0800c954                _init
 .init          0x0800c958        0x8 C:/ST/STM32CubeIDE_1.18.0/STM32CubeIDE/plugins/com.st.stm32cube.ide.mcu.externaltools.gnu-tools-for-stm32.13.3.rel1.win32_1.0.0.202411081344/tools/bin/../lib/gcc/arm-none-eabi/13.3.1/thumb/v7e-m+fp/hard/crtn.o
 *(.fini)
 .fini          0x0800c960        0x4 C:/ST/STM32CubeIDE_1.18.0/STM32CubeIDE/plugins/com.st.stm32cube.ide.mcu.externaltools.gnu-tools-for-stm32.13.3.rel1.win32_1.0.0.202411081344/tools/bin/../lib/gcc/arm-none-eabi/13.3.1/thumb/v7e-m+fp/hard/crti.o
                0x0800c960                _fini
 .fini          0x0800c964        0x8 C:/ST/STM32CubeIDE_1.18.0/STM32CubeIDE/plugins/com.st.stm32cube.ide.mcu.externaltools.gnu-tools-for-stm32.13.3.rel1.win32_1.0.0.202411081344/tools/bin/../lib/gcc/arm-none-eabi/13.3.1/thumb/v7e-m+fp/hard/crtn.o
                0x0800c96c                        . = ALIGN (0x4)
                0x0800c96c                        _etext = .

.vfp11_veneer   0x0800c96c        0x0
 .vfp11_veneer  0x0800c96c        0x0 linker stubs

.v4_bx          0x0800c96c        0x0
 .v4_bx         0x0800c96c        0x0 linker stubs

.iplt           0x0800c96c        0x0
 .iplt          0x0800c96c        0x0 C:/ST/STM32CubeIDE_1.18.0/STM32CubeIDE/plugins/com.st.stm32cube.ide.mcu.externaltools.gnu-tools-for-stm32.13.3.rel1.win32_1.0.0.202411081344/tools/bin/../lib/gcc/arm-none-eabi/13.3.1/thumb/v7e-m+fp/hard/crtbegin.o

.rodata         0x0800c970      0x51c
                0x0800c970                        . = ALIGN (0x4)
 *(.rodata)
 .rodata        0x0800c970       0x1b ./Core/Src/main.o
 *fill*         0x0800c98b        0x1 
 .rodata        0x0800c98c       0x28 ./X-CUBE-SUBG2/App/app_x-cube-subg2.o
 .rodata        0x0800c9b4       0x23 ./X-CUBE-SUBG2/Target/s2lp_management.o
 *(.rodata*)
 *fill*         0x0800c9d7        0x1 
 .rodata.AHBPrescTable
                0x0800c9d8       0x10 ./Core/Src/system_stm32l4xx.o
                0x0800c9d8                AHBPrescTable
 .rodata.APBPrescTable
                0x0800c9e8        0x8 ./Core/Src/system_stm32l4xx.o
                0x0800c9e8                APBPrescTable
 .rodata.MSIRangeTable
                0x0800c9f0       0x30 ./Core/Src/system_stm32l4xx.o
                0x0800c9f0                MSIRangeTable
 .rodata.s_vectnBandwidth26M
                0x0800ca20       0xb4 ./Drivers/BSP/Components/S2LP/S2LP_Library/src/S2LP_Radio.o
 .rodata.S2868A1_RADIO_GPIO_SPEED
                0x0800cad4        0x8 ./Drivers/BSP/S2868A1/s2868a1.o
 .rodata.S2868A1_RADIO_GPIO_PULL_MODE
                0x0800cadc        0x8 ./Drivers/BSP/S2868A1/s2868a1.o
 .rodata.S2868A1_RADIO_GPIO_PIN
                0x0800cae4        0x4 ./Drivers/BSP/S2868A1/s2868a1.o
 .rodata.LedGpioInit.4
                0x0800cae8        0x4 ./Drivers/BSP/custom/custom.o
 .rodata.ButtonGpioInit.3
                0x0800caec        0x4 ./Drivers/BSP/custom/custom.o
 .rodata.BUTTON_EXTI_LINE.2
                0x0800caf0        0x4 ./Drivers/BSP/custom/custom.o
 .rodata.ButtonCallback.1
                0x0800caf4        0x4 ./Drivers/BSP/custom/custom.o
 .rodata.BSP_BUTTON_PRIO.0
                0x0800caf8        0x4 ./Drivers/BSP/custom/custom.o
 .rodata._svfprintf_r.str1.1
                0x0800cafc      0x149 C:/ST/STM32CubeIDE_1.18.0/STM32CubeIDE/plugins/com.st.stm32cube.ide.mcu.externaltools.gnu-tools-for-stm32.13.3.rel1.win32_1.0.0.202411081344/tools/bin/../lib/gcc/arm-none-eabi/13.3.1/../../../../arm-none-eabi/lib/thumb/v7e-m+fp/hard\libc.a(libc_a-svfprintf.o)
                                 0x34 (size before relaxing)
 .rodata.zeroes.0
                0x0800cc45       0x10 C:/ST/STM32CubeIDE_1.18.0/STM32CubeIDE/plugins/com.st.stm32cube.ide.mcu.externaltools.gnu-tools-for-stm32.13.3.rel1.win32_1.0.0.202411081344/tools/bin/../lib/gcc/arm-none-eabi/13.3.1/../../../../arm-none-eabi/lib/thumb/v7e-m+fp/hard\libc.a(libc_a-svfprintf.o)
 .rodata.blanks.1
                0x0800cc55       0x10 C:/ST/STM32CubeIDE_1.18.0/STM32CubeIDE/plugins/com.st.stm32cube.ide.mcu.externaltools.gnu-tools-for-stm32.13.3.rel1.win32_1.0.0.202411081344/tools/bin/../lib/gcc/arm-none-eabi/13.3.1/../../../../arm-none-eabi/lib/thumb/v7e-m+fp/hard\libc.a(libc_a-svfprintf.o)
 .rodata._dtoa_r.str1.1
                0x0800cc65       0x78 C:/ST/STM32CubeIDE_1.18.0/STM32CubeIDE/plugins/com.st.stm32cube.ide.mcu.externaltools.gnu-tools-for-stm32.13.3.rel1.win32_1.0.0.202411081344/tools/bin/../lib/gcc/arm-none-eabi/13.3.1/../../../../arm-none-eabi/lib/thumb/v7e-m+fp/hard\libc.a(libc_a-dtoa.o)
 .rodata.__multadd.str1.1
                0x0800cc65       0x6a C:/ST/STM32CubeIDE_1.18.0/STM32CubeIDE/plugins/com.st.stm32cube.ide.mcu.externaltools.gnu-tools-for-stm32.13.3.rel1.win32_1.0.0.202411081344/tools/bin/../lib/gcc/arm-none-eabi/13.3.1/../../../../arm-none-eabi/lib/thumb/v7e-m+fp/hard\libc.a(libc_a-mprec.o)
 *fill*         0x0800cc65        0x3 
 .rodata.p05.0  0x0800cc68        0xc C:/ST/STM32CubeIDE_1.18.0/STM32CubeIDE/plugins/com.st.stm32cube.ide.mcu.externaltools.gnu-tools-for-stm32.13.3.rel1.win32_1.0.0.202411081344/tools/bin/../lib/gcc/arm-none-eabi/13.3.1/../../../../arm-none-eabi/lib/thumb/v7e-m+fp/hard\libc.a(libc_a-mprec.o)
 *fill*         0x0800cc74        0x4 
 .rodata.__mprec_bigtens
                0x0800cc78       0x28 C:/ST/STM32CubeIDE_1.18.0/STM32CubeIDE/plugins/com.st.stm32cube.ide.mcu.externaltools.gnu-tools-for-stm32.13.3.rel1.win32_1.0.0.202411081344/tools/bin/../lib/gcc/arm-none-eabi/13.3.1/../../../../arm-none-eabi/lib/thumb/v7e-m+fp/hard\libc.a(libc_a-mprec.o)
                0x0800cc78                __mprec_bigtens
 .rodata.__mprec_tens
                0x0800cca0       0xc8 C:/ST/STM32CubeIDE_1.18.0/STM32CubeIDE/plugins/com.st.stm32cube.ide.mcu.externaltools.gnu-tools-for-stm32.13.3.rel1.win32_1.0.0.202411081344/tools/bin/../lib/gcc/arm-none-eabi/13.3.1/../../../../arm-none-eabi/lib/thumb/v7e-m+fp/hard\libc.a(libc_a-mprec.o)
                0x0800cca0                __mprec_tens
 .rodata._setlocale_r.str1.1
                0x0800cd68        0x9 C:/ST/STM32CubeIDE_1.18.0/STM32CubeIDE/plugins/com.st.stm32cube.ide.mcu.externaltools.gnu-tools-for-stm32.13.3.rel1.win32_1.0.0.202411081344/tools/bin/../lib/gcc/arm-none-eabi/13.3.1/../../../../arm-none-eabi/lib/thumb/v7e-m+fp/hard\libc.a(libc_a-locale.o)
 .rodata.str1.1
                0x0800cd68        0x2 C:/ST/STM32CubeIDE_1.18.0/STM32CubeIDE/plugins/com.st.stm32cube.ide.mcu.externaltools.gnu-tools-for-stm32.13.3.rel1.win32_1.0.0.202411081344/tools/bin/../lib/gcc/arm-none-eabi/13.3.1/../../../../arm-none-eabi/lib/thumb/v7e-m+fp/hard\libc.a(libc_a-locale.o)
 .rodata.__assert_func.str1.1
                0x0800cd68       0x3d C:/ST/STM32CubeIDE_1.18.0/STM32CubeIDE/plugins/com.st.stm32cube.ide.mcu.externaltools.gnu-tools-for-stm32.13.3.rel1.win32_1.0.0.202411081344/tools/bin/../lib/gcc/arm-none-eabi/13.3.1/../../../../arm-none-eabi/lib/thumb/v7e-m+fp/hard\libc.a(libc_a-assert.o)
 .rodata._ctype_
                0x0800cd68      0x101 C:/ST/STM32CubeIDE_1.18.0/STM32CubeIDE/plugins/com.st.stm32cube.ide.mcu.externaltools.gnu-tools-for-stm32.13.3.rel1.win32_1.0.0.202411081344/tools/bin/../lib/gcc/arm-none-eabi/13.3.1/../../../../arm-none-eabi/lib/thumb/v7e-m+fp/hard\libc.a(libc_a-ctype_.o)
                0x0800cd68                _ctype_
 .rodata._vfiprintf_r.str1.1
                0x0800ce69       0x22 C:/ST/STM32CubeIDE_1.18.0/STM32CubeIDE/plugins/com.st.stm32cube.ide.mcu.externaltools.gnu-tools-for-stm32.13.3.rel1.win32_1.0.0.202411081344/tools/bin/../lib/gcc/arm-none-eabi/13.3.1/../../../../arm-none-eabi/lib/thumb/v7e-m+fp/hard\libc.a(libc_a-vfiprintf.o)
 .rodata.zeroes.0
                0x0800ce69       0x10 C:/ST/STM32CubeIDE_1.18.0/STM32CubeIDE/plugins/com.st.stm32cube.ide.mcu.externaltools.gnu-tools-for-stm32.13.3.rel1.win32_1.0.0.202411081344/tools/bin/../lib/gcc/arm-none-eabi/13.3.1/../../../../arm-none-eabi/lib/thumb/v7e-m+fp/hard\libc.a(libc_a-vfiprintf.o)
 .rodata.blanks.1
                0x0800ce79       0x10 C:/ST/STM32CubeIDE_1.18.0/STM32CubeIDE/plugins/com.st.stm32cube.ide.mcu.externaltools.gnu-tools-for-stm32.13.3.rel1.win32_1.0.0.202411081344/tools/bin/../lib/gcc/arm-none-eabi/13.3.1/../../../../arm-none-eabi/lib/thumb/v7e-m+fp/hard\libc.a(libc_a-vfiprintf.o)
                0x0800ce8c                        . = ALIGN (0x4)
 *fill*         0x0800ce89        0x3 

.ARM.extab      0x0800ce8c        0x0
                0x0800ce8c                        . = ALIGN (0x4)
 *(.ARM.extab* .gnu.linkonce.armextab.*)
                0x0800ce8c                        . = ALIGN (0x4)

.ARM            0x0800ce8c        0x8
                0x0800ce8c                        . = ALIGN (0x4)
                0x0800ce8c                        __exidx_start = .
 *(.ARM.exidx*)
 .ARM.exidx     0x0800ce8c        0x8 C:/ST/STM32CubeIDE_1.18.0/STM32CubeIDE/plugins/com.st.stm32cube.ide.mcu.externaltools.gnu-tools-for-stm32.13.3.rel1.win32_1.0.0.202411081344/tools/bin/../lib/gcc/arm-none-eabi/13.3.1/../../../../arm-none-eabi/lib/thumb/v7e-m+fp/hard\libc.a(libc_a-strlen.o)
 .ARM.exidx     0x0800ce94        0x0 C:/ST/STM32CubeIDE_1.18.0/STM32CubeIDE/plugins/com.st.stm32cube.ide.mcu.externaltools.gnu-tools-for-stm32.13.3.rel1.win32_1.0.0.202411081344/tools/bin/../lib/gcc/arm-none-eabi/13.3.1/../../../../arm-none-eabi/lib/thumb/v7e-m+fp/hard\libc.a(libc_a-memchr.o)
                                  0x8 (size before relaxing)
 .ARM.exidx     0x0800ce94        0x0 C:/ST/STM32CubeIDE_1.18.0/STM32CubeIDE/plugins/com.st.stm32cube.ide.mcu.externaltools.gnu-tools-for-stm32.13.3.rel1.win32_1.0.0.202411081344/tools/bin/../lib/gcc/arm-none-eabi/13.3.1/thumb/v7e-m+fp/hard\libgcc.a(_udivmoddi4.o)
                                  0x8 (size before relaxing)
                0x0800ce94                        __exidx_end = .
                0x0800ce94                        . = ALIGN (0x4)

.preinit_array  0x0800ce94        0x0
                0x0800ce94                        . = ALIGN (0x4)
                0x0800ce94                        PROVIDE (__preinit_array_start = .)
 *(.preinit_array*)
                0x0800ce94                        PROVIDE (__preinit_array_end = .)
                0x0800ce94                        . = ALIGN (0x4)

.init_array     0x0800ce94        0x8
                0x0800ce94                        . = ALIGN (0x4)
                0x0800ce94                        PROVIDE (__init_array_start = .)
 *(SORT_BY_NAME(.init_array.*))
 .init_array.00000
                0x0800ce94        0x4 C:/ST/STM32CubeIDE_1.18.0/STM32CubeIDE/plugins/com.st.stm32cube.ide.mcu.externaltools.gnu-tools-for-stm32.13.3.rel1.win32_1.0.0.202411081344/tools/bin/../lib/gcc/arm-none-eabi/13.3.1/../../../../arm-none-eabi/lib/thumb/v7e-m+fp/hard\libc.a(libc_a-__call_atexit.o)
 *(.init_array*)
 .init_array    0x0800ce98        0x4 C:/ST/STM32CubeIDE_1.18.0/STM32CubeIDE/plugins/com.st.stm32cube.ide.mcu.externaltools.gnu-tools-for-stm32.13.3.rel1.win32_1.0.0.202411081344/tools/bin/../lib/gcc/arm-none-eabi/13.3.1/thumb/v7e-m+fp/hard/crtbegin.o
                0x0800ce9c                        PROVIDE (__init_array_end = .)
                0x0800ce9c                        . = ALIGN (0x4)

.fini_array     0x0800ce9c        0x4
                0x0800ce9c                        . = ALIGN (0x4)
                0x0800ce9c                        PROVIDE (__fini_array_start = .)
 *(SORT_BY_NAME(.fini_array.*))
 *(.fini_array*)
 .fini_array    0x0800ce9c        0x4 C:/ST/STM32CubeIDE_1.18.0/STM32CubeIDE/plugins/com.st.stm32cube.ide.mcu.externaltools.gnu-tools-for-stm32.13.3.rel1.win32_1.0.0.202411081344/tools/bin/../lib/gcc/arm-none-eabi/13.3.1/thumb/v7e-m+fp/hard/crtbegin.o
                0x0800cea0                        PROVIDE (__fini_array_end = .)
                0x0800cea0                        . = ALIGN (0x4)
                0x0800cea0                        _sidata = LOADADDR (.data)

.rel.dyn        0x0800cea0        0x0
 .rel.iplt      0x0800cea0        0x0 C:/ST/STM32CubeIDE_1.18.0/STM32CubeIDE/plugins/com.st.stm32cube.ide.mcu.externaltools.gnu-tools-for-stm32.13.3.rel1.win32_1.0.0.202411081344/tools/bin/../lib/gcc/arm-none-eabi/13.3.1/thumb/v7e-m+fp/hard/crtbegin.o

.data           0x20000000      0x788 load address 0x0800cea0
                0x20000000                        . = ALIGN (0x4)
                0x20000000                        _sdata = .
 *(.data)
 *(.data*)
 .data.SystemCoreClock
                0x20000000        0x4 ./Core/Src/system_stm32l4xx.o
                0x20000000                SystemCoreClock
 .data.s_lXtalFrequency
                0x20000004        0x4 ./Drivers/BSP/Components/S2LP/S2LP_Library/src/S2LP_Radio.o
 .data.S2868A1_RADIO_GPIO_hexti
                0x20000008        0x8 ./Drivers/BSP/S2868A1/s2868a1.o
                0x20000008                S2868A1_RADIO_GPIO_hexti
 .data.S2868A1_RADIO_GPIO_PORT
                0x20000010        0x8 ./Drivers/BSP/S2868A1/s2868a1.o
 .data.hpb_exti
                0x20000018        0x8 ./Drivers/BSP/custom/custom.o
                0x20000018                hpb_exti
 .data.uwTickPrio
                0x20000020        0x4 ./Drivers/STM32L4xx_HAL_Driver/Src/stm32l4xx_hal.o
                0x20000020                uwTickPrio
 .data.uwTickFreq
                0x20000024        0x1 ./Drivers/STM32L4xx_HAL_Driver/Src/stm32l4xx_hal.o
                0x20000024                uwTickFreq
 .data.TxLength
                0x20000025        0x1 ./X-CUBE-SUBG2/App/app_x-cube-subg2.o
                0x20000025                TxLength
 *fill*         0x20000026        0x2 
 .data.aTransmitBuffer
                0x20000028       0x14 ./X-CUBE-SUBG2/App/app_x-cube-subg2.o
                0x20000028                aTransmitBuffer
 .data.GpioIrq  0x2000003c        0x4 ./X-CUBE-SUBG2/App/app_x-cube-subg2.o
 .data.radio_cb
                0x20000040       0x44 ./X-CUBE-SUBG2/App/app_x-cube-subg2.o
                0x20000040                radio_cb
 .data.xGpioIRQ
                0x20000084        0x3 ./X-CUBE-SUBG2/App/app_x-cube-subg2.o
                0x20000084                xGpioIRQ
 *fill*         0x20000087        0x1 
 .data.xRadioInit
                0x20000088       0x14 ./X-CUBE-SUBG2/App/app_x-cube-subg2.o
                0x20000088                xRadioInit
 .data.xBasicInit
                0x2000009c       0x10 ./X-CUBE-SUBG2/App/app_x-cube-subg2.o
                0x2000009c                xBasicInit
 .data.xAddressInit
                0x200000ac        0x6 ./X-CUBE-SUBG2/App/app_x-cube-subg2.o
                0x200000ac                xAddressInit
 .data.s_S2LPCut
                0x200000b2        0x1 ./X-CUBE-SUBG2/Target/s2lp_management.o
 *fill*         0x200000b3        0x1 
 .data.__sglue  0x200000b4        0xc C:/ST/STM32CubeIDE_1.18.0/STM32CubeIDE/plugins/com.st.stm32cube.ide.mcu.externaltools.gnu-tools-for-stm32.13.3.rel1.win32_1.0.0.202411081344/tools/bin/../lib/gcc/arm-none-eabi/13.3.1/../../../../arm-none-eabi/lib/thumb/v7e-m+fp/hard\libc.a(libc_a-findfp.o)
                0x200000b4                __sglue
 .data._impure_ptr
                0x200000c0        0x4 C:/ST/STM32CubeIDE_1.18.0/STM32CubeIDE/plugins/com.st.stm32cube.ide.mcu.externaltools.gnu-tools-for-stm32.13.3.rel1.win32_1.0.0.202411081344/tools/bin/../lib/gcc/arm-none-eabi/13.3.1/../../../../arm-none-eabi/lib/thumb/v7e-m+fp/hard\libc.a(libc_a-impure.o)