../../Drivers/STM32U5xx_HAL_Driver/Inc/stm32u5xx_ll_dlyb.h:93:22:LL_DLYB_Enable	16	static
../../Drivers/STM32U5xx_HAL_Driver/Inc/stm32u5xx_ll_dlyb.h:103:22:LL_DLYB_Disable	16	static
C:/TouchGFXProjects/StockManagement_App2_FIXED_OldGraphics/StockManagement_App2_FIXED_OldGraphics/Drivers/STM32U5xx_HAL_Driver/Src/stm32u5xx_hal_xspi.c:354:19:HAL_XSPI_Init	32	static
C:/TouchGFXProjects/StockManagement_App2_FIXED_OldGraphics/StockManagement_App2_FIXED_OldGraphics/Drivers/STM32U5xx_HAL_Driver/Src/stm32u5xx_hal_xspi.c:519:13:HAL_XSPI_MspInit	16	static
C:/TouchGFXProjects/StockManagement_App2_FIXED_OldGraphics/StockManagement_App2_FIXED_OldGraphics/Drivers/STM32U5xx_HAL_Driver/Src/stm32u5xx_hal_xspi.c:534:19:HAL_XSPI_DeInit	24	static
C:/TouchGFXProjects/StockManagement_App2_FIXED_OldGraphics/StockManagement_App2_FIXED_OldGraphics/Drivers/STM32U5xx_HAL_Driver/Src/stm32u5xx_hal_xspi.c:577:13:HAL_XSPI_MspDeInit	16	static
C:/TouchGFXProjects/StockManagement_App2_FIXED_OldGraphics/StockManagement_App2_FIXED_OldGraphics/Drivers/STM32U5xx_HAL_Driver/Src/stm32u5xx_hal_xspi.c:617:6:HAL_XSPI_IRQHandler	32	static
C:/TouchGFXProjects/StockManagement_App2_FIXED_OldGraphics/StockManagement_App2_FIXED_OldGraphics/Drivers/STM32U5xx_HAL_Driver/Src/stm32u5xx_hal_xspi.c:857:19:HAL_XSPI_Command	48	static
C:/TouchGFXProjects/StockManagement_App2_FIXED_OldGraphics/StockManagement_App2_FIXED_OldGraphics/Drivers/STM32U5xx_HAL_Driver/Src/stm32u5xx_hal_xspi.c:1022:19:HAL_XSPI_Command_IT	32	static
C:/TouchGFXProjects/StockManagement_App2_FIXED_OldGraphics/StockManagement_App2_FIXED_OldGraphics/Drivers/STM32U5xx_HAL_Driver/Src/stm32u5xx_hal_xspi.c:1143:19:HAL_XSPI_HyperbusCfg	48	static
C:/TouchGFXProjects/StockManagement_App2_FIXED_OldGraphics/StockManagement_App2_FIXED_OldGraphics/Drivers/STM32U5xx_HAL_Driver/Src/stm32u5xx_hal_xspi.c:1194:19:HAL_XSPI_HyperbusCmd	40	static
C:/TouchGFXProjects/StockManagement_App2_FIXED_OldGraphics/StockManagement_App2_FIXED_OldGraphics/Drivers/STM32U5xx_HAL_Driver/Src/stm32u5xx_hal_xspi.c:1287:19:HAL_XSPI_Transmit	48	static
C:/TouchGFXProjects/StockManagement_App2_FIXED_OldGraphics/StockManagement_App2_FIXED_OldGraphics/Drivers/STM32U5xx_HAL_Driver/Src/stm32u5xx_hal_xspi.c:1359:19:HAL_XSPI_Receive	56	static
C:/TouchGFXProjects/StockManagement_App2_FIXED_OldGraphics/StockManagement_App2_FIXED_OldGraphics/Drivers/STM32U5xx_HAL_Driver/Src/stm32u5xx_hal_xspi.c:1449:19:HAL_XSPI_Transmit_IT	24	static
C:/TouchGFXProjects/StockManagement_App2_FIXED_OldGraphics/StockManagement_App2_FIXED_OldGraphics/Drivers/STM32U5xx_HAL_Driver/Src/stm32u5xx_hal_xspi.c:1498:19:HAL_XSPI_Receive_IT	32	static
C:/TouchGFXProjects/StockManagement_App2_FIXED_OldGraphics/StockManagement_App2_FIXED_OldGraphics/Drivers/STM32U5xx_HAL_Driver/Src/stm32u5xx_hal_xspi.c:1570:19:HAL_XSPI_Transmit_DMA	32	static
C:/TouchGFXProjects/StockManagement_App2_FIXED_OldGraphics/StockManagement_App2_FIXED_OldGraphics/Drivers/STM32U5xx_HAL_Driver/Src/stm32u5xx_hal_xspi.c:1753:19:HAL_XSPI_Receive_DMA	40	static
C:/TouchGFXProjects/StockManagement_App2_FIXED_OldGraphics/StockManagement_App2_FIXED_OldGraphics/Drivers/STM32U5xx_HAL_Driver/Src/stm32u5xx_hal_xspi.c:1953:19:HAL_XSPI_AutoPolling	48	static
C:/TouchGFXProjects/StockManagement_App2_FIXED_OldGraphics/StockManagement_App2_FIXED_OldGraphics/Drivers/STM32U5xx_HAL_Driver/Src/stm32u5xx_hal_xspi.c:2034:19:HAL_XSPI_AutoPolling_IT	40	static
C:/TouchGFXProjects/StockManagement_App2_FIXED_OldGraphics/StockManagement_App2_FIXED_OldGraphics/Drivers/STM32U5xx_HAL_Driver/Src/stm32u5xx_hal_xspi.c:2107:19:HAL_XSPI_MemoryMapped	32	static
C:/TouchGFXProjects/StockManagement_App2_FIXED_OldGraphics/StockManagement_App2_FIXED_OldGraphics/Drivers/STM32U5xx_HAL_Driver/Src/stm32u5xx_hal_xspi.c:2158:10:HAL_XSPI_IsMemoryMapped	16	static
C:/TouchGFXProjects/StockManagement_App2_FIXED_OldGraphics/StockManagement_App2_FIXED_OldGraphics/Drivers/STM32U5xx_HAL_Driver/Src/stm32u5xx_hal_xspi.c:2181:13:HAL_XSPI_ErrorCallback	16	static
C:/TouchGFXProjects/StockManagement_App2_FIXED_OldGraphics/StockManagement_App2_FIXED_OldGraphics/Drivers/STM32U5xx_HAL_Driver/Src/stm32u5xx_hal_xspi.c:2196:13:HAL_XSPI_AbortCpltCallback	16	static
C:/TouchGFXProjects/StockManagement_App2_FIXED_OldGraphics/StockManagement_App2_FIXED_OldGraphics/Drivers/STM32U5xx_HAL_Driver/Src/stm32u5xx_hal_xspi.c:2211:13:HAL_XSPI_FifoThresholdCallback	16	static
C:/TouchGFXProjects/StockManagement_App2_FIXED_OldGraphics/StockManagement_App2_FIXED_OldGraphics/Drivers/STM32U5xx_HAL_Driver/Src/stm32u5xx_hal_xspi.c:2226:13:HAL_XSPI_CmdCpltCallback	16	static
C:/TouchGFXProjects/StockManagement_App2_FIXED_OldGraphics/StockManagement_App2_FIXED_OldGraphics/Drivers/STM32U5xx_HAL_Driver/Src/stm32u5xx_hal_xspi.c:2241:13:HAL_XSPI_RxCpltCallback	16	static
C:/TouchGFXProjects/StockManagement_App2_FIXED_OldGraphics/StockManagement_App2_FIXED_OldGraphics/Drivers/STM32U5xx_HAL_Driver/Src/stm32u5xx_hal_xspi.c:2256:13:HAL_XSPI_TxCpltCallback	16	static
C:/TouchGFXProjects/StockManagement_App2_FIXED_OldGraphics/StockManagement_App2_FIXED_OldGraphics/Drivers/STM32U5xx_HAL_Driver/Src/stm32u5xx_hal_xspi.c:2271:13:HAL_XSPI_RxHalfCpltCallback	16	static
C:/TouchGFXProjects/StockManagement_App2_FIXED_OldGraphics/StockManagement_App2_FIXED_OldGraphics/Drivers/STM32U5xx_HAL_Driver/Src/stm32u5xx_hal_xspi.c:2286:13:HAL_XSPI_TxHalfCpltCallback	16	static
C:/TouchGFXProjects/StockManagement_App2_FIXED_OldGraphics/StockManagement_App2_FIXED_OldGraphics/Drivers/STM32U5xx_HAL_Driver/Src/stm32u5xx_hal_xspi.c:2301:13:HAL_XSPI_StatusMatchCallback	16	static
C:/TouchGFXProjects/StockManagement_App2_FIXED_OldGraphics/StockManagement_App2_FIXED_OldGraphics/Drivers/STM32U5xx_HAL_Driver/Src/stm32u5xx_hal_xspi.c:2316:13:HAL_XSPI_TimeOutCallback	16	static
C:/TouchGFXProjects/StockManagement_App2_FIXED_OldGraphics/StockManagement_App2_FIXED_OldGraphics/Drivers/STM32U5xx_HAL_Driver/Src/stm32u5xx_hal_xspi.c:2567:19:HAL_XSPI_Abort	32	static
C:/TouchGFXProjects/StockManagement_App2_FIXED_OldGraphics/StockManagement_App2_FIXED_OldGraphics/Drivers/STM32U5xx_HAL_Driver/Src/stm32u5xx_hal_xspi.c:2643:19:HAL_XSPI_Abort_IT	24	static
C:/TouchGFXProjects/StockManagement_App2_FIXED_OldGraphics/StockManagement_App2_FIXED_OldGraphics/Drivers/STM32U5xx_HAL_Driver/Src/stm32u5xx_hal_xspi.c:2735:19:HAL_XSPI_SetFifoThreshold	24	static
C:/TouchGFXProjects/StockManagement_App2_FIXED_OldGraphics/StockManagement_App2_FIXED_OldGraphics/Drivers/STM32U5xx_HAL_Driver/Src/stm32u5xx_hal_xspi.c:2778:10:HAL_XSPI_GetFifoThreshold	16	static
C:/TouchGFXProjects/StockManagement_App2_FIXED_OldGraphics/StockManagement_App2_FIXED_OldGraphics/Drivers/STM32U5xx_HAL_Driver/Src/stm32u5xx_hal_xspi.c:2788:19:HAL_XSPI_SetMemoryType	24	static
C:/TouchGFXProjects/StockManagement_App2_FIXED_OldGraphics/StockManagement_App2_FIXED_OldGraphics/Drivers/STM32U5xx_HAL_Driver/Src/stm32u5xx_hal_xspi.c:2817:19:HAL_XSPI_SetDeviceSize	24	static
C:/TouchGFXProjects/StockManagement_App2_FIXED_OldGraphics/StockManagement_App2_FIXED_OldGraphics/Drivers/STM32U5xx_HAL_Driver/Src/stm32u5xx_hal_xspi.c:2847:19:HAL_XSPI_SetClockPrescaler	24	static
C:/TouchGFXProjects/StockManagement_App2_FIXED_OldGraphics/StockManagement_App2_FIXED_OldGraphics/Drivers/STM32U5xx_HAL_Driver/Src/stm32u5xx_hal_xspi.c:2876:19:HAL_XSPI_SetTimeout	16	static
C:/TouchGFXProjects/StockManagement_App2_FIXED_OldGraphics/StockManagement_App2_FIXED_OldGraphics/Drivers/STM32U5xx_HAL_Driver/Src/stm32u5xx_hal_xspi.c:2887:10:HAL_XSPI_GetError	16	static
C:/TouchGFXProjects/StockManagement_App2_FIXED_OldGraphics/StockManagement_App2_FIXED_OldGraphics/Drivers/STM32U5xx_HAL_Driver/Src/stm32u5xx_hal_xspi.c:2897:10:HAL_XSPI_GetState	16	static
C:/TouchGFXProjects/StockManagement_App2_FIXED_OldGraphics/StockManagement_App2_FIXED_OldGraphics/Drivers/STM32U5xx_HAL_Driver/Src/stm32u5xx_hal_xspi.c:2930:19:HAL_XSPIM_Config	80	static
C:/TouchGFXProjects/StockManagement_App2_FIXED_OldGraphics/StockManagement_App2_FIXED_OldGraphics/Drivers/STM32U5xx_HAL_Driver/Src/stm32u5xx_hal_xspi.c:3193:19:HAL_XSPI_DLYB_SetConfig	24	static
C:/TouchGFXProjects/StockManagement_App2_FIXED_OldGraphics/StockManagement_App2_FIXED_OldGraphics/Drivers/STM32U5xx_HAL_Driver/Src/stm32u5xx_hal_xspi.c:3243:19:HAL_XSPI_DLYB_GetConfig	24	static
C:/TouchGFXProjects/StockManagement_App2_FIXED_OldGraphics/StockManagement_App2_FIXED_OldGraphics/Drivers/STM32U5xx_HAL_Driver/Src/stm32u5xx_hal_xspi.c:3273:19:HAL_XSPI_DLYB_GetClockPeriod	24	static
C:/TouchGFXProjects/StockManagement_App2_FIXED_OldGraphics/StockManagement_App2_FIXED_OldGraphics/Drivers/STM32U5xx_HAL_Driver/Src/stm32u5xx_hal_xspi.c:3354:19:HAL_XSPI_GetDelayValue	24	static
C:/TouchGFXProjects/StockManagement_App2_FIXED_OldGraphics/StockManagement_App2_FIXED_OldGraphics/Drivers/STM32U5xx_HAL_Driver/Src/stm32u5xx_hal_xspi.c:3406:19:HAL_XSPI_SetDelayValue	24	static
C:/TouchGFXProjects/StockManagement_App2_FIXED_OldGraphics/StockManagement_App2_FIXED_OldGraphics/Drivers/STM32U5xx_HAL_Driver/Src/stm32u5xx_hal_xspi.c:3468:13:XSPI_DMACplt	24	static
C:/TouchGFXProjects/StockManagement_App2_FIXED_OldGraphics/StockManagement_App2_FIXED_OldGraphics/Drivers/STM32U5xx_HAL_Driver/Src/stm32u5xx_hal_xspi.c:3485:13:XSPI_DMAHalfCplt	24	static
C:/TouchGFXProjects/StockManagement_App2_FIXED_OldGraphics/StockManagement_App2_FIXED_OldGraphics/Drivers/STM32U5xx_HAL_Driver/Src/stm32u5xx_hal_xspi.c:3513:13:XSPI_DMAError	24	static
C:/TouchGFXProjects/StockManagement_App2_FIXED_OldGraphics/StockManagement_App2_FIXED_OldGraphics/Drivers/STM32U5xx_HAL_Driver/Src/stm32u5xx_hal_xspi.c:3544:13:XSPI_DMAAbortCplt	24	static
C:/TouchGFXProjects/StockManagement_App2_FIXED_OldGraphics/StockManagement_App2_FIXED_OldGraphics/Drivers/STM32U5xx_HAL_Driver/Src/stm32u5xx_hal_xspi.c:3599:26:XSPI_WaitFlagStateUntilTimeout	24	static
C:/TouchGFXProjects/StockManagement_App2_FIXED_OldGraphics/StockManagement_App2_FIXED_OldGraphics/Drivers/STM32U5xx_HAL_Driver/Src/stm32u5xx_hal_xspi.c:3626:26:XSPI_ConfigCmd	40	static
C:/TouchGFXProjects/StockManagement_App2_FIXED_OldGraphics/StockManagement_App2_FIXED_OldGraphics/Drivers/STM32U5xx_HAL_Driver/Src/stm32u5xx_hal_xspi.c:3875:13:XSPIM_GetConfig	32	static
