../../Drivers/CMSIS/Include/core_cm33.h:2390:22:__NVIC_EnableIRQ	16	static,ignoring_inline_asm
../../Drivers/CMSIS/Include/core_cm33.h:2428:22:__NVIC_DisableIRQ	16	static,ignoring_inline_asm
C:/TouchGFXProjects/StockManagement_App2_FIXED_OldGraphics/StockManagement_App2_FIXED_OldGraphics/Drivers/BSP/Components/ST25R3916/st25r3916_irq.c:70:6:st25r3916InitInterrupts	4	static
C:/TouchGFXProjects/StockManagement_App2_FIXED_OldGraphics/StockManagement_App2_FIXED_OldGraphics/Drivers/BSP/Components/ST25R3916/st25r3916_irq.c:84:6:st25r3916Isr	8	static
C:/TouchGFXProjects/StockManagement_App2_FIXED_OldGraphics/StockManagement_App2_FIXED_OldGraphics/Drivers/BSP/Components/ST25R3916/st25r3916_irq.c:96:6:st25r3916CheckForReceivedInterrupts	16	static,ignoring_inline_asm
C:/TouchGFXProjects/StockManagement_App2_FIXED_OldGraphics/StockManagement_App2_FIXED_OldGraphics/Drivers/BSP/Components/ST25R3916/st25r3916_irq.c:129:6:st25r3916ModifyInterrupts	32	static
C:/TouchGFXProjects/StockManagement_App2_FIXED_OldGraphics/StockManagement_App2_FIXED_OldGraphics/Drivers/BSP/Components/ST25R3916/st25r3916_irq.c:155:10:st25r3916WaitForInterruptsTimed	24	static,ignoring_inline_asm
C:/TouchGFXProjects/StockManagement_App2_FIXED_OldGraphics/StockManagement_App2_FIXED_OldGraphics/Drivers/BSP/Components/ST25R3916/st25r3916_irq.c:181:10:st25r3916GetInterrupt	24	static,ignoring_inline_asm
C:/TouchGFXProjects/StockManagement_App2_FIXED_OldGraphics/StockManagement_App2_FIXED_OldGraphics/Drivers/BSP/Components/ST25R3916/st25r3916_irq.c:198:6:st25r3916ClearAndEnableInterrupts	16	static
C:/TouchGFXProjects/StockManagement_App2_FIXED_OldGraphics/StockManagement_App2_FIXED_OldGraphics/Drivers/BSP/Components/ST25R3916/st25r3916_irq.c:206:6:st25r3916EnableInterrupts	16	static
C:/TouchGFXProjects/StockManagement_App2_FIXED_OldGraphics/StockManagement_App2_FIXED_OldGraphics/Drivers/BSP/Components/ST25R3916/st25r3916_irq.c:213:6:st25r3916DisableInterrupts	16	static
C:/TouchGFXProjects/StockManagement_App2_FIXED_OldGraphics/StockManagement_App2_FIXED_OldGraphics/Drivers/BSP/Components/ST25R3916/st25r3916_irq.c:219:6:st25r3916ClearInterrupts	16	static,ignoring_inline_asm
C:/TouchGFXProjects/StockManagement_App2_FIXED_OldGraphics/StockManagement_App2_FIXED_OldGraphics/Drivers/BSP/Components/ST25R3916/st25r3916_irq.c:232:6:st25r3916IRQCallbackSet	16	static
C:/TouchGFXProjects/StockManagement_App2_FIXED_OldGraphics/StockManagement_App2_FIXED_OldGraphics/Drivers/BSP/Components/ST25R3916/st25r3916_irq.c:239:6:st25r3916IRQCallbackRestore	4	static
