D:/ST_Internship/STM32 Labs/Stock Management Final Projects/STM32L476_NFC08A1_StockEntryHelp/Middlewares/ST/ndef/Src/poller/ndef_t5t.c:121:12:ndefT5TPollerSetAccessMode	16	static
D:/ST_Internship/STM32 Labs/Stock Management Final Projects/STM32L476_NFC08A1_StockEntryHelp/Middlewares/ST/ndef/Src/poller/ndef_t5t.c:144:19:ndefT5TReadLField	40	static
D:/ST_Internship/STM32 Labs/Stock Management Final Projects/STM32L476_NFC08A1_StockEntryHelp/Middlewares/ST/ndef/Src/poller/ndef_t5t.c:199:12:ndefT5TPollerContextInitialization	24	static
D:/ST_Internship/STM32 Labs/Stock Management Final Projects/STM32L476_NFC08A1_StockEntryHelp/Middlewares/ST/ndef/Src/poller/ndef_t5t.c:263:12:ndefT5TPollerNdefDetect	48	static
D:/ST_Internship/STM32 Labs/Stock Management Final Projects/STM32L476_NFC08A1_StockEntryHelp/Middlewares/ST/ndef/Src/poller/ndef_t5t.c:465:12:ndefT5TPollerReadRawMessage	40	static
D:/ST_Internship/STM32 Labs/Stock Management Final Projects/STM32L476_NFC08A1_StockEntryHelp/Middlewares/ST/ndef/Src/poller/ndef_t5t.c:508:12:ndefT5TPollerWriteRawMessageLen	56	static
D:/ST_Internship/STM32 Labs/Stock Management Final Projects/STM32L476_NFC08A1_StockEntryHelp/Middlewares/ST/ndef/Src/poller/ndef_t5t.c:566:12:ndefT5TPollerWriteRawMessage	48	static
D:/ST_Internship/STM32 Labs/Stock Management Final Projects/STM32L476_NFC08A1_StockEntryHelp/Middlewares/ST/ndef/Src/poller/ndef_t5t.c:625:19:ndefT5TWriteCC	32	static
D:/ST_Internship/STM32 Labs/Stock Management Final Projects/STM32L476_NFC08A1_StockEntryHelp/Middlewares/ST/ndef/Src/poller/ndef_t5t.c:671:12:ndefT5TPollerTagFormat	40	static
D:/ST_Internship/STM32 Labs/Stock Management Final Projects/STM32L476_NFC08A1_StockEntryHelp/Middlewares/ST/ndef/Src/poller/ndef_t5t.c:780:12:ndefT5TPollerCheckPresence	24	static
D:/ST_Internship/STM32 Labs/Stock Management Final Projects/STM32L476_NFC08A1_StockEntryHelp/Middlewares/ST/ndef/Src/poller/ndef_t5t.c:796:12:ndefT5TPollerCheckAvailableSpace	24	static
D:/ST_Internship/STM32 Labs/Stock Management Final Projects/STM32L476_NFC08A1_StockEntryHelp/Middlewares/ST/ndef/Src/poller/ndef_t5t.c:820:12:ndefT5TPollerBeginWriteMessage	24	static
D:/ST_Internship/STM32 Labs/Stock Management Final Projects/STM32L476_NFC08A1_StockEntryHelp/Middlewares/ST/ndef/Src/poller/ndef_t5t.c:854:12:ndefT5TPollerEndWriteMessage	32	static
D:/ST_Internship/STM32 Labs/Stock Management Final Projects/STM32L476_NFC08A1_StockEntryHelp/Middlewares/ST/ndef/Src/poller/ndef_t5t.c:883:12:ndefT5TPollerSetReadOnly	24	static
D:/ST_Internship/STM32 Labs/Stock Management Final Projects/STM32L476_NFC08A1_StockEntryHelp/Middlewares/ST/ndef/Src/poller/ndef_t5t.c:916:12:appInNdefT5TPollerTagFormat	40	static
D:/ST_Internship/STM32 Labs/Stock Management Final Projects/STM32L476_NFC08A1_StockEntryHelp/Middlewares/ST/ndef/Src/poller/ndef_t5t.c:1025:12:appOutNdefT5TPollerTagFormat	40	static
