D:/ST_Internship/STM32 Labs/Stock Management Final Projects/STM32L476_NFC08A1_StockEntryHelp/Middlewares/ST/ndef/Src/poller/ndef_poller.c:84:12:ndefPollerContextInitialization	24	static
D:/ST_Internship/STM32 Labs/Stock Management Final Projects/STM32L476_NFC08A1_StockEntryHelp/Middlewares/ST/ndef/Src/poller/ndef_poller.c:247:12:ndefPollerNdefDetect	16	static
D:/ST_Internship/STM32 Labs/Stock Management Final Projects/STM32L476_NFC08A1_StockEntryHelp/Middlewares/ST/ndef/Src/poller/ndef_poller.c:268:12:ndefPollerReadRawMessage	40	static
D:/ST_Internship/STM32 Labs/Stock Management Final Projects/STM32L476_NFC08A1_StockEntryHelp/Middlewares/ST/ndef/Src/poller/ndef_poller.c:289:12:ndefPollerReadBytes	40	static
D:/ST_Internship/STM32 Labs/Stock Management Final Projects/STM32L476_NFC08A1_StockEntryHelp/Middlewares/ST/ndef/Src/poller/ndef_poller.c:312:12:ndefPollerWriteRawMessage	24	static
D:/ST_Internship/STM32 Labs/Stock Management Final Projects/STM32L476_NFC08A1_StockEntryHelp/Middlewares/ST/ndef/Src/poller/ndef_poller.c:333:12:ndefPollerTagFormat	24	static
D:/ST_Internship/STM32 Labs/Stock Management Final Projects/STM32L476_NFC08A1_StockEntryHelp/Middlewares/ST/ndef/Src/poller/ndef_poller.c:354:12:ndefPollerWriteRawMessageLen	16	static
D:/ST_Internship/STM32 Labs/Stock Management Final Projects/STM32L476_NFC08A1_StockEntryHelp/Middlewares/ST/ndef/Src/poller/ndef_poller.c:375:12:ndefPollerWriteBytes	40	static
D:/ST_Internship/STM32 Labs/Stock Management Final Projects/STM32L476_NFC08A1_StockEntryHelp/Middlewares/ST/ndef/Src/poller/ndef_poller.c:396:12:ndefPollerCheckPresence	16	static
D:/ST_Internship/STM32 Labs/Stock Management Final Projects/STM32L476_NFC08A1_StockEntryHelp/Middlewares/ST/ndef/Src/poller/ndef_poller.c:417:12:ndefPollerCheckAvailableSpace	16	static
D:/ST_Internship/STM32 Labs/Stock Management Final Projects/STM32L476_NFC08A1_StockEntryHelp/Middlewares/ST/ndef/Src/poller/ndef_poller.c:438:12:ndefPollerBeginWriteMessage	16	static
D:/ST_Internship/STM32 Labs/Stock Management Final Projects/STM32L476_NFC08A1_StockEntryHelp/Middlewares/ST/ndef/Src/poller/ndef_poller.c:459:12:ndefPollerEndWriteMessage	16	static
D:/ST_Internship/STM32 Labs/Stock Management Final Projects/STM32L476_NFC08A1_StockEntryHelp/Middlewares/ST/ndef/Src/poller/ndef_poller.c:480:12:ndefPollerSetReadOnly	16	static
