D:/ST_Internship/STM32 Labs/Stock Management Final Projects/STM32L476_NFC08A1_StockEntryHelp/Middlewares/ST/ndef/Src/message/ndef_type_text.c:83:17:ndefRtdTextPayloadGetLength	24	static
D:/ST_Internship/STM32 Labs/Stock Management Final Projects/STM32L476_NFC08A1_StockEntryHelp/Middlewares/ST/ndef/Src/message/ndef_type_text.c:99:23:ndefRtdTextToPayloadItem	32	static
D:/ST_Internship/STM32 Labs/Stock Management Final Projects/STM32L476_NFC08A1_StockEntryHelp/Middlewares/ST/ndef/Src/message/ndef_type_text.c:151:12:ndefRtdTextInit	32	static
D:/ST_Internship/STM32 Labs/Stock Management Final Projects/STM32L476_NFC08A1_StockEntryHelp/Middlewares/ST/ndef/Src/message/ndef_type_text.c:191:12:ndefGetRtdText	32	static
D:/ST_Internship/STM32 Labs/Stock Management Final Projects/STM32L476_NFC08A1_StockEntryHelp/Middlewares/ST/ndef/Src/message/ndef_type_text.c:216:19:ndefPayloadToRtdText	24	static
D:/ST_Internship/STM32 Labs/Stock Management Final Projects/STM32L476_NFC08A1_StockEntryHelp/Middlewares/ST/ndef/Src/message/ndef_type_text.c:259:12:ndefRecordToRtdText	24	static
D:/ST_Internship/STM32 Labs/Stock Management Final Projects/STM32L476_NFC08A1_StockEntryHelp/Middlewares/ST/ndef/Src/message/ndef_type_text.c:285:12:ndefRtdTextToRecord	16	static
