D:/ST_Internship/STM32 Labs/Stock Management Final Projects/STM32L476_NFC08A1_StockEntryHelp/Middlewares/ST/ndef/Src/message/ndef_type_wifi.c:170:17:ndefWifiPayloadGetLength	24	static
D:/ST_Internship/STM32 Labs/Stock Management Final Projects/STM32L476_NFC08A1_StockEntryHelp/Middlewares/ST/ndef/Src/message/ndef_type_wifi.c:193:23:ndefWifiToPayloadItem	48	static
D:/ST_Internship/STM32 Labs/Stock Management Final Projects/STM32L476_NFC08A1_StockEntryHelp/Middlewares/ST/ndef/Src/message/ndef_type_wifi.c:323:12:ndefWifiInit	24	static
D:/ST_Internship/STM32 Labs/Stock Management Final Projects/STM32L476_NFC08A1_StockEntryHelp/Middlewares/ST/ndef/Src/message/ndef_type_wifi.c:348:12:ndefGetWifi	24	static
D:/ST_Internship/STM32 Labs/Stock Management Final Projects/STM32L476_NFC08A1_StockEntryHelp/Middlewares/ST/ndef/Src/message/ndef_type_wifi.c:372:19:ndefPayloadToWifi	48	static
D:/ST_Internship/STM32 Labs/Stock Management Final Projects/STM32L476_NFC08A1_StockEntryHelp/Middlewares/ST/ndef/Src/message/ndef_type_wifi.c:456:12:ndefRecordToWifi	24	static
D:/ST_Internship/STM32 Labs/Stock Management Final Projects/STM32L476_NFC08A1_StockEntryHelp/Middlewares/ST/ndef/Src/message/ndef_type_wifi.c:482:12:ndefWifiToRecord	16	static
