D:/ST_Internship/STM32 Labs/Stock Management Final Projects/STM32L476_NFC08A1_StockEntryHelp/Middlewares/ST/ndef/Src/message/ndef_type_wpcwlc.c:74:17:ndefRtdWpcWlcPayloadGetLength	24	static
D:/ST_Internship/STM32 Labs/Stock Management Final Projects/STM32L476_NFC08A1_StockEntryHelp/Middlewares/ST/ndef/Src/message/ndef_type_wpcwlc.c:90:23:ndefRtdWpcWlcToPayloadItem	32	static
D:/ST_Internship/STM32 Labs/Stock Management Final Projects/STM32L476_NFC08A1_StockEntryHelp/Middlewares/ST/ndef/Src/message/ndef_type_wpcwlc.c:130:12:ndefRtdWpcWlcInit	24	static
D:/ST_Internship/STM32 Labs/Stock Management Final Projects/STM32L476_NFC08A1_StockEntryHelp/Middlewares/ST/ndef/Src/message/ndef_type_wpcwlc.c:153:12:ndefGetRtdWpcWlc	24	static
D:/ST_Internship/STM32 Labs/Stock Management Final Projects/STM32L476_NFC08A1_StockEntryHelp/Middlewares/ST/ndef/Src/message/ndef_type_wpcwlc.c:173:12:ndefRecordToRtdWpcWlc	16	static
D:/ST_Internship/STM32 Labs/Stock Management Final Projects/STM32L476_NFC08A1_StockEntryHelp/Middlewares/ST/ndef/Src/message/ndef_type_wpcwlc.c:192:12:ndefRtdWpcWlcToRecord	16	static
