D:/ST_Internship/STM32 Labs/Stock Management Final Projects/STM32L476_NFC08A1_StockEntryHelp/Middlewares/ST/ndef/Src/poller/ndef_t2t.c:145:19:ndefT2TPollerReadBlock	40	static
D:/ST_Internship/STM32 Labs/Stock Management Final Projects/STM32L476_NFC08A1_StockEntryHelp/Middlewares/ST/ndef/Src/poller/ndef_t2t.c:189:12:ndefT2TPollerReadBytes	48	static
D:/ST_Internship/STM32 Labs/Stock Management Final Projects/STM32L476_NFC08A1_StockEntryHelp/Middlewares/ST/ndef/Src/poller/ndef_t2t.c:275:19:ndefT2TPollerSplitIntoAvailableAreas	40	static
D:/ST_Internship/STM32 Labs/Stock Management Final Projects/STM32L476_NFC08A1_StockEntryHelp/Middlewares/ST/ndef/Src/poller/ndef_t2t.c:312:19:ndefT2TPollerReadBytesFromAvailableAreas	56	static
D:/ST_Internship/STM32 Labs/Stock Management Final Projects/STM32L476_NFC08A1_StockEntryHelp/Middlewares/ST/ndef/Src/poller/ndef_t2t.c:352:19:ndefT2TReadLField	40	static
D:/ST_Internship/STM32 Labs/Stock Management Final Projects/STM32L476_NFC08A1_StockEntryHelp/Middlewares/ST/ndef/Src/poller/ndef_t2t.c:416:12:ndefT2TPollerContextInitialization	16	static
D:/ST_Internship/STM32 Labs/Stock Management Final Projects/STM32L476_NFC08A1_StockEntryHelp/Middlewares/ST/ndef/Src/poller/ndef_t2t.c:434:12:ndefT2TPollerNdefDetect	72	static
D:/ST_Internship/STM32 Labs/Stock Management Final Projects/STM32L476_NFC08A1_StockEntryHelp/Middlewares/ST/ndef/Src/poller/ndef_t2t.c:695:12:ndefT2TPollerReadRawMessage	40	static
D:/ST_Internship/STM32 Labs/Stock Management Final Projects/STM32L476_NFC08A1_StockEntryHelp/Middlewares/ST/ndef/Src/poller/ndef_t2t.c:740:19:ndefT2TPollerWriteBlock	32	static
D:/ST_Internship/STM32 Labs/Stock Management Final Projects/STM32L476_NFC08A1_StockEntryHelp/Middlewares/ST/ndef/Src/poller/ndef_t2t.c:776:12:ndefT2TPollerWriteBytes	64	static
D:/ST_Internship/STM32 Labs/Stock Management Final Projects/STM32L476_NFC08A1_StockEntryHelp/Middlewares/ST/ndef/Src/poller/ndef_t2t.c:861:19:ndefT2TPollerWriteBytesToAvailableAreas	72	static
D:/ST_Internship/STM32 Labs/Stock Management Final Projects/STM32L476_NFC08A1_StockEntryHelp/Middlewares/ST/ndef/Src/poller/ndef_t2t.c:911:12:ndefT2TPollerWriteRawMessageLen	48	static
D:/ST_Internship/STM32 Labs/Stock Management Final Projects/STM32L476_NFC08A1_StockEntryHelp/Middlewares/ST/ndef/Src/poller/ndef_t2t.c:968:12:ndefT2TPollerWriteRawMessage	48	static
D:/ST_Internship/STM32 Labs/Stock Management Final Projects/STM32L476_NFC08A1_StockEntryHelp/Middlewares/ST/ndef/Src/poller/ndef_t2t.c:1030:12:ndefT2TPollerTagFormat	40	static
D:/ST_Internship/STM32 Labs/Stock Management Final Projects/STM32L476_NFC08A1_StockEntryHelp/Middlewares/ST/ndef/Src/poller/ndef_t2t.c:1099:12:ndefT2TPollerCheckPresence	24	static
D:/ST_Internship/STM32 Labs/Stock Management Final Projects/STM32L476_NFC08A1_StockEntryHelp/Middlewares/ST/ndef/Src/poller/ndef_t2t.c:1121:12:ndefT2TPollerCheckAvailableSpace	24	static
D:/ST_Internship/STM32 Labs/Stock Management Final Projects/STM32L476_NFC08A1_StockEntryHelp/Middlewares/ST/ndef/Src/poller/ndef_t2t.c:1145:12:ndefT2TPollerBeginWriteMessage	24	static
D:/ST_Internship/STM32 Labs/Stock Management Final Projects/STM32L476_NFC08A1_StockEntryHelp/Middlewares/ST/ndef/Src/poller/ndef_t2t.c:1180:12:ndefT2TPollerEndWriteMessage	32	static
D:/ST_Internship/STM32 Labs/Stock Management Final Projects/STM32L476_NFC08A1_StockEntryHelp/Middlewares/ST/ndef/Src/poller/ndef_t2t.c:1208:12:ndefT2TPollerSetReadOnly	96	static
