C:/TouchGFXProjects/StockManagement_App2_FIXED_OldGraphics/StockManagement_App2_FIXED_OldGraphics/X-CUBE-NFC6/App/app_x-cube-nfcx.c:57:6:MX_X_CUBE_NFC6_Init	8	static
C:/TouchGFXProjects/StockManagement_App2_FIXED_OldGraphics/StockManagement_App2_FIXED_OldGraphics/X-CUBE-NFC6/App/app_x-cube-nfcx.c:80:6:MX_X_CUBE_NFC6_Process	8	static
C:/TouchGFXProjects/StockManagement_App2_FIXED_OldGraphics/StockManagement_App2_FIXED_OldGraphics/X-CUBE-NFC6/App/app_x-cube-nfcx.c:95:6:MX_NFC8_PollingTagDetectNDEF_Init	8	static
C:/TouchGFXProjects/StockManagement_App2_FIXED_OldGraphics/StockManagement_App2_FIXED_OldGraphics/X-CUBE-NFC6/App/app_x-cube-nfcx.c:127:19:UARTConsolePrint	16	static
C:/TouchGFXProjects/StockManagement_App2_FIXED_OldGraphics/StockManagement_App2_FIXED_OldGraphics/X-CUBE-NFC6/App/app_x-cube-nfcx.c:137:19:UARTConsoleScan	16	static
C:/TouchGFXProjects/StockManagement_App2_FIXED_OldGraphics/StockManagement_App2_FIXED_OldGraphics/X-CUBE-NFC6/App/app_x-cube-nfcx.c:155:9:BSP_NFC0XCOMM_SequencialSend	40	static
C:/TouchGFXProjects/StockManagement_App2_FIXED_OldGraphics/StockManagement_App2_FIXED_OldGraphics/X-CUBE-NFC6/App/app_x-cube-nfcx.c:192:9:BSP_NFC0XCOMM_SequencialRecv	32	static
C:/TouchGFXProjects/StockManagement_App2_FIXED_OldGraphics/StockManagement_App2_FIXED_OldGraphics/X-CUBE-NFC6/App/app_x-cube-nfcx.c:217:6:BSP_NFC0XCOMM_IRQ_Callback	8	static
