../../Middlewares/ST/touchgfx/framework/include/touchgfx/Screen.hpp:104:18:virtual void touchgfx::Screen::afterTransition()	0	static
../../Middlewares/ST/touchgfx/framework/include/touchgfx/Screen.hpp:144:18:virtual void touchgfx::Screen::handleTickEvent()	0	static
../../Middlewares/ST/touchgfx/framework/include/touchgfx/Screen.hpp:154:18:virtual void touchgfx::Screen::handleKeyEvent(uint8_t)	0	static
C:/TouchGFXProjects/StockManagement_App2_FIXED_OldGraphics/StockManagement_App2_FIXED_OldGraphics/TouchGFX/gui/src/badgescanned_screen/BadgeScannedView.cpp:13:6:virtual void BadgeScannedView::tearDownScreen()	0	static
../../TouchGFX/gui/include/gui/badgescanned_screen/BadgeScannedView.hpp:11:13:BadgeScannedView::~BadgeScannedView()	8	static
../../TouchGFX/gui/include/gui/badgescanned_screen/BadgeScannedView.hpp:11:13:virtual BadgeScannedView::~BadgeScannedView()	8	static
C:/TouchGFXProjects/StockManagement_App2_FIXED_OldGraphics/StockManagement_App2_FIXED_OldGraphics/TouchGFX/gui/src/badgescanned_screen/BadgeScannedView.cpp:3:1:BadgeScannedView::BadgeScannedView()	8	static
C:/TouchGFXProjects/StockManagement_App2_FIXED_OldGraphics/StockManagement_App2_FIXED_OldGraphics/TouchGFX/gui/src/badgescanned_screen/BadgeScannedView.cpp:8:6:virtual void BadgeScannedView::setupScreen()	0	static
