../../Middlewares/ST/touchgfx/framework/include/touchgfx/Screen.hpp:104:18:virtual void touchgfx::Screen::afterTransition()	0	static
../../Middlewares/ST/touchgfx/framework/include/touchgfx/Screen.hpp:154:18:virtual void touchgfx::Screen::handleKeyEvent(uint8_t)	0	static
C:/TouchGFXProjects/StockManagement_App2_FIXED_OldGraphics/StockManagement_App2_FIXED_OldGraphics/TouchGFX/gui/src/boardentered_screen/BoardEnteredView.cpp:13:6:virtual void BoardEnteredView::tearDownScreen()	0	static
../../TouchGFX/gui/include/gui/boardentered_screen/BoardEnteredView.hpp:11:13:BoardEnteredView::~BoardEnteredView()	8	static
../../TouchGFX/gui/include/gui/boardentered_screen/BoardEnteredView.hpp:11:13:virtual BoardEnteredView::~BoardEnteredView()	8	static
C:/TouchGFXProjects/StockManagement_App2_FIXED_OldGraphics/StockManagement_App2_FIXED_OldGraphics/TouchGFX/gui/src/boardentered_screen/BoardEnteredView.cpp:3:1:BoardEnteredView::BoardEnteredView()	8	static
C:/TouchGFXProjects/StockManagement_App2_FIXED_OldGraphics/StockManagement_App2_FIXED_OldGraphics/TouchGFX/gui/src/boardentered_screen/BoardEnteredView.cpp:8:6:virtual void BoardEnteredView::setupScreen()	0	static
