../../TouchGFX/gui/include/gui/boardgotout_screen/BoardGotoutPresenter.hpp:28:13:BoardGotoutPresenter::~BoardGotoutPresenter()	0	static
C:/TouchGFXProjects/StockManagement_App2_FIXED_OldGraphics/StockManagement_App2_FIXED_OldGraphics/TouchGFX/gui/src/boardgotout_screen/BoardGotoutPresenter.cpp:10:6:virtual void BoardGotoutPresenter::activate()	0	static
../../TouchGFX/gui/include/gui/boardgotout_screen/BoardGotoutPresenter.hpp:28:13:virtual BoardGotoutPresenter::~BoardGotoutPresenter()	8	static
../../TouchGFX/gui/include/gui/boardgotout_screen/BoardGotoutPresenter.hpp:28:13:virtual void* BoardGotoutPresenter::_ZThn4_N20BoardGotoutPresenterD1Ev()	0	static
C:/TouchGFXProjects/StockManagement_App2_FIXED_OldGraphics/StockManagement_App2_FIXED_OldGraphics/TouchGFX/gui/src/boardgotout_screen/BoardGotoutPresenter.cpp:4:1:BoardGotoutPresenter::BoardGotoutPresenter(BoardGotoutView&)	0	static
