../../TouchGFX/gui/include/gui/boardentered_screen/BoardEnteredPresenter.hpp:28:13:BoardEnteredPresenter::~BoardEnteredPresenter()	0	static
C:/TouchGFXProjects/StockManagement_App2_FIXED_OldGraphics/StockManagement_App2_FIXED_OldGraphics/TouchGFX/gui/src/boardentered_screen/BoardEnteredPresenter.cpp:10:6:virtual void BoardEnteredPresenter::activate()	0	static
../../TouchGFX/gui/include/gui/boardentered_screen/BoardEnteredPresenter.hpp:28:13:virtual BoardEnteredPresenter::~BoardEnteredPresenter()	8	static
../../TouchGFX/gui/include/gui/boardentered_screen/BoardEnteredPresenter.hpp:28:13:virtual void* BoardEnteredPresenter::_ZThn4_N21BoardEnteredPresenterD1Ev()	0	static
C:/TouchGFXProjects/StockManagement_App2_FIXED_OldGraphics/StockManagement_App2_FIXED_OldGraphics/TouchGFX/gui/src/boardentered_screen/BoardEnteredPresenter.cpp:4:1:BoardEnteredPresenter::BoardEnteredPresenter(BoardEnteredView&)	0	static
