../../Middlewares/ST/touchgfx/framework/include/touchgfx/Screen.hpp:104:18:virtual void touchgfx::Screen::afterTransition()	0	static
../../Middlewares/ST/touchgfx/framework/include/touchgfx/Screen.hpp:144:18:virtual void touchgfx::Screen::handleTickEvent()	0	static
../../Middlewares/ST/touchgfx/framework/include/touchgfx/Screen.hpp:154:18:virtual void touchgfx::Screen::handleKeyEvent(uint8_t)	0	static
C:/TouchGFXProjects/StockManagement_App2_FIXED_OldGraphics/StockManagement_App2_FIXED_OldGraphics/TouchGFX/gui/src/scanbadge_screen/ScanBadgeView.cpp:13:6:virtual void ScanBadgeView::tearDownScreen()	0	static
../../TouchGFX/gui/include/gui/scanbadge_screen/ScanBadgeView.hpp:11:13:ScanBadgeView::~ScanBadgeView()	8	static
../../TouchGFX/gui/include/gui/scanbadge_screen/ScanBadgeView.hpp:11:13:virtual ScanBadgeView::~ScanBadgeView()	8	static
C:/TouchGFXProjects/StockManagement_App2_FIXED_OldGraphics/StockManagement_App2_FIXED_OldGraphics/TouchGFX/gui/src/scanbadge_screen/ScanBadgeView.cpp:3:1:ScanBadgeView::ScanBadgeView()	8	static
C:/TouchGFXProjects/StockManagement_App2_FIXED_OldGraphics/StockManagement_App2_FIXED_OldGraphics/TouchGFX/gui/src/scanbadge_screen/ScanBadgeView.cpp:8:6:virtual void ScanBadgeView::setupScreen()	0	static
