../../TouchGFX/gui/include/gui/scanbadgeb4_screen/ScanBadgeB4Presenter.hpp:28:13:ScanBadgeB4Presenter::~ScanBadgeB4Presenter()	0	static
C:/TouchGFXProjects/StockManagement_App2_FIXED_OldGraphics/StockManagement_App2_FIXED_OldGraphics/TouchGFX/gui/src/scanbadgeb4_screen/ScanBadgeB4Presenter.cpp:10:6:virtual void ScanBadgeB4Presenter::activate()	0	static
../../TouchGFX/gui/include/gui/scanbadgeb4_screen/ScanBadgeB4Presenter.hpp:28:13:virtual ScanBadgeB4Presenter::~ScanBadgeB4Presenter()	8	static
../../TouchGFX/gui/include/gui/scanbadgeb4_screen/ScanBadgeB4Presenter.hpp:28:13:virtual void* ScanBadgeB4Presenter::_ZThn4_N20ScanBadgeB4PresenterD1Ev()	0	static
C:/TouchGFXProjects/StockManagement_App2_FIXED_OldGraphics/StockManagement_App2_FIXED_OldGraphics/TouchGFX/gui/src/scanbadgeb4_screen/ScanBadgeB4Presenter.cpp:4:1:ScanBadgeB4Presenter::ScanBadgeB4Presenter(ScanBadgeB4View&)	0	static
