../../Middlewares/ST/touchgfx/framework/include/touchgfx/Screen.hpp:104:18:virtual void touchgfx::Screen::afterTransition()	0	static
../../Middlewares/ST/touchgfx/framework/include/touchgfx/Screen.hpp:144:18:virtual void touchgfx::Screen::handleTickEvent()	0	static
../../Middlewares/ST/touchgfx/framework/include/touchgfx/Screen.hpp:154:18:virtual void touchgfx::Screen::handleKeyEvent(uint8_t)	0	static
C:/TouchGFXProjects/StockManagement_App2_FIXED_OldGraphics/StockManagement_App2_FIXED_OldGraphics/TouchGFX/gui/src/scanbadgeb4_screen/ScanBadgeB4View.cpp:13:6:virtual void ScanBadgeB4View::tearDownScreen()	0	static
../../TouchGFX/gui/include/gui/scanbadgeb4_screen/ScanBadgeB4View.hpp:11:13:ScanBadgeB4View::~ScanBadgeB4View()	8	static
../../TouchGFX/gui/include/gui/scanbadgeb4_screen/ScanBadgeB4View.hpp:11:13:virtual ScanBadgeB4View::~ScanBadgeB4View()	8	static
C:/TouchGFXProjects/StockManagement_App2_FIXED_OldGraphics/StockManagement_App2_FIXED_OldGraphics/TouchGFX/gui/src/scanbadgeb4_screen/ScanBadgeB4View.cpp:3:1:ScanBadgeB4View::ScanBadgeB4View()	8	static
C:/TouchGFXProjects/StockManagement_App2_FIXED_OldGraphics/StockManagement_App2_FIXED_OldGraphics/TouchGFX/gui/src/scanbadgeb4_screen/ScanBadgeB4View.cpp:8:6:virtual void ScanBadgeB4View::setupScreen()	0	static
