../../TouchGFX/gui/include/gui/scanboardslowly_screen/ScanBoardSlowlyPresenter.hpp:28:13:ScanBoardSlowlyPresenter::~ScanBoardSlowlyPresenter()	0	static
C:/TouchGFXProjects/StockManagement_App2_FIXED_OldGraphics/StockManagement_App2_FIXED_OldGraphics/TouchGFX/gui/src/scanboardslowly_screen/ScanBoardSlowlyPresenter.cpp:10:6:virtual void ScanBoardSlowlyPresenter::activate()	0	static
../../TouchGFX/gui/include/gui/scanboardslowly_screen/ScanBoardSlowlyPresenter.hpp:28:13:virtual ScanBoardSlowlyPresenter::~ScanBoardSlowlyPresenter()	8	static
../../TouchGFX/gui/include/gui/scanboardslowly_screen/ScanBoardSlowlyPresenter.hpp:28:13:virtual void* ScanBoardSlowlyPresenter::_ZThn4_N24ScanBoardSlowlyPresenterD1Ev()	0	static
C:/TouchGFXProjects/StockManagement_App2_FIXED_OldGraphics/StockManagement_App2_FIXED_OldGraphics/TouchGFX/gui/src/scanboardslowly_screen/ScanBoardSlowlyPresenter.cpp:4:1:ScanBoardSlowlyPresenter::ScanBoardSlowlyPresenter(ScanBoardSlowlyView&)	0	static
