../../TouchGFX/gui/include/gui/scanbadge_screen/ScanBadgePresenter.hpp:28:13:ScanBadgePresenter::~ScanBadgePresenter()	0	static
C:/TouchGFXProjects/StockManagement_App2_FIXED_OldGraphics/StockManagement_App2_FIXED_OldGraphics/TouchGFX/gui/src/scanbadge_screen/ScanBadgePresenter.cpp:10:6:virtual void ScanBadgePresenter::activate()	0	static
../../TouchGFX/gui/include/gui/scanbadge_screen/ScanBadgePresenter.hpp:28:13:virtual ScanBadgePresenter::~ScanBadgePresenter()	8	static
../../TouchGFX/gui/include/gui/scanbadge_screen/ScanBadgePresenter.hpp:28:13:virtual void* ScanBadgePresenter::_ZThn4_N18ScanBadgePresenterD1Ev()	0	static
C:/TouchGFXProjects/StockManagement_App2_FIXED_OldGraphics/StockManagement_App2_FIXED_OldGraphics/TouchGFX/gui/src/scanbadge_screen/ScanBadgePresenter.cpp:4:1:ScanBadgePresenter::ScanBadgePresenter(ScanBadgeView&)	0	static
