../../TouchGFX/gui/include/gui/welcome_screen/WelcomePresenter.hpp:28:13:WelcomePresenter::~WelcomePresenter()	0	static
C:/TouchGFXProjects/StockManagement_App2_FIXED_OldGraphics/StockManagement_App2_FIXED_OldGraphics/TouchGFX/gui/src/welcome_screen/WelcomePresenter.cpp:10:6:virtual void WelcomePresenter::activate()	0	static
../../TouchGFX/gui/include/gui/welcome_screen/WelcomePresenter.hpp:28:13:virtual WelcomePresenter::~WelcomePresenter()	8	static
../../TouchGFX/gui/include/gui/welcome_screen/WelcomePresenter.hpp:28:13:virtual void* WelcomePresenter::_ZThn4_N16WelcomePresenterD1Ev()	0	static
C:/TouchGFXProjects/StockManagement_App2_FIXED_OldGraphics/StockManagement_App2_FIXED_OldGraphics/TouchGFX/gui/src/welcome_screen/WelcomePresenter.cpp:4:1:WelcomePresenter::WelcomePresenter(WelcomeView&)	0	static
