C:/TouchGFXProjects/StockManagement_App2_FIXED_OldGraphics/StockManagement_App2_FIXED_OldGraphics/Middlewares_patch/ndef/Src/message/ndef_type_tnep.c:101:17:ndefRtdTnepServiceParameterGetPayloadLength	24	static
C:/TouchGFXProjects/StockManagement_App2_FIXED_OldGraphics/StockManagement_App2_FIXED_OldGraphics/Middlewares_patch/ndef/Src/message/ndef_type_tnep.c:123:23:ndefRtdTnepServiceParameterToPayloadItem	32	static
C:/TouchGFXProjects/StockManagement_App2_FIXED_OldGraphics/StockManagement_App2_FIXED_OldGraphics/Middlewares_patch/ndef/Src/message/ndef_type_tnep.c:215:12:ndefRtdTnepServiceParameterInit	32	static
C:/TouchGFXProjects/StockManagement_App2_FIXED_OldGraphics/StockManagement_App2_FIXED_OldGraphics/Middlewares_patch/ndef/Src/message/ndef_type_tnep.c:246:12:ndefGetRtdTnepServiceParameter	32	static
C:/TouchGFXProjects/StockManagement_App2_FIXED_OldGraphics/StockManagement_App2_FIXED_OldGraphics/Middlewares_patch/ndef/Src/message/ndef_type_tnep.c:272:19:ndefPayloadToRtdTnepServiceParameter	56	static
C:/TouchGFXProjects/StockManagement_App2_FIXED_OldGraphics/StockManagement_App2_FIXED_OldGraphics/Middlewares_patch/ndef/Src/message/ndef_type_tnep.c:303:12:ndefRecordToRtdTnepServiceParameter	24	static
C:/TouchGFXProjects/StockManagement_App2_FIXED_OldGraphics/StockManagement_App2_FIXED_OldGraphics/Middlewares_patch/ndef/Src/message/ndef_type_tnep.c:334:12:ndefRtdTnepServiceParameterToRecord	16	static
C:/TouchGFXProjects/StockManagement_App2_FIXED_OldGraphics/StockManagement_App2_FIXED_OldGraphics/Middlewares_patch/ndef/Src/message/ndef_type_tnep.c:359:17:ndefRtdTnepServiceSelectGetPayloadLength	24	static
C:/TouchGFXProjects/StockManagement_App2_FIXED_OldGraphics/StockManagement_App2_FIXED_OldGraphics/Middlewares_patch/ndef/Src/message/ndef_type_tnep.c:375:23:ndefRtdTnepServiceSelectToPayloadItem	32	static
C:/TouchGFXProjects/StockManagement_App2_FIXED_OldGraphics/StockManagement_App2_FIXED_OldGraphics/Middlewares_patch/ndef/Src/message/ndef_type_tnep.c:421:12:ndefRtdTnepServiceSelectInit	24	static
C:/TouchGFXProjects/StockManagement_App2_FIXED_OldGraphics/StockManagement_App2_FIXED_OldGraphics/Middlewares_patch/ndef/Src/message/ndef_type_tnep.c:446:12:ndefGetRtdTnepServiceSelect	24	static
C:/TouchGFXProjects/StockManagement_App2_FIXED_OldGraphics/StockManagement_App2_FIXED_OldGraphics/Middlewares_patch/ndef/Src/message/ndef_type_tnep.c:466:19:ndefPayloadToRtdTnepServiceSelect	24	static
C:/TouchGFXProjects/StockManagement_App2_FIXED_OldGraphics/StockManagement_App2_FIXED_OldGraphics/Middlewares_patch/ndef/Src/message/ndef_type_tnep.c:485:12:ndefRecordToRtdTnepServiceSelect	24	static
C:/TouchGFXProjects/StockManagement_App2_FIXED_OldGraphics/StockManagement_App2_FIXED_OldGraphics/Middlewares_patch/ndef/Src/message/ndef_type_tnep.c:516:12:ndefRtdTnepServiceSelectToRecord	16	static
C:/TouchGFXProjects/StockManagement_App2_FIXED_OldGraphics/StockManagement_App2_FIXED_OldGraphics/Middlewares_patch/ndef/Src/message/ndef_type_tnep.c:541:17:ndefRtdTnepStatusGetPayloadLength	16	static
C:/TouchGFXProjects/StockManagement_App2_FIXED_OldGraphics/StockManagement_App2_FIXED_OldGraphics/Middlewares_patch/ndef/Src/message/ndef_type_tnep.c:553:23:ndefRtdTnepStatusToPayloadItem	32	static
C:/TouchGFXProjects/StockManagement_App2_FIXED_OldGraphics/StockManagement_App2_FIXED_OldGraphics/Middlewares_patch/ndef/Src/message/ndef_type_tnep.c:592:12:ndefRtdTnepStatusInit	24	static
C:/TouchGFXProjects/StockManagement_App2_FIXED_OldGraphics/StockManagement_App2_FIXED_OldGraphics/Middlewares_patch/ndef/Src/message/ndef_type_tnep.c:614:12:ndefGetRtdTnepStatus	24	static
C:/TouchGFXProjects/StockManagement_App2_FIXED_OldGraphics/StockManagement_App2_FIXED_OldGraphics/Middlewares_patch/ndef/Src/message/ndef_type_tnep.c:633:19:ndefPayloadToRtdTnepStatus	24	static
C:/TouchGFXProjects/StockManagement_App2_FIXED_OldGraphics/StockManagement_App2_FIXED_OldGraphics/Middlewares_patch/ndef/Src/message/ndef_type_tnep.c:651:12:ndefRecordToRtdTnepStatus	24	static
C:/TouchGFXProjects/StockManagement_App2_FIXED_OldGraphics/StockManagement_App2_FIXED_OldGraphics/Middlewares_patch/ndef/Src/message/ndef_type_tnep.c:682:12:ndefRtdTnepStatusToRecord	16	static
