C:/TouchGFXProjects/StockManagement_App2_FIXED_OldGraphics/StockManagement_App2_FIXED_OldGraphics/Middlewares_patch/rfal/Src/rfal_nfc.c:140:12:rfalNfcInitialize	16	static
C:/TouchGFXProjects/StockManagement_App2_FIXED_OldGraphics/StockManagement_App2_FIXED_OldGraphics/Middlewares_patch/rfal/Src/rfal_nfc.c:156:12:rfalNfcDiscover	16	static
C:/TouchGFXProjects/StockManagement_App2_FIXED_OldGraphics/StockManagement_App2_FIXED_OldGraphics/Middlewares_patch/rfal/Src/rfal_nfc.c:234:12:rfalNfcDeactivate	24	static
C:/TouchGFXProjects/StockManagement_App2_FIXED_OldGraphics/StockManagement_App2_FIXED_OldGraphics/Middlewares_patch/rfal/Src/rfal_nfc.c:270:12:rfalNfcSelect	16	static
C:/TouchGFXProjects/StockManagement_App2_FIXED_OldGraphics/StockManagement_App2_FIXED_OldGraphics/Middlewares_patch/rfal/Src/rfal_nfc.c:286:14:rfalNfcGetState	4	static
C:/TouchGFXProjects/StockManagement_App2_FIXED_OldGraphics/StockManagement_App2_FIXED_OldGraphics/Middlewares_patch/rfal/Src/rfal_nfc.c:292:12:rfalNfcGetDevicesFound	16	static
C:/TouchGFXProjects/StockManagement_App2_FIXED_OldGraphics/StockManagement_App2_FIXED_OldGraphics/Middlewares_patch/rfal/Src/rfal_nfc.c:313:12:rfalNfcGetActiveDevice	16	static
C:/TouchGFXProjects/StockManagement_App2_FIXED_OldGraphics/StockManagement_App2_FIXED_OldGraphics/Middlewares_patch/rfal/Src/rfal_nfc.c:339:6:rfalNfcWorker	32	static
C:/TouchGFXProjects/StockManagement_App2_FIXED_OldGraphics/StockManagement_App2_FIXED_OldGraphics/Middlewares_patch/rfal/Src/rfal_nfc.c:611:12:rfalNfcDataExchangeStart	128	static
C:/TouchGFXProjects/StockManagement_App2_FIXED_OldGraphics/StockManagement_App2_FIXED_OldGraphics/Middlewares_patch/rfal/Src/rfal_nfc.c:748:12:rfalNfcDataExchangeGetStatus	8	static
C:/TouchGFXProjects/StockManagement_App2_FIXED_OldGraphics/StockManagement_App2_FIXED_OldGraphics/Middlewares_patch/rfal/Src/rfal_nfc.c:843:19:rfalNfcPollTechDetetection	24	static
C:/TouchGFXProjects/StockManagement_App2_FIXED_OldGraphics/StockManagement_App2_FIXED_OldGraphics/Middlewares_patch/rfal/Src/rfal_nfc.c:1169:19:rfalNfcPollCollResolution	88	static
C:/TouchGFXProjects/StockManagement_App2_FIXED_OldGraphics/StockManagement_App2_FIXED_OldGraphics/Middlewares_patch/rfal/Src/rfal_nfc.c:1485:19:rfalNfcPollActivation	48	static
C:/TouchGFXProjects/StockManagement_App2_FIXED_OldGraphics/StockManagement_App2_FIXED_OldGraphics/Middlewares_patch/rfal/Src/rfal_nfc.c:1853:19:rfalNfcListenActivation	16	static
C:/TouchGFXProjects/StockManagement_App2_FIXED_OldGraphics/StockManagement_App2_FIXED_OldGraphics/Middlewares_patch/rfal/Src/rfal_nfc.c:2062:19:rfalNfcNfcDepActivate	168	static
C:/TouchGFXProjects/StockManagement_App2_FIXED_OldGraphics/StockManagement_App2_FIXED_OldGraphics/Middlewares_patch/rfal/Src/rfal_nfc.c:2160:19:rfalNfcDeactivation	16	static
C:/TouchGFXProjects/StockManagement_App2_FIXED_OldGraphics/StockManagement_App2_FIXED_OldGraphics/Middlewares_patch/rfal/Src/rfal_nfc.c:2292:6:TemprfalNfcDeactivation	16	static
