C:/TouchGFXProjects/StockManagement_App2_FIXED_OldGraphics/StockManagement_App2_FIXED_OldGraphics/Middlewares_patch/rfal/Src/rfal_isoDep.c:468:13:rfalIsoDepClearCounters	4	static
C:/TouchGFXProjects/StockManagement_App2_FIXED_OldGraphics/StockManagement_App2_FIXED_OldGraphics/Middlewares_patch/rfal/Src/rfal_isoDep.c:478:19:rfalIsoDepTx	64	static
C:/TouchGFXProjects/StockManagement_App2_FIXED_OldGraphics/StockManagement_App2_FIXED_OldGraphics/Middlewares_patch/rfal/Src/rfal_isoDep.c:535:19:rfalIsoDepHandleControlMsg	32	static
C:/TouchGFXProjects/StockManagement_App2_FIXED_OldGraphics/StockManagement_App2_FIXED_OldGraphics/Middlewares_patch/rfal/Src/rfal_isoDep.c:626:19:rfalIsoDepReSendControlMsg	8	static
C:/TouchGFXProjects/StockManagement_App2_FIXED_OldGraphics/StockManagement_App2_FIXED_OldGraphics/Middlewares_patch/rfal/Src/rfal_isoDep.c:660:6:rfalIsoDepInitialize	8	static
C:/TouchGFXProjects/StockManagement_App2_FIXED_OldGraphics/StockManagement_App2_FIXED_OldGraphics/Middlewares_patch/rfal/Src/rfal_isoDep.c:706:6:rfalIsoDepInitializeWithParams	24	static
C:/TouchGFXProjects/StockManagement_App2_FIXED_OldGraphics/StockManagement_App2_FIXED_OldGraphics/Middlewares_patch/rfal/Src/rfal_isoDep.c:728:19:rfalIsoDepDataExchangePCD	40	static
C:/TouchGFXProjects/StockManagement_App2_FIXED_OldGraphics/StockManagement_App2_FIXED_OldGraphics/Middlewares_patch/rfal/Src/rfal_isoDep.c:1015:12:rfalIsoDepDeselect	16	static
C:/TouchGFXProjects/StockManagement_App2_FIXED_OldGraphics/StockManagement_App2_FIXED_OldGraphics/Middlewares_patch/rfal/Src/rfal_isoDep.c:1027:12:rfalIsoDepStartDeselect	8	static
C:/TouchGFXProjects/StockManagement_App2_FIXED_OldGraphics/StockManagement_App2_FIXED_OldGraphics/Middlewares_patch/rfal/Src/rfal_isoDep.c:1045:12:rfalIsoDepGetDeselectStatus	16	static
C:/TouchGFXProjects/StockManagement_App2_FIXED_OldGraphics/StockManagement_App2_FIXED_OldGraphics/Middlewares_patch/rfal/Src/rfal_isoDep.c:1060:10:rfalIsoDepFWI2FWT	24	static
C:/TouchGFXProjects/StockManagement_App2_FIXED_OldGraphics/StockManagement_App2_FIXED_OldGraphics/Middlewares_patch/rfal/Src/rfal_isoDep.c:1086:10:rfalIsoDepFSxI2FSx	24	static
C:/TouchGFXProjects/StockManagement_App2_FIXED_OldGraphics/StockManagement_App2_FIXED_OldGraphics/Middlewares_patch/rfal/Src/rfal_isoDep.c:1118:6:rfalIsoDepIsRats	16	static
C:/TouchGFXProjects/StockManagement_App2_FIXED_OldGraphics/StockManagement_App2_FIXED_OldGraphics/Middlewares_patch/rfal/Src/rfal_isoDep.c:1132:6:rfalIsoDepIsAttrib	16	static
C:/TouchGFXProjects/StockManagement_App2_FIXED_OldGraphics/StockManagement_App2_FIXED_OldGraphics/Middlewares_patch/rfal/Src/rfal_isoDep.c:1149:12:rfalIsoDepListenStartActivation	64	static
C:/TouchGFXProjects/StockManagement_App2_FIXED_OldGraphics/StockManagement_App2_FIXED_OldGraphics/Middlewares_patch/rfal/Src/rfal_isoDep.c:1286:12:rfalIsoDepListenGetActivationStatus	40	static
C:/TouchGFXProjects/StockManagement_App2_FIXED_OldGraphics/StockManagement_App2_FIXED_OldGraphics/Middlewares_patch/rfal/Src/rfal_isoDep.c:1440:10:rfalIsoDepGetMaxInfLen	16	static
C:/TouchGFXProjects/StockManagement_App2_FIXED_OldGraphics/StockManagement_App2_FIXED_OldGraphics/Middlewares_patch/rfal/Src/rfal_isoDep.c:1454:12:rfalIsoDepStartTransceive	8	static
C:/TouchGFXProjects/StockManagement_App2_FIXED_OldGraphics/StockManagement_App2_FIXED_OldGraphics/Middlewares_patch/rfal/Src/rfal_isoDep.c:1509:12:rfalIsoDepGetTransceiveStatus	8	static
C:/TouchGFXProjects/StockManagement_App2_FIXED_OldGraphics/StockManagement_App2_FIXED_OldGraphics/Middlewares_patch/rfal/Src/rfal_isoDep.c:1533:19:rfalIsoDepDataExchangePICC	40	static
C:/TouchGFXProjects/StockManagement_App2_FIXED_OldGraphics/StockManagement_App2_FIXED_OldGraphics/Middlewares_patch/rfal/Src/rfal_isoDep.c:2018:19:rfalIsoDepStartATTRIB	48	static
C:/TouchGFXProjects/StockManagement_App2_FIXED_OldGraphics/StockManagement_App2_FIXED_OldGraphics/Middlewares_patch/rfal/Src/rfal_isoDep.c:2052:19:rfalIsoDepGetATTRIBStatus	16	static
C:/TouchGFXProjects/StockManagement_App2_FIXED_OldGraphics/StockManagement_App2_FIXED_OldGraphics/Middlewares_patch/rfal/Src/rfal_isoDep.c:2080:12:rfalIsoDepATTRIB	56	static
C:/TouchGFXProjects/StockManagement_App2_FIXED_OldGraphics/StockManagement_App2_FIXED_OldGraphics/Middlewares_patch/rfal/Src/rfal_isoDep.c:2316:12:rfalIsoDepPollBHandleActivation	48	static
C:/TouchGFXProjects/StockManagement_App2_FIXED_OldGraphics/StockManagement_App2_FIXED_OldGraphics/Middlewares_patch/rfal/Src/rfal_isoDep.c:2329:12:rfalIsoDepPollBStartActivation	72	static
C:/TouchGFXProjects/StockManagement_App2_FIXED_OldGraphics/StockManagement_App2_FIXED_OldGraphics/Middlewares_patch/rfal/Src/rfal_isoDep.c:2396:12:rfalIsoDepPollBGetActivationStatus	16	static
C:/TouchGFXProjects/StockManagement_App2_FIXED_OldGraphics/StockManagement_App2_FIXED_OldGraphics/Middlewares_patch/rfal/Src/rfal_isoDep.c:2452:12:rfalIsoDepPollHandleSParameters	64	static
C:/TouchGFXProjects/StockManagement_App2_FIXED_OldGraphics/StockManagement_App2_FIXED_OldGraphics/Middlewares_patch/rfal/Src/rfal_isoDep.c:2576:13:rfalIsoDepCalcBitRate	32	static
C:/TouchGFXProjects/StockManagement_App2_FIXED_OldGraphics/StockManagement_App2_FIXED_OldGraphics/Middlewares_patch/rfal/Src/rfal_isoDep.c:2645:17:rfalIsoDepSFGI2SFGT	24	static
C:/TouchGFXProjects/StockManagement_App2_FIXED_OldGraphics/StockManagement_App2_FIXED_OldGraphics/Middlewares_patch/rfal/Src/rfal_isoDep.c:2676:14:rfalIsoDepApdu2IBLockParam	16	static
C:/TouchGFXProjects/StockManagement_App2_FIXED_OldGraphics/StockManagement_App2_FIXED_OldGraphics/Middlewares_patch/rfal/Src/rfal_isoDep.c:2706:12:rfalIsoDepStartApduTransceive	96	static
C:/TouchGFXProjects/StockManagement_App2_FIXED_OldGraphics/StockManagement_App2_FIXED_OldGraphics/Middlewares_patch/rfal/Src/rfal_isoDep.c:2727:12:rfalIsoDepGetApduTransceiveStatus	96	static
