C:/Users/boudjatf/OneDrive - STMicroelectronics/Documents/STM32 Labs/Stock Management Final Projects/STM32L476_NFC08A1_StockEntryHelp/Src/app_x-cube-nfcx.c:57:6:MX_X_CUBE_NFC6_Init	8	static
C:/Users/boudjatf/OneDrive - STMicroelectronics/Documents/STM32 Labs/Stock Management Final Projects/STM32L476_NFC08A1_StockEntryHelp/Src/app_x-cube-nfcx.c:81:6:MX_X_CUBE_NFC6_Process	8	static
C:/Users/boudjatf/OneDrive - STMicroelectronics/Documents/STM32 Labs/Stock Management Final Projects/STM32L476_NFC08A1_StockEntryHelp/Src/app_x-cube-nfcx.c:96:6:MX_NFC8_PollingTagDetectNDEF_Init	16	static
C:/Users/boudjatf/OneDrive - STMicroelectronics/Documents/STM32 Labs/Stock Management Final Projects/STM32L476_NFC08A1_StockEntryHelp/Src/app_x-cube-nfcx.c:164:19:UARTConsolePrint	16	static
C:/Users/boudjatf/OneDrive - STMicroelectronics/Documents/STM32 Labs/Stock Management Final Projects/STM32L476_NFC08A1_StockEntryHelp/Src/app_x-cube-nfcx.c:174:19:UARTConsoleScan	16	static
C:/Users/boudjatf/OneDrive - STMicroelectronics/Documents/STM32 Labs/Stock Management Final Projects/STM32L476_NFC08A1_StockEntryHelp/Src/app_x-cube-nfcx.c:188:9:BSP_NFC0XCOMM_SendRecv	40	static
C:/Users/boudjatf/OneDrive - STMicroelectronics/Documents/STM32 Labs/Stock Management Final Projects/STM32L476_NFC08A1_StockEntryHelp/Src/app_x-cube-nfcx.c:225:13:BSP_SPI1_IRQ_Callback	8	static
