C:/Users/boudjatf/OneDrive - STMicroelectronics/Documents/STM32 Labs/Stock Management Final Projects/STM32L476_NFC08A1_StockEntryHelp/Src/main.c:65:5:main	8	static
C:/Users/boudjatf/OneDrive - STMicroelectronics/Documents/STM32 Labs/Stock Management Final Projects/STM32L476_NFC08A1_StockEntryHelp/Src/main.c:111:6:SystemClock_Config	96	static
C:/Users/boudjatf/OneDrive - STMicroelectronics/Documents/STM32 Labs/Stock Management Final Projects/STM32L476_NFC08A1_StockEntryHelp/Src/main.c:161:13:MX_GPIO_Init	40	static
C:/Users/boudjatf/OneDrive - STMicroelectronics/Documents/STM32 Labs/Stock Management Final Projects/STM32L476_NFC08A1_StockEntryHelp/Src/main.c:224:6:Error_Handler	4	static,ignoring_inline_asm
