C:/Users/boudjatf/OneDrive - STMicroelectronics/Documents/STM32 Labs/Stock Management Final Projects/STM32L476_NFC08A1_StockEntryHelp/Src/ndef_dump.c:93:13:isPrintableASCII	24	static
C:/Users/boudjatf/OneDrive - STMicroelectronics/Documents/STM32 Labs/Stock Management Final Projects/STM32L476_NFC08A1_StockEntryHelp/Src/ndef_dump.c:112:12:ndefRecordDump	72	static
C:/Users/boudjatf/OneDrive - STMicroelectronics/Documents/STM32 Labs/Stock Management Final Projects/STM32L476_NFC08A1_StockEntryHelp/Src/ndef_dump.c:197:12:ndefMessageDump	24	static
C:/Users/boudjatf/OneDrive - STMicroelectronics/Documents/STM32 Labs/Stock Management Final Projects/STM32L476_NFC08A1_StockEntryHelp/Src/ndef_dump.c:230:12:ndefFlatPayloadTypeDump	16	static
C:/Users/boudjatf/OneDrive - STMicroelectronics/Documents/STM32 Labs/Stock Management Final Projects/STM32L476_NFC08A1_StockEntryHelp/Src/ndef_dump.c:245:12:ndefEmptyTypeDump	16	static
C:/Users/boudjatf/OneDrive - STMicroelectronics/Documents/STM32 Labs/Stock Management Final Projects/STM32L476_NFC08A1_StockEntryHelp/Src/ndef_dump.c:260:12:ndefRtdDeviceInfoDump	72	static
C:/Users/boudjatf/OneDrive - STMicroelectronics/Documents/STM32 Labs/Stock Management Final Projects/STM32L476_NFC08A1_StockEntryHelp/Src/ndef_dump.c:311:12:ndefRtdTextDump	40	static
C:/Users/boudjatf/OneDrive - STMicroelectronics/Documents/STM32 Labs/Stock Management Final Projects/STM32L476_NFC08A1_StockEntryHelp/Src/ndef_dump.c:335:12:ndefRtdUriDump	40	static
C:/Users/boudjatf/OneDrive - STMicroelectronics/Documents/STM32 Labs/Stock Management Final Projects/STM32L476_NFC08A1_StockEntryHelp/Src/ndef_dump.c:355:12:ndefRtdAarDump	32	static
C:/Users/boudjatf/OneDrive - STMicroelectronics/Documents/STM32 Labs/Stock Management Final Projects/STM32L476_NFC08A1_StockEntryHelp/Src/ndef_dump.c:373:12:ndefRtdWlcCapabilityDump	32	static
C:/Users/boudjatf/OneDrive - STMicroelectronics/Documents/STM32 Labs/Stock Management Final Projects/STM32L476_NFC08A1_StockEntryHelp/Src/ndef_dump.c:399:12:ndefRtdWlcStatusInfoDump	80	static
C:/Users/boudjatf/OneDrive - STMicroelectronics/Documents/STM32 Labs/Stock Management Final Projects/STM32L476_NFC08A1_StockEntryHelp/Src/ndef_dump.c:435:12:ndefRtdWlcInfoDump	32	static
C:/Users/boudjatf/OneDrive - STMicroelectronics/Documents/STM32 Labs/Stock Management Final Projects/STM32L476_NFC08A1_StockEntryHelp/Src/ndef_dump.c:458:12:ndefRtdWlcControlDump	32	static
C:/Users/boudjatf/OneDrive - STMicroelectronics/Documents/STM32 Labs/Stock Management Final Projects/STM32L476_NFC08A1_StockEntryHelp/Src/ndef_dump.c:489:12:ndefRtdWpcWlcDump	40	static
C:/Users/boudjatf/OneDrive - STMicroelectronics/Documents/STM32 Labs/Stock Management Final Projects/STM32L476_NFC08A1_StockEntryHelp/Src/ndef_dump.c:544:12:ndefRtdTnepServiceParamDump	56	static
C:/Users/boudjatf/OneDrive - STMicroelectronics/Documents/STM32 Labs/Stock Management Final Projects/STM32L476_NFC08A1_StockEntryHelp/Src/ndef_dump.c:571:12:ndefRtdTnepServiceSelectDump	32	static
C:/Users/boudjatf/OneDrive - STMicroelectronics/Documents/STM32 Labs/Stock Management Final Projects/STM32L476_NFC08A1_StockEntryHelp/Src/ndef_dump.c:588:12:ndefRtdTnepStatusDump	24	static
C:/Users/boudjatf/OneDrive - STMicroelectronics/Documents/STM32 Labs/Stock Management Final Projects/STM32L476_NFC08A1_StockEntryHelp/Src/ndef_dump.c:607:12:ndefMediaTypeDump	40	static
C:/Users/boudjatf/OneDrive - STMicroelectronics/Documents/STM32 Labs/Stock Management Final Projects/STM32L476_NFC08A1_StockEntryHelp/Src/ndef_dump.c:627:12:ndefBluetoothEirDump	176	static
C:/Users/boudjatf/OneDrive - STMicroelectronics/Documents/STM32 Labs/Stock Management Final Projects/STM32L476_NFC08A1_StockEntryHelp/Src/ndef_dump.c:649:12:ndefBluetoothDump	272	static
C:/Users/boudjatf/OneDrive - STMicroelectronics/Documents/STM32 Labs/Stock Management Final Projects/STM32L476_NFC08A1_StockEntryHelp/Src/ndef_dump.c:743:12:ndefMediaVCardDump	368	static
C:/Users/boudjatf/OneDrive - STMicroelectronics/Documents/STM32 Labs/Stock Management Final Projects/STM32L476_NFC08A1_StockEntryHelp/Src/ndef_dump.c:831:12:ndefMediaWifiDump	40	static
C:/Users/boudjatf/OneDrive - STMicroelectronics/Documents/STM32 Labs/Stock Management Final Projects/STM32L476_NFC08A1_StockEntryHelp/Src/ndef_dump.c:852:12:ndefTypeDump	24	static
C:/Users/boudjatf/OneDrive - STMicroelectronics/Documents/STM32 Labs/Stock Management Final Projects/STM32L476_NFC08A1_StockEntryHelp/Src/ndef_dump.c:927:12:ndefRecordDumpType	120	static
C:/Users/boudjatf/OneDrive - STMicroelectronics/Documents/STM32 Labs/Stock Management Final Projects/STM32L476_NFC08A1_StockEntryHelp/Src/ndef_dump.c:942:19:ndefBufferDumpLine	32	static
C:/Users/boudjatf/OneDrive - STMicroelectronics/Documents/STM32 Labs/Stock Management Final Projects/STM32L476_NFC08A1_StockEntryHelp/Src/ndef_dump.c:982:12:ndefBufferDump	48	static
C:/Users/boudjatf/OneDrive - STMicroelectronics/Documents/STM32 Labs/Stock Management Final Projects/STM32L476_NFC08A1_StockEntryHelp/Src/ndef_dump.c:1025:12:ndefBufferPrint	32	static
C:/Users/boudjatf/OneDrive - STMicroelectronics/Documents/STM32 Labs/Stock Management Final Projects/STM32L476_NFC08A1_StockEntryHelp/Src/ndef_dump.c:1050:12:ndefBuffer8Print	32	static
