D:/ST_Internship/STM32 Labs/Stock Management Final Projects/STM32L476_NFC08A1_StockEntryHelp/Middlewares/ST/rfal/Src/rfal_nfcf.c:156:13:rfalNfcfComputeValidSENF	64	static
D:/ST_Internship/STM32 Labs/Stock Management Final Projects/STM32L476_NFC08A1_StockEntryHelp/Middlewares/ST/rfal/Src/rfal_nfcf.c:237:12:rfalNfcfPollerInitialize	24	static
D:/ST_Internship/STM32 Labs/Stock Management Final Projects/STM32L476_NFC08A1_StockEntryHelp/Middlewares/ST/rfal/Src/rfal_nfcf.c:257:12:rfalNfcfPollerPoll	40	static
D:/ST_Internship/STM32 Labs/Stock Management Final Projects/STM32L476_NFC08A1_StockEntryHelp/Middlewares/ST/rfal/Src/rfal_nfcf.c:263:12:rfalNfcfPollerCheckPresence	16	static
D:/ST_Internship/STM32 Labs/Stock Management Final Projects/STM32L476_NFC08A1_StockEntryHelp/Middlewares/ST/rfal/Src/rfal_nfcf.c:274:12:rfalNfcfPollerStartCheckPresence	24	static
D:/ST_Internship/STM32 Labs/Stock Management Final Projects/STM32L476_NFC08A1_StockEntryHelp/Middlewares/ST/rfal/Src/rfal_nfcf.c:286:12:rfalNfcfPollerGetCheckPresenceStatus	8	static
D:/ST_Internship/STM32 Labs/Stock Management Final Projects/STM32L476_NFC08A1_StockEntryHelp/Middlewares/ST/rfal/Src/rfal_nfcf.c:293:12:rfalNfcfPollerCollisionResolution	32	static
D:/ST_Internship/STM32 Labs/Stock Management Final Projects/STM32L476_NFC08A1_StockEntryHelp/Middlewares/ST/rfal/Src/rfal_nfcf.c:305:12:rfalNfcfPollerStartCollisionResolution	32	static
D:/ST_Internship/STM32 Labs/Stock Management Final Projects/STM32L476_NFC08A1_StockEntryHelp/Middlewares/ST/rfal/Src/rfal_nfcf.c:335:12:rfalNfcfPollerGetCollisionResolutionStatus	32	static
D:/ST_Internship/STM32 Labs/Stock Management Final Projects/STM32L476_NFC08A1_StockEntryHelp/Middlewares/ST/rfal/Src/rfal_nfcf.c:413:12:rfalNfcfPollerCheck	136	static
D:/ST_Internship/STM32 Labs/Stock Management Final Projects/STM32L476_NFC08A1_StockEntryHelp/Middlewares/ST/rfal/Src/rfal_nfcf.c:501:12:rfalNfcfPollerUpdate	56	static
D:/ST_Internship/STM32 Labs/Stock Management Final Projects/STM32L476_NFC08A1_StockEntryHelp/Middlewares/ST/rfal/Src/rfal_nfcf.c:601:6:rfalNfcfListenerIsT3TReq	24	static
