C:/TouchGFXProjects/StockManagement_App2_FIXED_OldGraphics/StockManagement_App2_FIXED_OldGraphics/Drivers/BSP/S2868A1/s2868a1.c:46:13:S2868A1_SPI_CS_Init	8	static
C:/TouchGFXProjects/StockManagement_App2_FIXED_OldGraphics/StockManagement_App2_FIXED_OldGraphics/Drivers/BSP/S2868A1/s2868a1.c:59:9:S2868A1_SPI_SendRecvWrapper	32	static
C:/TouchGFXProjects/StockManagement_App2_FIXED_OldGraphics/StockManagement_App2_FIXED_OldGraphics/Drivers/BSP/S2868A1/s2868a1.c:85:16:EEPROM_WaitEndWriteOperation	24	static
C:/TouchGFXProjects/StockManagement_App2_FIXED_OldGraphics/StockManagement_App2_FIXED_OldGraphics/Drivers/BSP/S2868A1/s2868a1.c:117:9:S2868A1_RADIO_Init	24	static
C:/TouchGFXProjects/StockManagement_App2_FIXED_OldGraphics/StockManagement_App2_FIXED_OldGraphics/Drivers/BSP/S2868A1/s2868a1.c:138:9:S2868A1_RADIO_DeInit	8	static
C:/TouchGFXProjects/StockManagement_App2_FIXED_OldGraphics/StockManagement_App2_FIXED_OldGraphics/Drivers/BSP/S2868A1/s2868a1.c:148:9:S2868A1_RADIO_GetWakeUpTime	4	static
C:/TouchGFXProjects/StockManagement_App2_FIXED_OldGraphics/StockManagement_App2_FIXED_OldGraphics/Drivers/BSP/S2868A1/s2868a1.c:157:9:S2868A1_RADIO_EnterShutdown	8	static
C:/TouchGFXProjects/StockManagement_App2_FIXED_OldGraphics/StockManagement_App2_FIXED_OldGraphics/Drivers/BSP/S2868A1/s2868a1.c:167:9:S2868A1_RADIO_ExitShutdown	8	static
C:/TouchGFXProjects/StockManagement_App2_FIXED_OldGraphics/StockManagement_App2_FIXED_OldGraphics/Drivers/BSP/S2868A1/s2868a1.c:180:9:S2868A1_RADIO_CheckShutdown	16	static
C:/TouchGFXProjects/StockManagement_App2_FIXED_OldGraphics/StockManagement_App2_FIXED_OldGraphics/Drivers/BSP/S2868A1/s2868a1.c:191:9:S2868A1_RADIO_CheckRfFrequency	16	static
C:/TouchGFXProjects/StockManagement_App2_FIXED_OldGraphics/StockManagement_App2_FIXED_OldGraphics/Drivers/BSP/S2868A1/s2868a1.c:212:9:S2868A1_RADIO_IoIrqEnable	16	static
C:/TouchGFXProjects/StockManagement_App2_FIXED_OldGraphics/StockManagement_App2_FIXED_OldGraphics/Drivers/BSP/S2868A1/s2868a1.c:225:9:S2868A1_RADIO_IoIrqDisable	16	static
C:/TouchGFXProjects/StockManagement_App2_FIXED_OldGraphics/StockManagement_App2_FIXED_OldGraphics/Drivers/BSP/S2868A1/s2868a1.c:236:9:S2868A1_EEPROM_Init	16	static
C:/TouchGFXProjects/StockManagement_App2_FIXED_OldGraphics/StockManagement_App2_FIXED_OldGraphics/Drivers/BSP/S2868A1/s2868a1.c:251:9:BSP_EEPROM_SetSrwd	24	static
C:/TouchGFXProjects/StockManagement_App2_FIXED_OldGraphics/StockManagement_App2_FIXED_OldGraphics/Drivers/BSP/S2868A1/s2868a1.c:273:9:BSP_EEPROM_ResetSrwd	24	static
C:/TouchGFXProjects/StockManagement_App2_FIXED_OldGraphics/StockManagement_App2_FIXED_OldGraphics/Drivers/BSP/S2868A1/s2868a1.c:298:9:BSP_EEPROM_WriteEnable	24	static
C:/TouchGFXProjects/StockManagement_App2_FIXED_OldGraphics/StockManagement_App2_FIXED_OldGraphics/Drivers/BSP/S2868A1/s2868a1.c:331:9:S2868A1_EEPROM_WritePage	296	static
C:/TouchGFXProjects/StockManagement_App2_FIXED_OldGraphics/StockManagement_App2_FIXED_OldGraphics/Drivers/BSP/S2868A1/s2868a1.c:372:9:S2868A1_EEPROM_ReadPage	296	static
C:/TouchGFXProjects/StockManagement_App2_FIXED_OldGraphics/StockManagement_App2_FIXED_OldGraphics/Drivers/BSP/S2868A1/s2868a1.c:405:9:S2868A1_EEPROM_IsReady	32	static
C:/TouchGFXProjects/StockManagement_App2_FIXED_OldGraphics/StockManagement_App2_FIXED_OldGraphics/Drivers/BSP/S2868A1/s2868a1.c:429:13:FEM_Operation	16	static
