../Drivers/BSP/Components/S2LP/S2LP_Library/src/S2LP_Radio.c:191:6:S2LPRadioSearchDatarateME	216	static
../Drivers/BSP/Components/S2LP/S2LP_Library/src/S2LP_Radio.c:235:6:S2LPRadioSearchFreqDevME	216	static
../Drivers/BSP/Components/S2LP/S2LP_Library/src/S2LP_Radio.c:290:6:S2LPRadioSearchChannelBwME	104	static
../Drivers/BSP/Components/S2LP/S2LP_Library/src/S2LP_Radio.c:338:10:S2LPRadioComputeDatarate	96	static
../Drivers/BSP/Components/S2LP/S2LP_Library/src/S2LP_Radio.c:365:10:S2LPRadioComputeFreqDeviation	80	static
../Drivers/BSP/Components/S2LP/S2LP_Library/src/S2LP_Radio.c:383:10:S2LPRadioComputeChannelFilterBw	80	static
../Drivers/BSP/Components/S2LP/S2LP_Library/src/S2LP_Radio.c:403:10:S2LPRadioComputeFrequencyBase	56	static
../Drivers/BSP/Components/S2LP/S2LP_Library/src/S2LP_Radio.c:415:10:S2LPRadioComputeSynthWord	160	static
../Drivers/BSP/Components/S2LP/S2LP_Library/src/S2LP_Radio.c:446:9:S2LPRadioComputeChannelSpacingRegValue	16	static
../Drivers/BSP/Components/S2LP/S2LP_Library/src/S2LP_Radio.c:458:10:S2LPRadioComputeChannelSpacing	32	static
../Drivers/BSP/Components/S2LP/S2LP_Library/src/S2LP_Radio.c:472:6:S2LPRadioComputeIF	96	static
../Drivers/BSP/Components/S2LP/S2LP_Library/src/S2LP_Radio.c:496:6:S2LPRadioSearchWCP	40	static
../Drivers/BSP/Components/S2LP/S2LP_Library/src/S2LP_Radio.c:556:9:S2LPRadioInit	40	static
../Drivers/BSP/Components/S2LP/S2LP_Library/src/S2LP_Radio.c:672:6:S2LPRadioGetInfo	40	static
../Drivers/BSP/Components/S2LP/S2LP_Library/src/S2LP_Radio.c:732:6:S2LPRadioSetSynthWord	24	static
../Drivers/BSP/Components/S2LP/S2LP_Library/src/S2LP_Radio.c:755:10:S2LPRadioGetSynthWord	16	static
../Drivers/BSP/Components/S2LP/S2LP_Library/src/S2LP_Radio.c:768:6:S2LPRadioSetChannel	16	static
../Drivers/BSP/Components/S2LP/S2LP_Library/src/S2LP_Radio.c:779:9:S2LPRadioGetChannel	16	static
../Drivers/BSP/Components/S2LP/S2LP_Library/src/S2LP_Radio.c:792:6:S2LPRadioSetRefDiv	24	static
../Drivers/BSP/Components/S2LP/S2LP_Library/src/S2LP_Radio.c:814:18:S2LPRadioGetRefDiv	16	static
../Drivers/BSP/Components/S2LP/S2LP_Library/src/S2LP_Radio.c:833:6:S2LPRadioSetDigDiv	24	static
../Drivers/BSP/Components/S2LP/S2LP_Library/src/S2LP_Radio.c:854:18:S2LPRadioGetDigDiv	16	static
../Drivers/BSP/Components/S2LP/S2LP_Library/src/S2LP_Radio.c:874:6:S2LPRadioSetChannelSpace	24	static
../Drivers/BSP/Components/S2LP/S2LP_Library/src/S2LP_Radio.c:888:10:S2LPRadioGetChannelSpace	16	static
../Drivers/BSP/Components/S2LP/S2LP_Library/src/S2LP_Radio.c:903:9:S2LPRadioSetFrequencyBase	40	static
../Drivers/BSP/Components/S2LP/S2LP_Library/src/S2LP_Radio.c:943:10:S2LPRadioGetFrequencyBase	24	static
../Drivers/BSP/Components/S2LP/S2LP_Library/src/S2LP_Radio.c:975:6:S2LPRadioSetDatarate	24	static
../Drivers/BSP/Components/S2LP/S2LP_Library/src/S2LP_Radio.c:1010:10:S2LPRadioGetDatarate	16	static
../Drivers/BSP/Components/S2LP/S2LP_Library/src/S2LP_Radio.c:1029:6:S2LPRadioSetFrequencyDev	24	static
../Drivers/BSP/Components/S2LP/S2LP_Library/src/S2LP_Radio.c:1052:10:S2LPRadioGetFrequencyDev	24	static
../Drivers/BSP/Components/S2LP/S2LP_Library/src/S2LP_Radio.c:1080:6:S2LPRadioSetChannelBW	24	static
../Drivers/BSP/Components/S2LP/S2LP_Library/src/S2LP_Radio.c:1106:10:S2LPRadioGetChannelBW	16	static
../Drivers/BSP/Components/S2LP/S2LP_Library/src/S2LP_Radio.c:1126:6:S2LPRadioSetModulation	24	static
../Drivers/BSP/Components/S2LP/S2LP_Library/src/S2LP_Radio.c:1143:18:S2LPRadioGetModulation	16	static
../Drivers/BSP/Components/S2LP/S2LP_Library/src/S2LP_Radio.c:1159:6:S2LPRadioSetXtalFrequency	16	static
../Drivers/BSP/Components/S2LP/S2LP_Library/src/S2LP_Radio.c:1170:10:S2LPRadioGetXtalFrequency	4	static
../Drivers/BSP/Components/S2LP/S2LP_Library/src/S2LP_Radio.c:1181:6:S2LPRadioSetMaxPALevel	24	static
../Drivers/BSP/Components/S2LP/S2LP_Library/src/S2LP_Radio.c:1206:6:S2LPRadioSetPALeveldBm	24	static
../Drivers/BSP/Components/S2LP/S2LP_Library/src/S2LP_Radio.c:1233:9:S2LPRadioGetPALeveldBm	24	static
../Drivers/BSP/Components/S2LP/S2LP_Library/src/S2LP_Radio.c:1251:6:S2LPRadioSetPALevelMaxIndex	24	static
../Drivers/BSP/Components/S2LP/S2LP_Library/src/S2LP_Radio.c:1268:9:S2LPRadioGetPALevelMaxIndex	16	static
../Drivers/BSP/Components/S2LP/S2LP_Library/src/S2LP_Radio.c:1287:6:S2LPRadioSetAutoRampingMode	24	static
../Drivers/BSP/Components/S2LP/S2LP_Library/src/S2LP_Radio.c:1315:6:S2LPRadioSetManualRampingMode	24	static
../Drivers/BSP/Components/S2LP/S2LP_Library/src/S2LP_Radio.c:1339:6:S2LPRadioCalibrationVco	24	static
../Drivers/BSP/Components/S2LP/S2LP_Library/src/S2LP_Radio.c:1366:6:S2LPRadioSetTxCalibVcoAmpWord	16	static
../Drivers/BSP/Components/S2LP/S2LP_Library/src/S2LP_Radio.c:1377:6:S2LPRadioSetRxCalibVcoAmpWord	16	static
../Drivers/BSP/Components/S2LP/S2LP_Library/src/S2LP_Radio.c:1388:6:S2LPRadioSetTxCalibVcoFreqWord	16	static
../Drivers/BSP/Components/S2LP/S2LP_Library/src/S2LP_Radio.c:1398:6:S2LPRadioSetRxCalibVcoFreqWord	16	static
../Drivers/BSP/Components/S2LP/S2LP_Library/src/S2LP_Radio.c:1409:6:S2LPRadioAfcInit	24	static
../Drivers/BSP/Components/S2LP/S2LP_Library/src/S2LP_Radio.c:1457:6:S2LPRadioGetAfcInfo	24	static
../Drivers/BSP/Components/S2LP/S2LP_Library/src/S2LP_Radio.c:1479:6:S2LPRadioSetIsiEqualizationMode	24	static
../Drivers/BSP/Components/S2LP/S2LP_Library/src/S2LP_Radio.c:1496:9:S2LPRadioGetIsiEqualizationMode	16	static
../Drivers/BSP/Components/S2LP/S2LP_Library/src/S2LP_Radio.c:1511:6:S2LPRadioSymClkRecoverInit	24	static
../Drivers/BSP/Components/S2LP/S2LP_Library/src/S2LP_Radio.c:1544:6:S2LPRadioGetSymClkRecoverInfo	24	static
