../Drivers/BSP/Components/S2LP/S2LP_Library/src/S2LP_PacketHandler.c:116:9:S2LPGetPacketFormat	16	static
../Drivers/BSP/Components/S2LP/S2LP_Library/src/S2LP_PacketHandler.c:141:6:S2LPSetPreambleLength	24	static
../Drivers/BSP/Components/S2LP/S2LP_Library/src/S2LP_PacketHandler.c:164:10:S2LPGetPreambleLength	16	static
../Drivers/BSP/Components/S2LP/S2LP_Library/src/S2LP_PacketHandler.c:182:6:S2LPSetSyncLength	24	static
../Drivers/BSP/Components/S2LP/S2LP_Library/src/S2LP_PacketHandler.c:203:9:S2LPGetSyncLength	16	static
../Drivers/BSP/Components/S2LP/S2LP_Library/src/S2LP_PacketHandler.c:218:6:S2LPPacketHandlerWhitening	24	static
../Drivers/BSP/Components/S2LP/S2LP_Library/src/S2LP_PacketHandler.c:240:6:S2LPPacketHandlerFec	24	static
../Drivers/BSP/Components/S2LP/S2LP_Library/src/S2LP_PacketHandler.c:261:6:S2LPPacketHandlerManchester	24	static
../Drivers/BSP/Components/S2LP/S2LP_Library/src/S2LP_PacketHandler.c:280:6:S2LPPacketHandler3OutOf6	24	static
../Drivers/BSP/Components/S2LP/S2LP_Library/src/S2LP_PacketHandler.c:300:6:S2LPSetSyncWords	32	static
../Drivers/BSP/Components/S2LP/S2LP_Library/src/S2LP_PacketHandler.c:328:6:S2LPGetSyncWords	24	static
../Drivers/BSP/Components/S2LP/S2LP_Library/src/S2LP_PacketHandler.c:351:6:S2LPPktCommonFilterOnCrc	24	static
../Drivers/BSP/Components/S2LP/S2LP_Library/src/S2LP_PacketHandler.c:374:9:S2LPGetReceivedDestinationAddress	16	static
../Drivers/BSP/Components/S2LP/S2LP_Library/src/S2LP_PacketHandler.c:387:9:S2LPGetReceivedSourceAddress	16	static
../Drivers/BSP/Components/S2LP/S2LP_Library/src/S2LP_PacketHandler.c:400:9:S2LPGetMyAddress	16	static
../Drivers/BSP/Components/S2LP/S2LP_Library/src/S2LP_PacketHandler.c:413:9:S2LPGetBroadcastAddress	16	static
../Drivers/BSP/Components/S2LP/S2LP_Library/src/S2LP_PacketHandler.c:426:9:S2LPGetMulticastAddress	16	static
../Drivers/BSP/Components/S2LP/S2LP_Library/src/S2LP_PacketHandler.c:439:9:S2LPGetRxSourceMask	16	static
../Drivers/BSP/Components/S2LP/S2LP_Library/src/S2LP_PacketHandler.c:452:9:S2LPGetRxSourceReferenceAddress	16	static
../Drivers/BSP/Components/S2LP/S2LP_Library/src/S2LP_PacketHandler.c:466:6:S2LPSetRxSourceMask	16	static
../Drivers/BSP/Components/S2LP/S2LP_Library/src/S2LP_PacketHandler.c:477:6:S2LPSetRxSourceReferenceAddress	16	static
../Drivers/BSP/Components/S2LP/S2LP_Library/src/S2LP_PacketHandler.c:488:6:S2LPSetBroadcastAddress	16	static
../Drivers/BSP/Components/S2LP/S2LP_Library/src/S2LP_PacketHandler.c:499:6:S2LPSetMulticastAddress	16	static
../Drivers/BSP/Components/S2LP/S2LP_Library/src/S2LP_PacketHandler.c:511:6:S2LPSetMyAddress	16	static
../Drivers/BSP/Components/S2LP/S2LP_Library/src/S2LP_PacketHandler.c:525:6:S2LPPacketHandlerSetRxMode	24	static
../Drivers/BSP/Components/S2LP/S2LP_Library/src/S2LP_PacketHandler.c:543:10:S2LPPacketHandlerGetRxMode	16	static
../Drivers/BSP/Components/S2LP/S2LP_Library/src/S2LP_PacketHandler.c:558:6:S2LPPacketHandlerSetTxMode	24	static
../Drivers/BSP/Components/S2LP/S2LP_Library/src/S2LP_PacketHandler.c:575:10:S2LPPacketHandlerGetTxMode	16	static
../Drivers/BSP/Components/S2LP/S2LP_Library/src/S2LP_PacketHandler.c:587:9:S2LPPacketHandlerGetTransmittedSeqNumber	16	static
../Drivers/BSP/Components/S2LP/S2LP_Library/src/S2LP_PacketHandler.c:604:6:S2LPPacketHandlerSetExtendedLenField	24	static
../Drivers/BSP/Components/S2LP/S2LP_Library/src/S2LP_PacketHandler.c:625:6:S2LPPacketHandlerSwap4FSKSymbol	24	static
../Drivers/BSP/Components/S2LP/S2LP_Library/src/S2LP_PacketHandler.c:646:6:S2LPPacketHandlerSwapFifoEndianess	24	static
../Drivers/BSP/Components/S2LP/S2LP_Library/src/S2LP_PacketHandler.c:667:6:S2LPPacketHandlerSwapPreamblePattern	24	static
../Drivers/BSP/Components/S2LP/S2LP_Library/src/S2LP_PacketHandler.c:689:6:S2LPPacketHandlerSetVariableLength	24	static
../Drivers/BSP/Components/S2LP/S2LP_Library/src/S2LP_PacketHandler.c:710:6:S2LPPacketHandlerSetCrcMode	24	static
../Drivers/BSP/Components/S2LP/S2LP_Library/src/S2LP_PacketHandler.c:728:12:S2LPPacketHandlerGetCrcMode	16	static
../Drivers/BSP/Components/S2LP/S2LP_Library/src/S2LP_PacketHandler.c:746:6:S2LPPacketHandlerSelectSecondarySync	24	static
../Drivers/BSP/Components/S2LP/S2LP_Library/src/S2LP_PacketHandler.c:769:6:S2LPPacketHandlerSetAutoPcktFilter	24	static
../Drivers/BSP/Components/S2LP/S2LP_Library/src/S2LP_PacketHandler.c:791:6:S2LPPacketHandlerSetRxPersistentMode	24	static
../Drivers/BSP/Components/S2LP/S2LP_Library/src/S2LP_PacketHandler.c:812:6:S2LPPacketHandlerSetSrcAddrFlt	24	static
../Drivers/BSP/Components/S2LP/S2LP_Library/src/S2LP_PacketHandler.c:834:6:S2LPSetDualSyncWords	24	static
../Drivers/BSP/Components/S2LP/S2LP_Library/src/S2LP_PacketHandler.c:852:6:S2LPGetDualSyncWords	24	static
