../Drivers/BSP/Components/S2LP/S2LP_Library/src/S2LP_PktStack.c:82:6:S2LPPktStackInit	24	static
../Drivers/BSP/Components/S2LP/S2LP_Library/src/S2LP_PktStack.c:166:6:S2LPPktStackGetInfo	24	static
../Drivers/BSP/Components/S2LP/S2LP_Library/src/S2LP_PktStack.c:210:6:S2LPPktStackAddressesInit	24	static
../Drivers/BSP/Components/S2LP/S2LP_Library/src/S2LP_PktStack.c:261:6:S2LPPktStackGetAddressesInfo	24	static
../Drivers/BSP/Components/S2LP/S2LP_Library/src/S2LP_PktStack.c:282:6:S2LPPktStackSetFormat	16	static
../Drivers/BSP/Components/S2LP/S2LP_Library/src/S2LP_PktStack.c:313:6:S2LPPktStackSetPayloadLength	24	static
../Drivers/BSP/Components/S2LP/S2LP_Library/src/S2LP_PktStack.c:333:10:S2LPPktStackGetPayloadLength	16	static
../Drivers/BSP/Components/S2LP/S2LP_Library/src/S2LP_PktStack.c:351:10:S2LPPktStackGetReceivedPktLength	16	static
../Drivers/BSP/Components/S2LP/S2LP_Library/src/S2LP_PktStack.c:369:6:S2LPPktStackAutoAck	24	static
../Drivers/BSP/Components/S2LP/S2LP_Library/src/S2LP_PktStack.c:391:6:S2LPPktStackNRetx	24	static
../Drivers/BSP/Components/S2LP/S2LP_Library/src/S2LP_PktStack.c:409:13:S2LPPktStackGetTXAckRequest	16	static
../Drivers/BSP/Components/S2LP/S2LP_Library/src/S2LP_PktStack.c:425:6:S2LPPktStackAckRequest	24	static
../Drivers/BSP/Components/S2LP/S2LP_Library/src/S2LP_PktStack.c:447:6:S2LPPktStackPiggybacking	24	static
../Drivers/BSP/Components/S2LP/S2LP_Library/src/S2LP_PktStack.c:470:6:S2LPPktStackSeqNumForReload	24	static
../Drivers/BSP/Components/S2LP/S2LP_Library/src/S2LP_PktStack.c:486:9:S2LPPktStackGetNReTx	16	static
