../Drivers/BSP/Components/S2LP/S2LP_Library/src/S2LP_Csma.c:114:6:S2LPCsmaInit	24	static
../Drivers/BSP/Components/S2LP/S2LP_Library/src/S2LP_Csma.c:164:6:S2LPCsmaGetInfo	24	static
../Drivers/BSP/Components/S2LP/S2LP_Library/src/S2LP_Csma.c:201:6:S2LPCsma	24	static
../Drivers/BSP/Components/S2LP/S2LP_Library/src/S2LP_Csma.c:231:18:S2LPCsmaGetCsma	16	static
../Drivers/BSP/Components/S2LP/S2LP_Library/src/S2LP_Csma.c:254:6:S2LPCsmaPersistentMode	24	static
../Drivers/BSP/Components/S2LP/S2LP_Library/src/S2LP_Csma.c:279:18:S2LPCsmaGetPersistentMode	16	static
../Drivers/BSP/Components/S2LP/S2LP_Library/src/S2LP_Csma.c:301:6:S2LPCsmaSeedReloadMode	24	static
../Drivers/BSP/Components/S2LP/S2LP_Library/src/S2LP_Csma.c:326:18:S2LPCsmaGetSeedReloadMode	16	static
../Drivers/BSP/Components/S2LP/S2LP_Library/src/S2LP_Csma.c:348:6:S2LPCsmaSetBuCounterSeed	24	static
../Drivers/BSP/Components/S2LP/S2LP_Library/src/S2LP_Csma.c:365:10:S2LPCsmaGetBuCounterSeed	16	static
../Drivers/BSP/Components/S2LP/S2LP_Library/src/S2LP_Csma.c:381:6:S2LPCsmaSetBuPrescaler	24	static
../Drivers/BSP/Components/S2LP/S2LP_Library/src/S2LP_Csma.c:400:9:S2LPCsmaGetBuPrescaler	16	static
../Drivers/BSP/Components/S2LP/S2LP_Library/src/S2LP_Csma.c:416:6:S2LPCsmaSetCcaPeriod	24	static
../Drivers/BSP/Components/S2LP/S2LP_Library/src/S2LP_Csma.c:436:9:S2LPCsmaGetCcaPeriod	16	static
../Drivers/BSP/Components/S2LP/S2LP_Library/src/S2LP_Csma.c:452:6:S2LPCsmaSetCcaLength	24	static
../Drivers/BSP/Components/S2LP/S2LP_Library/src/S2LP_Csma.c:472:9:S2LPCsmaGetCcaLength	16	static
../Drivers/BSP/Components/S2LP/S2LP_Library/src/S2LP_Csma.c:488:6:S2LPCsmaSetMaxNumberBackoff	24	static
../Drivers/BSP/Components/S2LP/S2LP_Library/src/S2LP_Csma.c:506:9:S2LPCsmaGetMaxNumberBackoff	16	static
