../Drivers/BSP/Components/S2LP/S2LP_Library/src/S2LP_Fifo.c:101:9:S2LPFifoReadNumberBytesRxFifo	16	static
../Drivers/BSP/Components/S2LP/S2LP_Library/src/S2LP_Fifo.c:115:9:S2LPFifoReadNumberBytesTxFifo	16	static
../Drivers/BSP/Components/S2LP/S2LP_Library/src/S2LP_Fifo.c:132:6:S2LPFifoSetAlmostFullThresholdRx	24	static
../Drivers/BSP/Components/S2LP/S2LP_Library/src/S2LP_Fifo.c:155:9:S2LPFifoGetAlmostFullThresholdRx	16	static
../Drivers/BSP/Components/S2LP/S2LP_Library/src/S2LP_Fifo.c:172:6:S2LPFifoSetAlmostEmptyThresholdRx	24	static
../Drivers/BSP/Components/S2LP/S2LP_Library/src/S2LP_Fifo.c:193:9:S2LPFifoGetAlmostEmptyThresholdRx	16	static
../Drivers/BSP/Components/S2LP/S2LP_Library/src/S2LP_Fifo.c:212:6:S2LPFifoSetAlmostFullThresholdTx	24	static
../Drivers/BSP/Components/S2LP/S2LP_Library/src/S2LP_Fifo.c:235:9:S2LPFifoGetAlmostFullThresholdTx	16	static
../Drivers/BSP/Components/S2LP/S2LP_Library/src/S2LP_Fifo.c:252:6:S2LPFifoSetAlmostEmptyThresholdTx	24	static
../Drivers/BSP/Components/S2LP/S2LP_Library/src/S2LP_Fifo.c:275:9:S2LPFifoGetAlmostEmptyThresholdTx	16	static
../Drivers/BSP/Components/S2LP/S2LP_Library/src/S2LP_Fifo.c:291:6:S2LPFifoMuxRxFifoIrqEnable	24	static
